Component: ARM Compiler 6.16 Tool: armlink [5dfeaa00]

==============================================================================

Section Cross References

    startup_stm32h723xx.o(STACK) refers (Special) to heapauxi.o(.text) for __use_two_region_memory
    startup_stm32h723xx.o(HEAP) refers (Special) to heapauxi.o(.text) for __use_two_region_memory
    startup_stm32h723xx.o(RESET) refers (Special) to heapauxi.o(.text) for __use_two_region_memory
    startup_stm32h723xx.o(RESET) refers to startup_stm32h723xx.o(STACK) for __initial_sp
    startup_stm32h723xx.o(RESET) refers to startup_stm32h723xx.o(.text) for Reset_Handler
    startup_stm32h723xx.o(RESET) refers to stm32h7xx_it.o(.text.NMI_Handler) for NMI_Handler
    startup_stm32h723xx.o(RESET) refers to stm32h7xx_it.o(.text.HardFault_Handler) for HardFault_Handler
    startup_stm32h723xx.o(RESET) refers to stm32h7xx_it.o(.text.MemManage_Handler) for MemManage_Handler
    startup_stm32h723xx.o(RESET) refers to stm32h7xx_it.o(.text.BusFault_Handler) for BusFault_Handler
    startup_stm32h723xx.o(RESET) refers to stm32h7xx_it.o(.text.UsageFault_Handler) for UsageFault_Handler
    startup_stm32h723xx.o(RESET) refers to stm32h7xx_it.o(.text.SVC_Handler) for SVC_Handler
    startup_stm32h723xx.o(RESET) refers to stm32h7xx_it.o(.text.DebugMon_Handler) for DebugMon_Handler
    startup_stm32h723xx.o(RESET) refers to stm32h7xx_it.o(.text.PendSV_Handler) for PendSV_Handler
    startup_stm32h723xx.o(RESET) refers to stm32h7xx_it.o(.text.SysTick_Handler) for SysTick_Handler
    startup_stm32h723xx.o(RESET) refers to stm32h7xx_it.o(.text.EXTI2_IRQHandler) for EXTI2_IRQHandler
    startup_stm32h723xx.o(RESET) refers to stm32h7xx_it.o(.text.EXTI4_IRQHandler) for EXTI4_IRQHandler
    startup_stm32h723xx.o(RESET) refers to stm32h7xx_it.o(.text.DMA1_Stream0_IRQHandler) for DMA1_Stream0_IRQHandler
    startup_stm32h723xx.o(RESET) refers to stm32h7xx_it.o(.text.EXTI9_5_IRQHandler) for EXTI9_5_IRQHandler
    startup_stm32h723xx.o(RESET) refers to stm32h7xx_it.o(.text.EXTI15_10_IRQHandler) for EXTI15_10_IRQHandler
    startup_stm32h723xx.o(.text) refers (Special) to heapauxi.o(.text) for __use_two_region_memory
    startup_stm32h723xx.o(.text) refers to system_stm32h7xx.o(.text.ExitRun0Mode) for ExitRun0Mode
    startup_stm32h723xx.o(.text) refers to system_stm32h7xx.o(.text.SystemInit) for SystemInit
    startup_stm32h723xx.o(.text) refers to __main.o(!!!main) for __main
    startup_stm32h723xx.o(.text) refers to startup_stm32h723xx.o(HEAP) for Heap_Mem
    startup_stm32h723xx.o(.text) refers to startup_stm32h723xx.o(STACK) for Stack_Mem
    main.o(.text.main) refers to main.o(.text.MPU_Config) for MPU_Config
    main.o(.text.main) refers to stm32h7xx_hal.o(.text.HAL_Init) for HAL_Init
    main.o(.text.main) refers to main.o(.text.SystemClock_Config) for SystemClock_Config
    main.o(.text.main) refers to gpio.o(.text.MX_GPIO_Init) for MX_GPIO_Init
    main.o(.text.main) refers to dma.o(.text.MX_DMA_Init) for MX_DMA_Init
    main.o(.text.main) refers to tim.o(.text.MX_TIM1_Init) for MX_TIM1_Init
    main.o(.text.main) refers to adc.o(.text.MX_ADC1_Init) for MX_ADC1_Init
    main.o(.text.main) refers to usart.o(.text.MX_USART1_UART_Init) for MX_USART1_UART_Init
    main.o(.text.main) refers to tim.o(.text.MX_TIM8_Init) for MX_TIM8_Init
    main.o(.text.main) refers to usermain.o(.text.usermain) for usermain
    main.o(.ARM.exidx.text.main) refers to main.o(.text.main) for [Anonymous Symbol]
    main.o(.text.MPU_Config) refers to stm32h7xx_hal_cortex.o(.text.HAL_MPU_Disable) for HAL_MPU_Disable
    main.o(.text.MPU_Config) refers to stm32h7xx_hal_cortex.o(.text.HAL_MPU_ConfigRegion) for HAL_MPU_ConfigRegion
    main.o(.text.MPU_Config) refers to stm32h7xx_hal_cortex.o(.text.HAL_MPU_Enable) for HAL_MPU_Enable
    main.o(.ARM.exidx.text.MPU_Config) refers to main.o(.text.MPU_Config) for [Anonymous Symbol]
    main.o(.text.SystemClock_Config) refers to rt_memclr_w.o(.text) for __aeabi_memclr4
    main.o(.text.SystemClock_Config) refers to stm32h7xx_hal_pwr_ex.o(.text.HAL_PWREx_ConfigSupply) for HAL_PWREx_ConfigSupply
    main.o(.text.SystemClock_Config) refers to stm32h7xx_hal_rcc.o(.text.HAL_RCC_OscConfig) for HAL_RCC_OscConfig
    main.o(.text.SystemClock_Config) refers to main.o(.text.Error_Handler) for Error_Handler
    main.o(.text.SystemClock_Config) refers to stm32h7xx_hal_rcc.o(.text.HAL_RCC_ClockConfig) for HAL_RCC_ClockConfig
    main.o(.ARM.exidx.text.SystemClock_Config) refers to main.o(.text.SystemClock_Config) for [Anonymous Symbol]
    main.o(.ARM.exidx.text.Error_Handler) refers to main.o(.text.Error_Handler) for [Anonymous Symbol]
    gpio.o(.text.MX_GPIO_Init) refers to stm32h7xx_hal_gpio.o(.text.HAL_GPIO_WritePin) for HAL_GPIO_WritePin
    gpio.o(.text.MX_GPIO_Init) refers to stm32h7xx_hal_gpio.o(.text.HAL_GPIO_Init) for HAL_GPIO_Init
    gpio.o(.text.MX_GPIO_Init) refers to stm32h7xx_hal_cortex.o(.text.HAL_NVIC_SetPriority) for HAL_NVIC_SetPriority
[...]
    HAL_ADC_ConvCpltCallback.adc_isa_offset  0x24000080   Data           4  usermain.o(.bss.HAL_ADC_ConvCpltCallback.adc_isa_offset)
    [Anonymous Symbol]                       0x24000080   Section        0  usermain.o(.bss.HAL_ADC_ConvCpltCallback.adc_isa_offset)
    HAL_ADC_ConvCpltCallback.adc_isa_offset_sum 0x24000084   Data           4  usermain.o(.bss.HAL_ADC_ConvCpltCallback.adc_isa_offset_sum)
    [Anonymous Symbol]                       0x24000084   Section        0  usermain.o(.bss.HAL_ADC_ConvCpltCallback.adc_isa_offset_sum)
    HAL_ADC_ConvCpltCallback.adc_isb         0x24000088   Data           4  usermain.o(.bss.HAL_ADC_ConvCpltCallback.adc_isb)
    [Anonymous Symbol]                       0x24000088   Section        0  usermain.o(.bss.HAL_ADC_ConvCpltCallback.adc_isb)
    HAL_ADC_ConvCpltCallback.adc_isc_offset  0x2400008c   Data           4  usermain.o(.bss.HAL_ADC_ConvCpltCallback.adc_isc_offset)
    [Anonymous Symbol]                       0x2400008c   Section        0  usermain.o(.bss.HAL_ADC_ConvCpltCallback.adc_isc_offset)
    HAL_ADC_ConvCpltCallback.adc_isc_offset_sum 0x24000090   Data           4  usermain.o(.bss.HAL_ADC_ConvCpltCallback.adc_isc_offset_sum)
    [Anonymous Symbol]                       0x24000090   Section        0  usermain.o(.bss.HAL_ADC_ConvCpltCallback.adc_isc_offset_sum)
    HAL_ADC_ConvCpltCallback.adc_uab_offset  0x24000094   Data           4  usermain.o(.bss.HAL_ADC_ConvCpltCallback.adc_uab_offset)
    [Anonymous Symbol]                       0x24000094   Section        0  usermain.o(.bss.HAL_ADC_ConvCpltCallback.adc_uab_offset)
    HAL_ADC_ConvCpltCallback.adc_uab_offset_sum 0x24000098   Data           4  usermain.o(.bss.HAL_ADC_ConvCpltCallback.adc_uab_offset_sum)
    [Anonymous Symbol]                       0x24000098   Section        0  usermain.o(.bss.HAL_ADC_ConvCpltCallback.adc_uab_offset_sum)
    HAL_ADC_ConvCpltCallback.adc_ubc         0x2400009c   Data           4  usermain.o(.bss.HAL_ADC_ConvCpltCallback.adc_ubc)
    [Anonymous Symbol]                       0x2400009c   Section        0  usermain.o(.bss.HAL_ADC_ConvCpltCallback.adc_ubc)
    Heap_Mem                                 0x24000330   Data         512  startup_stm32h723xx.o(HEAP)
    HEAP                                     0x24000330   Section      512  startup_stm32h723xx.o(HEAP)

    Global Symbols

    Symbol Name                              Value     Ov Type        Size  Object(Section)

    BuildAttributes$$THM_ISAv4$E$P$D$K$B$S$7EM$VFPv5_D16$PE$PLD8$A:L22UL41UL21$X:L11$S22US41US21$IEEE1$IW$~IW$USESV6$~STKCKD$USESV7$~SHL$OTIME$ROPI$IEEEX$EBA8$UX$STANDARDLIB$REQ8$PRES8$EABIv2 0x00000000   Number         0  anon$$obj.o ABSOLUTE
    __ARM_exceptions_init                     - Undefined Weak Reference
    __alloca_initialize                       - Undefined Weak Reference
    __arm_preinit_                            - Undefined Weak Reference
    __cpp_initialize__aeabi_                  - Undefined Weak Reference
    __cxa_finalize                            - Undefined Weak Reference
    __rt_locale                               - Undefined Weak Reference
    __sigvec_lookup                           - Undefined Weak Reference
    _atexit_init                              - Undefined Weak Reference
    _call_atexit_fns                          - Undefined Weak Reference
    _clock_init                               - Undefined Weak Reference
    _fp_trap_init                             - Undefined Weak Reference
    _fp_trap_shutdown                         - Undefined Weak Reference
    _get_lc_collate                           - Undefined Weak Reference
    _get_lc_ctype                             - Undefined Weak Reference
    _get_lc_monetary                          - Undefined Weak Reference
    _get_lc_numeric                           - Undefined Weak Reference
    _get_lc_time                              - Undefined Weak Reference
    _getenv_init                              - Undefined Weak Reference
    _handle_redirection                       - Undefined Weak Reference
    _init_alloc                               - Undefined Weak Reference
    _init_user_alloc                          - Undefined Weak Reference
    _initio                                   - Undefined Weak Reference
    _rand_init                                - Undefined Weak Reference
    _signal_finish                            - Undefined Weak Reference
    _signal_init                              - Undefined Weak Reference
    _terminate_alloc                          - Undefined Weak Reference
    _terminate_user_alloc                     - Undefined Weak Reference
    _terminateio                              - Undefined Weak Reference
    __Vectors_Size                           0x000002cc   Number         0  startup_stm32h723xx.o ABSOLUTE
    __Vectors                                0x08000000   Data           4  startup_stm32h723xx.o(RESET)
    __Vectors_End                            0x080002cc   Data           0  startup_stm32h723xx.o(RESET)
    __main                                   0x080002cd   Thumb Code     8  __main.o(!!!main)
    __scatterload                            0x080002d5   Thumb Code     0  __scatter.o(!!!scatter)
    __scatterload_rt2                        0x080002d5   Thumb Code    44  __scatter.o(!!!scatter)
    __scatterload_rt2_thumb_only             0x080002d5   Thumb Code     0  __scatter.o(!!!scatter)
    __scatterload_null                       0x080002e3   Thumb Code     0  __scatter.o(!!!scatter)
    __scatterload_copy                       0x08000309   Thumb Code    26  __scatter_copy.o(!!handler_copy)
    __scatterload_zeroinit                   0x08000325   Thumb Code    28  __scatter_zi.o(!!handler_zi)
    __rt_lib_init                            0x08000341   Thumb Code     0  libinit.o(.ARM.Collect$$libinit$$00000000)
    __rt_lib_init_fp_1                       0x08000343   Thumb Code     0  libinit2.o(.ARM.Collect$$libinit$$00000001)
    __rt_lib_init_alloca_1                   0x08000347   Thumb Code     0  libinit2.o(.ARM.Collect$$libinit$$0000002E)
    __rt_lib_init_argv_1                     0x08000347   Thumb Code     0  libinit2.o(.ARM.Collect$$libinit$$0000002C)
    __rt_lib_init_atexit_1                   0x08000347   Thumb Code     0  libinit2.o(.ARM.Collect$$libinit$$0000001B)
    __rt_lib_init_clock_1                    0x08000347   Thumb Code     0  libinit2.o(.ARM.Collect$$libinit$$00000021)
    __rt_lib_init_cpp_1                      0x08000347   Thumb Code     0  libinit2.o(.ARM.Collect$$libinit$$00000032)
    __rt_lib_init_exceptions_1               0x08000347   Thumb Code     0  libinit2.o(.ARM.Collect$$libinit$$00000030)
    __rt_lib_init_fp_trap_1                  0x08000347   Thumb Code     0  libinit2.o(.ARM.Collect$$libinit$$0000001F)
    __rt_lib_init_getenv_1                   0x08000347   Thumb Code     0  libinit2.o(.ARM.Collect$$libinit$$00000023)
    __rt_lib_init_heap_1                     0x08000347   Thumb Code     0  libinit2.o(.ARM.Collect$$libinit$$0000000A)
    __rt_lib_init_lc_collate_1               0x08000347   Thumb Code     0  libinit2.o(.ARM.Collect$$libinit$$00000011)
    __rt_lib_init_lc_ctype_1                 0x08000347   Thumb Code     0  libinit2.o(.ARM.Collect$$libinit$$00000013)
    __rt_lib_init_lc_monetary_1              0x08000347   Thumb Code     0  libinit2.o(.ARM.Collect$$libinit$$00000015)
    __rt_lib_init_lc_numeric_1               0x08000347   Thumb Code     0  libinit2.o(.ARM.Collect$$libinit$$00000017)
    __rt_lib_init_lc_time_1                  0x08000347   Thumb Code     0  libinit2.o(.ARM.Collect$$libinit$$00000019)
    __rt_lib_init_preinit_1                  0x08000347   Thumb Code     0  libinit2.o(.ARM.Collect$$libinit$$00000004)
    __rt_lib_init_rand_1                     0x08000347   Thumb Code     0  libinit2.o(.ARM.Collect$$libinit$$0000000E)
    __rt_lib_init_return                     0x08000347   Thumb Code     0  libinit2.o(.ARM.Collect$$libinit$$00000033)
    __rt_lib_init_signal_1                   0x08000347   Thumb Code     0  libinit2.o(.ARM.Collect$$libinit$$0000001D)
    __rt_lib_init_stdio_1                    0x08000347   Thumb Code     0  libinit2.o(.ARM.Collect$$libinit$$00000025)
    __rt_lib_init_user_alloc_1               0x08000347   Thumb Code     0  libinit2.o(.ARM.Collect$$libinit$$0000000C)
    __rt_lib_shutdown                        0x08000349   Thumb Code     0  libshutdown.o(.ARM.Collect$$libshutdown$$00000000)
    __rt_lib_shutdown_cpp_1                  0x0800034b   Thumb Code     0  libshutdown2.o(.ARM.Collect$$libshutdown$$00000002)
    __rt_lib_shutdown_fp_trap_1              0x0800034b   Thumb Code     0  libshutdown2.o(.ARM.Collect$$libshutdown$$00000007)
    __rt_lib_shutdown_heap_1                 0x0800034b   Thumb Code     0  libshutdown2.o(.ARM.Collect$$libshutdown$$0000000F)
    __rt_lib_shutdown_return                 0x0800034b   Thumb Code     0  libshutdown2.o(.ARM.Collect$$libshutdown$$00000010)
    __rt_lib_shutdown_signal_1               0x0800034b   Thumb Code     0  libshutdown2.o(.ARM.Collect$$libshutdown$$0000000A)
    __rt_lib_shutdown_stdio_1                0x0800034b   Thumb Code     0  libshutdown2.o(.ARM.Collect$$libshutdown$$00000004)
    __rt_lib_shutdown_user_alloc_1           0x0800034b   Thumb Code     0  libshutdown2.o(.ARM.Collect$$libshutdown$$0000000C)
    __rt_entry                               0x0800034d   Thumb Code     0  __rtentry.o(.ARM.Collect$$rtentry$$00000000)
    __rt_entry_presh_1                       0x0800034d   Thumb Code     0  __rtentry2.o(.ARM.Collect$$rtentry$$00000002)
    __rt_entry_sh                            0x0800034d   Thumb Code     0  __rtentry4.o(.ARM.Collect$$rtentry$$00000004)
    __rt_entry_li                            0x08000353   Thumb Code     0  __rtentry2.o(.ARM.Collect$$rtentry$$0000000A)
    __rt_entry_postsh_1                      0x08000353   Thumb Code     0  __rtentry2.o(.ARM.Collect$$rtentry$$00000009)
    __rt_entry_main                          0x08000357   Thumb Code     0  __rtentry2.o(.ARM.Collect$$rtentry$$0000000D)
    __rt_entry_postli_1                      0x08000357   Thumb Code     0  __rtentry2.o(.ARM.Collect$$rtentry$$0000000C)
    __rt_exit                                0x0800035f   Thumb Code     0  rtexit.o(.ARM.Collect$$rtexit$$00000000)
    __rt_exit_ls                             0x08000361   Thumb Code     0  rtexit2.o(.ARM.Collect$$rtexit$$00000003)
    __rt_exit_prels_1                        0x08000361   Thumb Code     0  rtexit2.o(.ARM.Collect$$rtexit$$00000002)
    __rt_exit_exit                           0x08000365   Thumb Code     0  rtexit2.o(.ARM.Collect$$rtexit$$00000004)
    Reset_Handler                            0x0800036d   Thumb Code    12  startup_stm32h723xx.o(.text)
    ADC3_IRQHandler                          0x0800038b   Thumb Code     0  startup_stm32h723xx.o(.text)
    ADC_IRQHandler                           0x0800038b   Thumb Code     0  startup_stm32h723xx.o(.text)
    BDMA_Channel0_IRQHandler                 0x0800038b   Thumb Code     0  startup_stm32h723xx.o(.text)
    BDMA_Channel1_IRQHandler                 0x0800038b   Thumb Code     0  startup_stm32h723xx.o(.text)
    BDMA_Channel2_IRQHandler                 0x0800038b   Thumb Code     0  startup_stm32h723xx.o(.text)
    BDMA_Channel3_IRQHandler                 0x0800038b   Thumb Code     0  startup_stm32h723xx.o(.text)
    BDMA_Channel4_IRQHandler                 0x0800038b   Thumb Code     0  startup_stm32h723xx.o(.text)
    BDMA_Channel5_IRQHandler                 0x0800038b   Thumb Code     0  startup_stm32h723xx.o(.text)
    BDMA_Channel6_IRQHandler                 0x0800038b   Thumb Code     0  startup_stm32h723xx.o(.text)
    BDMA_Channel7_IRQHandler                 0x0800038b   Thumb Code     0  startup_stm32h723xx.o(.text)
    CEC_IRQHandler                           0x0800038b   Thumb Code     0  startup_stm32h723xx.o(.text)
    COMP1_IRQHandler                         0x0800038b   Thumb Code     0  startup_stm32h723xx.o(.text)
    CORDIC_IRQHandler                        0x0800038b   Thumb Code     0  startup_stm32h723xx.o(.text)
    CRS_IRQHandler                           0x0800038b   Thumb Code     0  startup_stm32h723xx.o(.text)
    DCMI_PSSI_IRQHandler                     0x0800038b   Thumb Code     0  startup_stm32h723xx.o(.text)
    DFSDM1_FLT0_IRQHandler                   0x0800038b   Thumb Code     0  startup_stm32h723xx.o(.text)
    DFSDM1_FLT1_IRQHandler                   0x0800038b   Thumb Code     0  startup_stm32h723xx.o(.text)
    DFSDM1_FLT2_IRQHandler                   0x0800038b   Thumb Code     0  startup_stm32h723xx.o(.text)
    DFSDM1_FLT3_IRQHandler                   0x0800038b   Thumb Code     0  startup_stm32h723xx.o(.text)
    DMA1_Stream1_IRQHandler                  0x0800038b   Thumb Code     0  startup_stm32h723xx.o(.text)
    DMA1_Stream2_IRQHandler                  0x0800038b   Thumb Code     0  startup_stm32h723xx.o(.text)
    DMA1_Stream3_IRQHandler                  0x0800038b   Thumb Code     0  startup_stm32h723xx.o(.text)
    DMA1_Stream4_IRQHandler                  0x0800038b   Thumb Code     0  startup_stm32h723xx.o(.text)
    DMA1_Stream5_IRQHandler                  0x0800038b   Thumb Code     0  startup_stm32h723xx.o(.text)
    DMA1_Stream6_IRQHandler                  0x0800038b   Thumb Code     0  startup_stm32h723xx.o(.text)
    DMA1_Stream7_IRQHandler                  0x0800038b   Thumb Code     0  startup_stm32h723xx.o(.text)
    DMA2D_IRQHandler                         0x0800038b   Thumb Code     0  startup_stm32h723xx.o(.text)
    DMA2_Stream0_IRQHandler                  0x0800038b   Thumb Code     0  startup_stm32h723xx.o(.text)
    DMA2_Stream1_IRQHandler                  0x0800038b   Thumb Code     0  startup_stm32h723xx.o(.text)
    DMA2_Stream2_IRQHandler                  0x0800038b   Thumb Code     0  startup_stm32h723xx.o(.text)
    DMA2_Stream3_IRQHandler                  0x0800038b   Thumb Code     0  startup_stm32h723xx.o(.text)
    DMA2_Stream4_IRQHandler                  0x0800038b   Thumb Code     0  startup_stm32h723xx.o(.text)
    DMA2_Stream5_IRQHandler                  0x0800038b   Thumb Code     0  startup_stm32h723xx.o(.text)
    DMA2_Stream6_IRQHandler                  0x0800038b   Thumb Code     0  startup_stm32h723xx.o(.text)
    DMA2_Stream7_IRQHandler                  0x0800038b   Thumb Code     0  startup_stm32h723xx.o(.text)
    DMAMUX1_OVR_IRQHandler                   0x0800038b   Thumb Code     0  startup_stm32h723xx.o(.text)
    DMAMUX2_OVR_IRQHandler                   0x0800038b   Thumb Code     0  startup_stm32h723xx.o(.text)
    DTS_IRQHandler                           0x0800038b   Thumb Code     0  startup_stm32h723xx.o(.text)
    ECC_IRQHandler                           0x0800038b   Thumb Code     0  startup_stm32h723xx.o(.text)
    ETH_IRQHandler                           0x0800038b   Thumb Code     0  startup_stm32h723xx.o(.text)
    ETH_WKUP_IRQHandler                      0x0800038b   Thumb Code     0  startup_stm32h723xx.o(.text)
    EXTI0_IRQHandler                         0x0800038b   Thumb Code     0  startup_stm32h723xx.o(.text)
    EXTI1_IRQHandler                         0x0800038b   Thumb Code     0  startup_stm32h723xx.o(.text)
    EXTI3_IRQHandler                         0x0800038b   Thumb Code     0  startup_stm32h723xx.o(.text)
    FDCAN1_IT0_IRQHandler                    0x0800038b   Thumb Code     0  startup_stm32h723xx.o(.text)
    FDCAN1_IT1_IRQHandler                    0x0800038b   Thumb Code     0  startup_stm32h723xx.o(.text)
    FDCAN2_IT0_IRQHandler                    0x0800038b   Thumb Code     0  startup_stm32h723xx.o(.text)
    FDCAN2_IT1_IRQHandler                    0x0800038b   Thumb Code     0  startup_stm32h723xx.o(.text)
    FDCAN3_IT0_IRQHandler                    0x0800038b   Thumb Code     0  startup_stm32h723xx.o(.text)
    FDCAN3_IT1_IRQHandler                    0x0800038b   Thumb Code     0  startup_stm32h723xx.o(.text)
    FDCAN_CAL_IRQHandler                     0x0800038b   Thumb Code     0  startup_stm32h723xx.o(.text)
    FLASH_IRQHandler                         0x0800038b   Thumb Code     0  startup_stm32h723xx.o(.text)
    FMAC_IRQHandler                          0x0800038b   Thumb Code     0  startup_stm32h723xx.o(.text)
    FMC_IRQHandler                           0x0800038b   Thumb Code     0  startup_stm32h723xx.o(.text)
    FPU_IRQHandler                           0x0800038b   Thumb Code     0  startup_stm32h723xx.o(.text)
    HSEM1_IRQHandler                         0x0800038b   Thumb Code     0  startup_stm32h723xx.o(.text)
    I2C1_ER_IRQHandler                       0x0800038b   Thumb Code     0  startup_stm32h723xx.o(.text)
    I2C1_EV_IRQHandler                       0x0800038b   Thumb Code     0  startup_stm32h723xx.o(.text)
    I2C2_ER_IRQHandler                       0x0800038b   Thumb Code     0  startup_stm32h723xx.o(.text)
    I2C2_EV_IRQHandler                       0x0800038b   Thumb Code     0  startup_stm32h723xx.o(.text)
    I2C3_ER_IRQHandler                       0x0800038b   Thumb Code     0  startup_stm32h723xx.o(.text)
    I2C3_EV_IRQHandler                       0x0800038b   Thumb Code     0  startup_stm32h723xx.o(.text)
    I2C4_ER_IRQHandler                       0x0800038b   Thumb Code     0  startup_stm32h723xx.o(.text)
    I2C4_EV_IRQHandler                       0x0800038b   Thumb Code     0  startup_stm32h723xx.o(.text)
    I2C5_ER_IRQHandler                       0x0800038b   Thumb Code     0  startup_stm32h723xx.o(.text)
    I2C5_EV_IRQHandler                       0x0800038b   Thumb Code     0  startup_stm32h723xx.o(.text)
    LPTIM1_IRQHandler                        0x0800038b   Thumb Code     0  startup_stm32h723xx.o(.text)
    LPTIM2_IRQHandler                        0x0800038b   Thumb Code     0  startup_stm32h723xx.o(.text)
    LPTIM3_IRQHandler                        0x0800038b   Thumb Code     0  startup_stm32h723xx.o(.text)
    LPTIM4_IRQHandler                        0x0800038b   Thumb Code     0  startup_stm32h723xx.o(.text)
    LPTIM5_IRQHandler                        0x0800038b   Thumb Code     0  startup_stm32h723xx.o(.text)
    LPUART1_IRQHandler                       0x0800038b   Thumb Code     0  startup_stm32h723xx.o(.text)
    LTDC_ER_IRQHandler                       0x0800038b   Thumb Code     0  startup_stm32h723xx.o(.text)
    LTDC_IRQHandler                          0x0800038b   Thumb Code     0  startup_stm32h723xx.o(.text)
    MDIOS_IRQHandler                         0x0800038b   Thumb Code     0  startup_stm32h723xx.o(.text)
    MDIOS_WKUP_IRQHandler                    0x0800038b   Thumb Code     0  startup_stm32h723xx.o(.text)
    MDMA_IRQHandler                          0x0800038b   Thumb Code     0  startup_stm32h723xx.o(.text)
    OCTOSPI1_IRQHandler                      0x0800038b   Thumb Code     0  startup_stm32h723xx.o(.text)
    OCTOSPI2_IRQHandler                      0x0800038b   Thumb Code     0  startup_stm32h723xx.o(.text)
    OTG_HS_EP1_IN_IRQHandler                 0x0800038b   Thumb Code     0  startup_stm32h723xx.o(.text)
    OTG_HS_EP1_OUT_IRQHandler                0x0800038b   Thumb Code     0  startup_stm32h723xx.o(.text)
    OTG_HS_IRQHandler                        0x0800038b   Thumb Code     0  startup_stm32h723xx.o(.text)
    OTG_HS_WKUP_IRQHandler                   0x0800038b   Thumb Code     0  startup_stm32h723xx.o(.text)
    PVD_AVD_IRQHandler                       0x0800038b   Thumb Code     0  startup_stm32h723xx.o(.text)
    RCC_IRQHandler                           0x0800038b   Thumb Code     0  startup_stm32h723xx.o(.text)
    RNG_IRQHandler                           0x0800038b   Thumb Code     0  startup_stm32h723xx.o(.text)
    RTC_Alarm_IRQHandler                     0x0800038b   Thumb Code     0  startup_stm32h723xx.o(.text)
    RTC_WKUP_IRQHandler                      0x0800038b   Thumb Code     0  startup_stm32h723xx.o(.text)
    SAI1_IRQHandler                          0x0800038b   Thumb Code     0  startup_stm32h723xx.o(.text)
    SAI4_IRQHandler                          0x0800038b   Thumb Code     0  startup_stm32h723xx.o(.text)
    SDMMC1_IRQHandler                        0x0800038b   Thumb Code     0  startup_stm32h723xx.o(.text)
    SDMMC2_IRQHandler                        0x0800038b   Thumb Code     0  startup_stm32h723xx.o(.text)
    SPDIF_RX_IRQHandler                      0x0800038b   Thumb Code     0  startup_stm32h723xx.o(.text)
    SPI1_IRQHandler                          0x0800038b   Thumb Code     0  startup_stm32h723xx.o(.text)
    SPI2_IRQHandler                          0x0800038b   Thumb Code     0  startup_stm32h723xx.o(.text)
    SPI3_IRQHandler                          0x0800038b   Thumb Code     0  startup_stm32h723xx.o(.text)
    SPI4_IRQHandler                          0x0800038b   Thumb Code     0  startup_stm32h723xx.o(.text)
    SPI5_IRQHandler                          0x0800038b   Thumb Code     0  startup_stm32h723xx.o(.text)
    SPI6_IRQHandler                          0x0800038b   Thumb Code     0  startup_stm32h723xx.o(.text)
    SWPMI1_IRQHandler                        0x0800038b   Thumb Code     0  startup_stm32h723xx.o(.text)
    TAMP_STAMP_IRQHandler                    0x0800038b   Thumb Code     0  startup_stm32h723xx.o(.text)
    TIM15_IRQHandler                         0x0800038b   Thumb Code     0  startup_stm32h723xx.o(.text)
    TIM16_IRQHandler                         0x0800038b   Thumb Code     0  startup_stm32h723xx.o(.text)
    TIM17_IRQHandler                         0x0800038b   Thumb Code     0  startup_stm32h723xx.o(.text)
    TIM1_BRK_IRQHandler                      0x0800038b   Thumb Code     0  startup_stm32h723xx.o(.text)
    TIM1_CC_IRQHandler                       0x0800038b   Thumb Code     0  startup_stm32h723xx.o(.text)
    TIM1_TRG_COM_IRQHandler                  0x0800038b   Thumb Code     0  startup_stm32h723xx.o(.text)
    TIM1_UP_IRQHandler                       0x0800038b   Thumb Code     0  startup_stm32h723xx.o(.text)
    TIM23_IRQHandler                         0x0800038b   Thumb Code     0  startup_stm32h723xx.o(.text)
    TIM24_IRQHandler                         0x0800038b   Thumb Code     0  startup_stm32h723xx.o(.text)
    TIM2_IRQHandler                          0x0800038b   Thumb Code     0  startup_stm32h723xx.o(.text)
    TIM3_IRQHandler                          0x0800038b   Thumb Code     0  startup_stm32h723xx.o(.text)
    TIM4_IRQHandler                          0x0800038b   Thumb Code     0  startup_stm32h723xx.o(.text)
    TIM5_IRQHandler                          0x0800038b   Thumb Code     0  startup_stm32h723xx.o(.text)
    TIM6_DAC_IRQHandler                      0x0800038b   Thumb Code     0  startup_stm32h723xx.o(.text)
    TIM7_IRQHandler                          0x0800038b   Thumb Code     0  startup_stm32h723xx.o(.text)
    TIM8_BRK_TIM12_IRQHandler                0x0800038b   Thumb Code     0  startup_stm32h723xx.o(.text)
    TIM8_CC_IRQHandler                       0x0800038b   Thumb Code     0  startup_stm32h723xx.o(.text)
    TIM8_TRG_COM_TIM14_IRQHandler            0x0800038b   Thumb Code     0  startup_stm32h723xx.o(.text)
    TIM8_UP_TIM13_IRQHandler                 0x0800038b   Thumb Code     0  startup_stm32h723xx.o(.text)
    UART4_IRQHandler                         0x0800038b   Thumb Code     0  startup_stm32h723xx.o(.text)
    UART5_IRQHandler                         0x0800038b   Thumb Code     0  startup_stm32h723xx.o(.text)
    UART7_IRQHandler                         0x0800038b   Thumb Code     0  startup_stm32h723xx.o(.text)
    UART8_IRQHandler                         0x0800038b   Thumb Code     0  startup_stm32h723xx.o(.text)
    UART9_IRQHandler                         0x0800038b   Thumb Code     0  startup_stm32h723xx.o(.text)
    USART10_IRQHandler                       0x0800038b   Thumb Code     0  startup_stm32h723xx.o(.text)
    USART1_IRQHandler                        0x0800038b   Thumb Code     0  startup_stm32h723xx.o(.text)
    USART2_IRQHandler                        0x0800038b   Thumb Code     0  startup_stm32h723xx.o(.text)
    USART3_IRQHandler                        0x0800038b   Thumb Code     0  startup_stm32h723xx.o(.text)
    USART6_IRQHandler                        0x0800038b   Thumb Code     0  startup_stm32h723xx.o(.text)
    WAKEUP_PIN_IRQHandler                    0x0800038b   Thumb Code     0  startup_stm32h723xx.o(.text)
    WWDG_IRQHandler                          0x0800038b   Thumb Code     0  startup_stm32h723xx.o(.text)
    __user_initial_stackheap                 0x0800038d   Thumb Code     0  startup_stm32h723xx.o(.text)
    __aeabi_uldivmod                         0x080003b5   Thumb Code     0  lludivv7m.o(.text)
    _ll_udiv                                 0x080003b5   Thumb Code   240  lludivv7m.o(.text)
    __aeabi_memclr4                          0x080004a5   Thumb Code     0  rt_memclr_w.o(.text)
    __aeabi_memclr8                          0x080004a5   Thumb Code     0  rt_memclr_w.o(.text)
    __rt_memclr_w                            0x080004a5   Thumb Code     0  rt_memclr_w.o(.text)
    _memset_w                                0x080004a9   Thumb Code    74  rt_memclr_w.o(.text)
    __use_two_region_memory                  0x080004f3   Thumb Code     2  heapauxi.o(.text)
    __rt_heap_escrow$2region                 0x080004f5   Thumb Code     2  heapauxi.o(.text)
    __rt_heap_expand$2region                 0x080004f7   Thumb Code     2  heapauxi.o(.text)
    __read_errno                             0x080004f9   Thumb Code    10  _rserrno.o(.text)
    __set_errno                              0x08000503   Thumb Code    12  _rserrno.o(.text)
    __aeabi_errno_addr                       0x08000511   Thumb Code     8  rt_errno_addr_intlibspace.o(.text)
    __errno$intlibspace                      0x08000511   Thumb Code     0  rt_errno_addr_intlibspace.o(.text)
    __rt_errno_addr$intlibspace              0x08000511   Thumb Code     0  rt_errno_addr_intlibspace.o(.text)
    __user_libspace                          0x08000519   Thumb Code     8  libspace.o(.text)
    __user_perproc_libspace                  0x08000519   Thumb Code     0  libspace.o(.text)
    __user_perthread_libspace                0x08000519   Thumb Code     0  libspace.o(.text)
    __user_setup_stackheap                   0x08000521   Thumb Code    74  sys_stackheap_outer.o(.text)
    exit                                     0x0800056b   Thumb Code    18  exit.o(.text)
    _sys_exit                                0x0800057d   Thumb Code     8  sys_exit.o(.text)
    __I$use$semihosting                      0x08000589   Thumb Code     0  use_no_semi.o(.text)
    __use_no_semihosting_swi                 0x08000589   Thumb Code     2  use_no_semi.o(.text)
    __semihosting_library_function           0x0800058b   Thumb Code     0  indicate_semi.o(.text)
    ADC_ConfigureBoostMode                   0x08000591   Thumb Code   474  stm32h7xx_hal_adc.o(.text.ADC_ConfigureBoostMode)
    ADC_DMAConvCplt                          0x08000771   Thumb Code   210  stm32h7xx_hal_adc.o(.text.ADC_DMAConvCplt)
    ADC_DMAError                             0x08000849   Thumb Code    42  stm32h7xx_hal_adc.o(.text.ADC_DMAError)
    ADC_DMAHalfConvCplt                      0x08000879   Thumb Code    22  stm32h7xx_hal_adc.o(.text.ADC_DMAHalfConvCplt)
    ADC_Disable                              0x08000891   Thumb Code   196  stm32h7xx_hal_adc.o(.text.ADC_Disable)
    ADC_Enable                               0x08000959   Thumb Code   328  stm32h7xx_hal_adc.o(.text.ADC_Enable)
    BusFault_Handler                         0x08000aa1   Thumb Code     4  stm32h7xx_it.o(.text.BusFault_Handler)
    DMA1_Stream0_IRQHandler                  0x08000aa9   Thumb Code    16  stm32h7xx_it.o(.text.DMA1_Stream0_IRQHandler)
    DebugMon_Handler                         0x08001539   Thumb Code     2  stm32h7xx_it.o(.text.DebugMon_Handler)
    EXTI15_10_IRQHandler                     0x08001541   Thumb Code    20  stm32h7xx_it.o(.text.EXTI15_10_IRQHandler)
    EXTI2_IRQHandler                         0x08001559   Thumb Code    10  stm32h7xx_it.o(.text.EXTI2_IRQHandler)
    EXTI4_IRQHandler                         0x08001569   Thumb Code    10  stm32h7xx_it.o(.text.EXTI4_IRQHandler)
    EXTI9_5_IRQHandler                       0x08001579   Thumb Code    26  stm32h7xx_it.o(.text.EXTI9_5_IRQHandler)
    Error_Handler                            0x08001599   Thumb Code    14  main.o(.text.Error_Handler)
    ExitRun0Mode                             0x080015a9   Thumb Code    40  system_stm32h7xx.o(.text.ExitRun0Mode)
    HAL_ADCEx_Calibration_Start              0x080015d1   Thumb Code   228  stm32h7xx_hal_adc_ex.o(.text.HAL_ADCEx_Calibration_Start)
    HAL_ADCEx_MultiModeConfigChannel         0x080016b9   Thumb Code   658  stm32h7xx_hal_adc_ex.o(.text.HAL_ADCEx_MultiModeConfigChannel)
    HAL_ADC_ConfigChannel                    0x08001951   Thumb Code  3372  stm32h7xx_hal_adc.o(.text.HAL_ADC_ConfigChannel)
    HAL_ADC_ConvCpltCallback                 0x08002681   Thumb Code  3374  usermain.o(.text.HAL_ADC_ConvCpltCallback)
    HAL_ADC_ConvHalfCpltCallback             0x080033b1   Thumb Code     8  stm32h7xx_hal_adc.o(.text.HAL_ADC_ConvHalfCpltCallback)
    HAL_ADC_ErrorCallback                    0x080033b9   Thumb Code     8  stm32h7xx_hal_adc.o(.text.HAL_ADC_ErrorCallback)
    HAL_ADC_Init                             0x080033c1   Thumb Code  1282  stm32h7xx_hal_adc.o(.text.HAL_ADC_Init)
    HAL_ADC_MspInit                          0x080038c9   Thumb Code   450  adc.o(.text.HAL_ADC_MspInit)
    HAL_ADC_Start_DMA                        0x08003a91   Thumb Code   522  stm32h7xx_hal_adc.o(.text.HAL_ADC_Start_DMA)
    HAL_DMA_IRQHandler                       0x08003ca1   Thumb Code  4544  stm32h7xx_hal_dma.o(.text.HAL_DMA_IRQHandler)
    HAL_DMA_Init                             0x08004e61   Thumb Code  2402  stm32h7xx_hal_dma.o(.text.HAL_DMA_Init)
    HAL_DMA_Start_IT                         0x080057c9   Thumb Code  1794  stm32h7xx_hal_dma.o(.text.HAL_DMA_Start_IT)
    HAL_Delay                                0x08005ed1   Thumb Code    66  stm32h7xx_hal.o(.text.HAL_Delay)
    HAL_GPIO_EXTI_Callback                   0x08005f19   Thumb Code   298  usermain.o(.text.HAL_GPIO_EXTI_Callback)
    HAL_GPIO_EXTI_IRQHandler                 0x08006049   Thumb Code    52  stm32h7xx_hal_gpio.o(.text.HAL_GPIO_EXTI_IRQHandler)
    HAL_GPIO_Init                            0x08006081   Thumb Code   936  stm32h7xx_hal_gpio.o(.text.HAL_GPIO_Init)
    HAL_GPIO_WritePin                        0x08006429   Thumb Code    46  stm32h7xx_hal_gpio.o(.text.HAL_GPIO_WritePin)
    HAL_GetTick                              0x08006459   Thumb Code    12  stm32h7xx_hal.o(.text.HAL_GetTick)
    HAL_IncTick                              0x08006469   Thumb Code    26  stm32h7xx_hal.o(.text.HAL_IncTick)
    HAL_Init                                 0x08006489   Thumb Code   122  stm32h7xx_hal.o(.text.HAL_Init)
    HAL_InitTick                             0x08006509   Thumb Code   134  stm32h7xx_hal.o(.text.HAL_InitTick)
    HAL_MPU_ConfigRegion                     0x08006591   Thumb Code   128  stm32h7xx_hal_cortex.o(.text.HAL_MPU_ConfigRegion)
    HAL_MPU_Disable                          0x08006611   Thumb Code    34  stm32h7xx_hal_cortex.o(.text.HAL_MPU_Disable)
    HAL_MPU_Enable                           0x08006639   Thumb Code    48  stm32h7xx_hal_cortex.o(.text.HAL_MPU_Enable)
    HAL_MspInit                              0x08006669   Thumb Code    36  stm32h7xx_hal_msp.o(.text.HAL_MspInit)
    HAL_NVIC_EnableIRQ                       0x08006691   Thumb Code    20  stm32h7xx_hal_cortex.o(.text.HAL_NVIC_EnableIRQ)
    HAL_NVIC_SetPriority                     0x080066a9   Thumb Code    46  stm32h7xx_hal_cortex.o(.text.HAL_NVIC_SetPriority)
    HAL_NVIC_SetPriorityGrouping             0x080066d9   Thumb Code    16  stm32h7xx_hal_cortex.o(.text.HAL_NVIC_SetPriorityGrouping)
    HAL_PWREx_ConfigSupply                   0x080066e9   Thumb Code   162  stm32h7xx_hal_pwr_ex.o(.text.HAL_PWREx_ConfigSupply)
    HAL_RCCEx_GetD3PCLK1Freq                 0x08006791   Thumb Code    38  stm32h7xx_hal_rcc_ex.o(.text.HAL_RCCEx_GetD3PCLK1Freq)
    HAL_RCCEx_GetPLL1ClockFreq               0x080067b9   Thumb Code   684  stm32h7xx_hal_rcc_ex.o(.text.HAL_RCCEx_GetPLL1ClockFreq)
    HAL_RCCEx_GetPLL2ClockFreq               0x08006a69   Thumb Code   684  stm32h7xx_hal_rcc_ex.o(.text.HAL_RCCEx_GetPLL2ClockFreq)
    HAL_RCCEx_GetPLL3ClockFreq               0x08006d19   Thumb Code   684  stm32h7xx_hal_rcc_ex.o(.text.HAL_RCCEx_GetPLL3ClockFreq)
    HAL_RCCEx_GetPeriphCLKFreq               0x08006fc9   Thumb Code  2770  stm32h7xx_hal_rcc_ex.o(.text.HAL_RCCEx_GetPeriphCLKFreq)
    HAL_RCCEx_PeriphCLKConfig                0x08007aa1   Thumb Code  4076  stm32h7xx_hal_rcc_ex.o(.text.HAL_RCCEx_PeriphCLKConfig)
    HAL_RCC_ClockConfig                      0x08008a91   Thumb Code  1176  stm32h7xx_hal_rcc.o(.text.HAL_RCC_ClockConfig)
    HAL_RCC_GetHCLKFreq                      0x08008f29   Thumb Code    86  stm32h7xx_hal_rcc.o(.text.HAL_RCC_GetHCLKFreq)
    HAL_RCC_GetPCLK1Freq                     0x08008f81   Thumb Code    38  stm32h7xx_hal_rcc.o(.text.HAL_RCC_GetPCLK1Freq)
    HAL_RCC_GetPCLK2Freq                     0x08008fa9   Thumb Code    38  stm32h7xx_hal_rcc.o(.text.HAL_RCC_GetPCLK2Freq)
    HAL_RCC_GetSysClockFreq                  0x08008fd1   Thumb Code   784  stm32h7xx_hal_rcc.o(.text.HAL_RCC_GetSysClockFreq)
    HAL_RCC_OscConfig                        0x080092e1   Thumb Code  2592  stm32h7xx_hal_rcc.o(.text.HAL_RCC_OscConfig)
    HAL_SYSTICK_Config                       0x08009d01   Thumb Code    16  stm32h7xx_hal_cortex.o(.text.HAL_SYSTICK_Config)
    HAL_TIMEx_ConfigBreakDeadTime            0x08009d11   Thumb Code   302  stm32h7xx_hal_tim_ex.o(.text.HAL_TIMEx_ConfigBreakDeadTime)
    HAL_TIMEx_MasterConfigSynchronization    0x08009e41   Thumb Code   380  stm32h7xx_hal_tim_ex.o(.text.HAL_TIMEx_MasterConfigSynchronization)
    HAL_TIMEx_PWMN_Start                     0x08009fc1   Thumb Code   452  stm32h7xx_hal_tim_ex.o(.text.HAL_TIMEx_PWMN_Start)
    HAL_TIM_Base_Init                        0x0800a189   Thumb Code   168  stm32h7xx_hal_tim.o(.text.HAL_TIM_Base_Init)
    HAL_TIM_Base_MspInit                     0x0800a231   Thumb Code   108  tim.o(.text.HAL_TIM_Base_MspInit)
    HAL_TIM_ConfigClockSource                0x0800a2a1   Thumb Code   464  stm32h7xx_hal_tim.o(.text.HAL_TIM_ConfigClockSource)
    HAL_TIM_MspPostInit                      0x0800a471   Thumb Code   396  tim.o(.text.HAL_TIM_MspPostInit)
    HAL_TIM_PWM_ConfigChannel                0x0800a601   Thumb Code   432  stm32h7xx_hal_tim.o(.text.HAL_TIM_PWM_ConfigChannel)
    HAL_TIM_PWM_Init                         0x0800a7b1   Thumb Code   168  stm32h7xx_hal_tim.o(.text.HAL_TIM_PWM_Init)
    HAL_TIM_PWM_MspInit                      0x0800a859   Thumb Code     8  stm32h7xx_hal_tim.o(.text.HAL_TIM_PWM_MspInit)
    HAL_TIM_PWM_Start                        0x0800a861   Thumb Code   674  stm32h7xx_hal_tim.o(.text.HAL_TIM_PWM_Start)
    HAL_UARTEx_DisableFifoMode               0x0800ab09   Thumb Code   124  stm32h7xx_hal_uart_ex.o(.text.HAL_UARTEx_DisableFifoMode)
    HAL_UARTEx_SetRxFifoThreshold            0x0800ab89   Thumb Code   140  stm32h7xx_hal_uart_ex.o(.text.HAL_UARTEx_SetRxFifoThreshold)
    HAL_UARTEx_SetTxFifoThreshold            0x0800ac19   Thumb Code   140  stm32h7xx_hal_uart_ex.o(.text.HAL_UARTEx_SetTxFifoThreshold)
    HAL_UART_Init                            0x0800aca9   Thumb Code   170  stm32h7xx_hal_uart.o(.text.HAL_UART_Init)
    HAL_UART_MspInit                         0x0800ad59   Thumb Code   168  usart.o(.text.HAL_UART_MspInit)
    HardFault_Handler                        0x0800ae01   Thumb Code     4  stm32h7xx_it.o(.text.HardFault_Handler)
    LPF_Init                                 0x0800b359   Thumb Code    88  my_math.o(.text.LPF_Init)
    MX_ADC1_Init                             0x0800b409   Thumb Code   382  adc.o(.text.MX_ADC1_Init)
    MX_DMA_Init                              0x0800b589   Thumb Code    56  dma.o(.text.MX_DMA_Init)
    MX_GPIO_Init                             0x0800b5c1   Thumb Code   566  gpio.o(.text.MX_GPIO_Init)
    MX_TIM1_Init                             0x0800b7f9   Thumb Code   384  tim.o(.text.MX_TIM1_Init)
    MX_TIM8_Init                             0x0800b979   Thumb Code   358  tim.o(.text.MX_TIM8_Init)
    MX_USART1_UART_Init                      0x0800bae1   Thumb Code   146  usart.o(.text.MX_USART1_UART_Init)
    MemManage_Handler                        0x0800bb79   Thumb Code     4  stm32h7xx_it.o(.text.MemManage_Handler)
    NMI_Handler                              0x0800bb81   Thumb Code     4  stm32h7xx_it.o(.text.NMI_Handler)
    PID_Calc                                 0x0800bbf9   Thumb Code   234  my_math.o(.text.PID_Calc)
    PID_init                                 0x0800bce9   Thumb Code    58  my_math.o(.text.PID_init)
    PendSV_Handler                           0x0800bd29   Thumb Code     2  stm32h7xx_it.o(.text.PendSV_Handler)
    SVC_Handler                              0x0800c0d1   Thumb Code     2  stm32h7xx_it.o(.text.SVC_Handler)
    SysTick_Handler                          0x0800c131   Thumb Code     8  stm32h7xx_it.o(.text.SysTick_Handler)
    SystemClock_Config                       0x0800c139   Thumb Code   202  main.o(.text.SystemClock_Config)
    SystemInit                               0x0800c209   Thumb Code   358  system_stm32h7xx.o(.text.SystemInit)
    TIM_Base_SetConfig                       0x0800c371   Thumb Code   452  stm32h7xx_hal_tim.o(.text.TIM_Base_SetConfig)
    TIM_CCxChannelCmd                        0x0800c539   Thumb Code    54  stm32h7xx_hal_tim.o(.text.TIM_CCxChannelCmd)
    TIM_ETR_SetConfig                        0x0800c5a9   Thumb Code    52  stm32h7xx_hal_tim.o(.text.TIM_ETR_SetConfig)
    TIM_OC2_SetConfig                        0x0800c761   Thumb Code   364  stm32h7xx_hal_tim.o(.text.TIM_OC2_SetConfig)
    UART_AdvFeatureConfig                    0x0800cdf9   Thumb Code   328  stm32h7xx_hal_uart.o(.text.UART_AdvFeatureConfig)
    UART_CheckIdleState                      0x0800cf41   Thumb Code   326  stm32h7xx_hal_uart.o(.text.UART_CheckIdleState)
    UART_SetConfig                           0x0800d129   Thumb Code  2638  stm32h7xx_hal_uart.o(.text.UART_SetConfig)
    UART_WaitOnFlagUntilTimeout              0x0800db79   Thumb Code   268  stm32h7xx_hal_uart.o(.text.UART_WaitOnFlagUntilTimeout)
    UsageFault_Handler                       0x0800dc89   Thumb Code     4  stm32h7xx_it.o(.text.UsageFault_Handler)
    abc_2_dq                                 0x0800dd59   Thumb Code   256  coordinate_transform.o(.text.abc_2_dq)
    dq_2_abc                                 0x0800de59   Thumb Code   220  coordinate_transform.o(.text.dq_2_abc)
    e_svpwm                                  0x0800df39   Thumb Code   142  svpwm.o(.text.e_svpwm)
    main                                     0x0800e259   Thumb Code    52  main.o(.text.main)
    normalize                                0x0800e291   Thumb Code   144  my_math.o(.text.normalize)
    usermain                                 0x0800e371   Thumb Code    10  usermain.o(.text.usermain)
    __ARM_fpclassifyf                        0x0800e37b   Thumb Code    38  fpclassifyf.o(i.__ARM_fpclassifyf)
    __hardfp_cosf                            0x0800e3a1   Thumb Code   280  cosf.o(i.__hardfp_cosf)
    __hardfp_sinf                            0x0800e4f1   Thumb Code   344  sinf.o(i.__hardfp_sinf)
    __mathlib_flt_infnan                     0x0800e681   Thumb Code     6  funder.o(i.__mathlib_flt_infnan)
    __mathlib_flt_invalid                    0x0800e689   Thumb Code    10  funder.o(i.__mathlib_flt_invalid)
    __mathlib_flt_underflow                  0x0800e699   Thumb Code    10  funder.o(i.__mathlib_flt_underflow)
    __mathlib_rredf2                         0x0800e6a9   Thumb Code   316  rredf.o(i.__mathlib_rredf2)
    _fp_init                                 0x0800e7fd   Thumb Code    26  fpinit.o(x$fpl$fpinit)
    __fplib_config_fpu_vfp                   0x0800e815   Thumb Code     0  fpinit.o(x$fpl$fpinit)
    __fplib_config_pureend_doubles           0x0800e815   Thumb Code     0  fpinit.o(x$fpl$fpinit)
    __I$use$fp                               0x0800e816   Number         0  usenofp.o(x$fpl$usenofp)
    D1CorePrescTable                         0x0800e838   Data          16  system_stm32h7xx.o(.rodata.D1CorePrescTable)
    UARTPrescTable                           0x0800e860   Data          24  stm32h7xx_hal_uart.o(.rodata.UARTPrescTable)
    Region$$Table$$Base                      0x0800e878   Number         0  anon$$obj.o(Region$$Table)
    Region$$Table$$Limit                     0x0800e8b8   Number         0  anon$$obj.o(Region$$Table)
    SystemD2Clock                            0x20000000   Data           4  system_stm32h7xx.o(.data.SystemD2Clock)
    u_dc                                     0x20000004   Data           4  usermain.o(.data.u_dc)
    ud_ref                                   0x20000008   Data           4  usermain.o(.data.ud_ref)
    uwTickFreq                               0x2000000c   Data           1  stm32h7xx_hal.o(.data.uwTickFreq)
    uwTickPrio                               0x20000010   Data           4  stm32h7xx_hal.o(.data.uwTickPrio)
    duty_abc_inv                             0x20000038   Data          12  usermain.o(.bss.duty_abc_inv)
    duty_abc_rec                             0x20000044   Data          12  usermain.o(.bss.duty_abc_rec)
    htim8                                    0x20000050   Data          76  tim.o(.bss.htim8)
    is_abc                                   0x2000009c   Data          12  usermain.o(.bss.is_abc)
    is_dq                                    0x200000a8   Data           8  usermain.o(.bss.is_dq)
    isq_controller                           0x200000b0   Data          44  usermain.o(.bss.isq_controller)
    system_flag                              0x200000dc   Data           1  usermain.o(.bss.system_flag)
    system_key16_flag                        0x200000dd   Data           1  usermain.o(.bss.system_key16_flag)
    system_key1_flag                         0x200000de   Data           1  usermain.o(.bss.system_key1_flag)
    system_key5_flag                         0x200000df   Data           1  usermain.o(.bss.system_key5_flag)
    system_key7_flag                         0x200000e0   Data           1  usermain.o(.bss.system_key7_flag)
    uo_ab                                    0x200000e4   Data           4  usermain.o(.bss.uo_ab)
    uo_abc                                   0x200000e8   Data          12  usermain.o(.bss.uo_abc)
    uo_theta                                 0x200000f4   Data           4  usermain.o(.bss.uo_theta)
    uoq_controller                           0x200000f8   Data          44  usermain.o(.bss.uoq_controller)
    uwTick                                   0x20000124   Data           4  stm32h7xx_hal.o(.bss.uwTick)
    system_adc_value                         0x24000000   Data          12  usermain.o(.ARM.__at_0x24000000)
    SystemCoreClock                          0x2400000c   Data           4  system_stm32h7xx.o(.data.SystemCoreClock)
    freq                                     0x24000010   Data           4  usermain.o(.data.freq)
    id_ref                                   0x24000014   Data           4  usermain.o(.data.id_ref)
    system_sample_time                       0x24000018   Data           4  usermain.o(.data.system_sample_time)
    __libspace_start                         0x24000020   Data          96  libspace.o(.bss)
    __temporary_stack_top$libspace           0x24000080   Data           0  libspace.o(.bss)
    hadc1                                    0x240000a0   Data         112  adc.o(.bss.hadc1)
    hdma_adc1                                0x24000110   Data         120  adc.o(.bss.hdma_adc1)
    htim1                                    0x24000188   Data          76  tim.o(.bss.htim1)
    huart1                                   0x240001d4   Data         148  usart.o(.bss.huart1)
    is_0                                     0x24000268   Data           4  usermain.o(.bss.is_0)
    isd_controller                           0x2400026c   Data          44  usermain.o(.bss.isd_controller)
    isd_filter                               0x24000298   Data          24  usermain.o(.bss.isd_filter)
    isq_filter                               0x240002b0   Data          24  usermain.o(.bss.isq_filter)
    system_key2_flag                         0x240002c8   Data           1  usermain.o(.bss.system_key2_flag)
    system_key6_flag                         0x240002c9   Data           1  usermain.o(.bss.system_key6_flag)
    system_key8_flag                         0x240002ca   Data           1  usermain.o(.bss.system_key8_flag)
    system_run_flag                          0x240002cb   Data           1  usermain.o(.bss.system_run_flag)
    system_sample_flag                       0x240002cc   Data           1  usermain.o(.bss.system_sample_flag)
    uabc_inv                                 0x240002d0   Data          12  usermain.o(.bss.uabc_inv)
    uabc_rec                                 0x240002dc   Data          12  usermain.o(.bss.uabc_rec)
    udq_inv                                  0x240002e8   Data           8  usermain.o(.bss.udq_inv)
    udq_rec                                  0x240002f0   Data           8  usermain.o(.bss.udq_rec)
    uo_bc                                    0x240002f8   Data           4  usermain.o(.bss.uo_bc)
    uo_dq                                    0x240002fc   Data           8  usermain.o(.bss.uo_dq)
    uod_controller                           0x24000304   Data          44  usermain.o(.bss.uod_controller)



==============================================================================

Memory Map of the image

  Image Entry point : 0x080002cd

  Load Region LR_IROM1 (Base: 0x08000000, Size: 0x0000e8f0, Max: 0x00100000, ABSOLUTE)

    Execution Region ER_IROM1 (Exec base: 0x08000000, Load base: 0x08000000, Size: 0x0000e8b8, Max: 0x00100000, ABSOLUTE)

    Exec Addr    Load Addr    Size         Type   Attr      Idx    E Section Name        Object

    0x08000000   0x08000000   0x000002cc   Data   RO            3    RESET               startup_stm32h723xx.o
    0x080002cc   0x080002cc   0x00000008   Code   RO         2029  * !!!main             c_w.l(__main.o)
    0x080002d4   0x080002d4   0x00000034   Code   RO         2247    !!!scatter          c_w.l(__scatter.o)
    0x08000308   0x08000308   0x0000001a   Code   RO         2249    !!handler_copy      c_w.l(__scatter_copy.o)
    0x08000322   0x08000322   0x00000002   PAD
    0x08000324   0x08000324   0x0000001c   Code   RO         2251    !!handler_zi        c_w.l(__scatter_zi.o)
    0x08000340   0x08000340   0x00000002   Code   RO         2114    .ARM.Collect$$libinit$$00000000  c_w.l(libinit.o)
    0x08000342   0x08000342   0x00000004   Code   RO         2123    .ARM.Collect$$libinit$$00000001  c_w.l(libinit2.o)
    0x08000346   0x08000346   0x00000000   Code   RO         2126    .ARM.Collect$$libinit$$00000004  c_w.l(libinit2.o)
    0x08000346   0x08000346   0x00000000   Code   RO         2129    .ARM.Collect$$libinit$$0000000A  c_w.l(libinit2.o)
    0x08000346   0x08000346   0x00000000   Code   RO         2131    .ARM.Collect$$libinit$$0000000C  c_w.l(libinit2.o)
    0x08000346   0x08000346   0x00000000   Code   RO         2133    .ARM.Collect$$libinit$$0000000E  c_w.l(libinit2.o)
    0x08000346   0x08000346   0x00000000   Code   RO         2136    .ARM.Collect$$libinit$$00000011  c_w.l(libinit2.o)
    0x08000346   0x08000346   0x00000000   Code   RO         2138    .ARM.Collect$$libinit$$00000013  c_w.l(libinit2.o)
    0x08000346   0x08000346   0x00000000   Code   RO         2140    .ARM.Collect$$libinit$$00000015  c_w.l(libinit2.o)
    0x08000346   0x08000346   0x00000000   Code   RO         2142    .ARM.Collect$$libinit$$00000017  c_w.l(libinit2.o)
    0x08000346   0x08000346   0x00000000   Code   RO         2144    .ARM.Collect$$libinit$$00000019  c_w.l(libinit2.o)
    0x08000346   0x08000346   0x00000000   Code   RO         2146    .ARM.Collect$$libinit$$0000001B  c_w.l(libinit2.o)
    0x08000346   0x08000346   0x00000000   Code   RO         2148    .ARM.Collect$$libinit$$0000001D  c_w.l(libinit2.o)
    0x08000346   0x08000346   0x00000000   Code   RO         2150    .ARM.Collect$$libinit$$0000001F  c_w.l(libinit2.o)
    0x08000346   0x08000346   0x00000000   Code   RO         2152    .ARM.Collect$$libinit$$00000021  c_w.l(libinit2.o)
    0x08000346   0x08000346   0x00000000   Code   RO         2154    .ARM.Collect$$libinit$$00000023  c_w.l(libinit2.o)
    0x08000346   0x08000346   0x00000000   Code   RO         2156    .ARM.Collect$$libinit$$00000025  c_w.l(libinit2.o)
    0x08000346   0x08000346   0x00000000   Code   RO         2160    .ARM.Collect$$libinit$$0000002C  c_w.l(libinit2.o)
    0x08000346   0x08000346   0x00000000   Code   RO         2162    .ARM.Collect$$libinit$$0000002E  c_w.l(libinit2.o)
    0x08000346   0x08000346   0x00000000   Code   RO         2164    .ARM.Collect$$libinit$$00000030  c_w.l(libinit2.o)
    0x08000346   0x08000346   0x00000000   Code   RO         2166    .ARM.Collect$$libinit$$00000032  c_w.l(libinit2.o)
    0x08000346   0x08000346   0x00000002   Code   RO         2167    .ARM.Collect$$libinit$$00000033  c_w.l(libinit2.o)
    0x08000348   0x08000348   0x00000002   Code   RO         2202    .ARM.Collect$$libshutdown$$00000000  c_w.l(libshutdown.o)
    0x0800034a   0x0800034a   0x00000000   Code   RO         2230    .ARM.Collect$$libshutdown$$00000002  c_w.l(libshutdown2.o)
    0x0800034a   0x0800034a   0x00000000   Code   RO         2232    .ARM.Collect$$libshutdown$$00000004  c_w.l(libshutdown2.o)
    0x0800034a   0x0800034a   0x00000000   Code   RO         2235    .ARM.Collect$$libshutdown$$00000007  c_w.l(libshutdown2.o)
    0x0800034a   0x0800034a   0x00000000   Code   RO         2238    .ARM.Collect$$libshutdown$$0000000A  c_w.l(libshutdown2.o)
    0x0800034a   0x0800034a   0x00000000   Code   RO         2240    .ARM.Collect$$libshutdown$$0000000C  c_w.l(libshutdown2.o)
    0x0800034a   0x0800034a   0x00000000   Code   RO         2243    .ARM.Collect$$libshutdown$$0000000F  c_w.l(libshutdown2.o)
    0x0800034a   0x0800034a   0x00000002   Code   RO         2244    .ARM.Collect$$libshutdown$$00000010  c_w.l(libshutdown2.o)
    0x0800034c   0x0800034c   0x00000000   Code   RO         2049    .ARM.Collect$$rtentry$$00000000  c_w.l(__rtentry.o)
    0x0800034c   0x0800034c   0x00000000   Code   RO         2077    .ARM.Collect$$rtentry$$00000002  c_w.l(__rtentry2.o)
    0x0800034c   0x0800034c   0x00000006   Code   RO         2089    .ARM.Collect$$rtentry$$00000004  c_w.l(__rtentry4.o)
    0x08000352   0x08000352   0x00000000   Code   RO         2079    .ARM.Collect$$rtentry$$00000009  c_w.l(__rtentry2.o)
    0x08000352   0x08000352   0x00000004   Code   RO         2080    .ARM.Collect$$rtentry$$0000000A  c_w.l(__rtentry2.o)
    0x08000356   0x08000356   0x00000000   Code   RO         2082    .ARM.Collect$$rtentry$$0000000C  c_w.l(__rtentry2.o)
    0x08000356   0x08000356   0x00000008   Code   RO         2083    .ARM.Collect$$rtentry$$0000000D  c_w.l(__rtentry2.o)
    0x0800035e   0x0800035e   0x00000002   Code   RO         2115    .ARM.Collect$$rtexit$$00000000  c_w.l(rtexit.o)
    0x08000360   0x08000360   0x00000000   Code   RO         2173    .ARM.Collect$$rtexit$$00000002  c_w.l(rtexit2.o)
    0x08000360   0x08000360   0x00000004   Code   RO         2174    .ARM.Collect$$rtexit$$00000003  c_w.l(rtexit2.o)
    0x08000364   0x08000364   0x00000006   Code   RO         2175    .ARM.Collect$$rtexit$$00000004  c_w.l(rtexit2.o)
    0x0800036a   0x0800036a   0x00000002   PAD
    0x0800036c   0x0800036c   0x00000048   Code   RO            4    .text               startup_stm32h723xx.o
    0x080003b4   0x080003b4   0x000000f0   Code   RO         2023    .text               c_w.l(lludivv7m.o)
    0x080004a4   0x080004a4   0x0000004e   Code   RO         2025    .text               c_w.l(rt_memclr_w.o)
    0x080004f2   0x080004f2   0x00000006   Code   RO         2027    .text               c_w.l(heapauxi.o)
    0x080004f8   0x080004f8   0x00000016   Code   RO         2054    .text               c_w.l(_rserrno.o)
    0x0800050e   0x0800050e   0x00000002   PAD
    0x08000510   0x08000510   0x00000008   Code   RO         2096    .text               c_w.l(rt_errno_addr_intlibspace.o)
    0x08000518   0x08000518   0x00000008   Code   RO         2098    .text               c_w.l(libspace.o)
    0x08000520   0x08000520   0x0000004a   Code   RO         2101    .text               c_w.l(sys_stackheap_outer.o)
    0x0800056a   0x0800056a   0x00000012   Code   RO         2103    .text               c_w.l(exit.o)
    0x0800057c   0x0800057c   0x0000000c   Code   RO         2168    .text               c_w.l(sys_exit.o)
    0x08000588   0x08000588   0x00000002   Code   RO         2191    .text               c_w.l(use_no_semi.o)
    0x0800058a   0x0800058a   0x00000000   Code   RO         2193    .text               c_w.l(indicate_semi.o)
    0x0800058a   0x0800058a   0x00000006   PAD
    0x08000590   0x08000590   0x000001da   Code   RO          154    .text.ADC_ConfigureBoostMode  stm32h7xx_hal_adc.o
    0x0800076a   0x0800076a   0x00000006   PAD
    0x08000770   0x08000770   0x000000d2   Code   RO          188    .text.ADC_DMAConvCplt  stm32h7xx_hal_adc.o
    0x08000842   0x08000842   0x00000006   PAD
    0x08000848   0x08000848   0x0000002a   Code   RO          192    .text.ADC_DMAError  stm32h7xx_hal_adc.o
    0x08000872   0x08000872   0x00000006   PAD
    0x08000878   0x08000878   0x00000016   Code   RO          190    .text.ADC_DMAHalfConvCplt  stm32h7xx_hal_adc.o
    0x0800088e   0x0800088e   0x00000002   PAD
    0x08000890   0x08000890   0x000000c4   Code   RO          160    .text.ADC_Disable   stm32h7xx_hal_adc.o
    0x08000954   0x08000954   0x00000004   PAD
    0x08000958   0x08000958   0x00000148   Code   RO          168    .text.ADC_Enable    stm32h7xx_hal_adc.o
    0x08000aa0   0x08000aa0   0x00000004   Code   RO           97    .text.BusFault_Handler  stm32h7xx_it.o
    0x08000aa4   0x08000aa4   0x00000004   PAD
    0x08000aa8   0x08000aa8   0x00000010   Code   RO          113    .text.DMA1_Stream0_IRQHandler  stm32h7xx_it.o
    0x08000ab8   0x08000ab8   0x000001ca   Code   RO          673    .text.DMA_CalcBaseAndBitshift  stm32h7xx_hal_dma.o
    0x08000c82   0x08000c82   0x00000006   PAD
    0x08000c88   0x08000c88   0x00000178   Code   RO          675    .text.DMA_CalcDMAMUXChannelBaseAndMask  stm32h7xx_hal_dma.o
    0x08000e00   0x08000e00   0x0000012a   Code   RO          677    .text.DMA_CalcDMAMUXRequestGenBaseAndMask  stm32h7xx_hal_dma.o
    0x08000f2a   0x08000f2a   0x00000006   PAD
    0x08000f30   0x08000f30   0x000000f0   Code   RO          671    .text.DMA_CheckFifoParam  stm32h7xx_hal_dma.o
    0x08001020   0x08001020   0x00000514   Code   RO          683    .text.DMA_SetConfig  stm32h7xx_hal_dma.o
    0x08001534   0x08001534   0x00000004   PAD
    0x08001538   0x08001538   0x00000002   Code   RO          103    .text.DebugMon_Handler  stm32h7xx_it.o
    0x0800153a   0x0800153a   0x00000006   PAD
    0x08001540   0x08001540   0x00000014   Code   RO          117    .text.EXTI15_10_IRQHandler  stm32h7xx_it.o
    0x08001554   0x08001554   0x00000004   PAD
    0x08001558   0x08001558   0x0000000a   Code   RO          109    .text.EXTI2_IRQHandler  stm32h7xx_it.o
    0x08001562   0x08001562   0x00000006   PAD
    0x08001568   0x08001568   0x0000000a   Code   RO          111    .text.EXTI4_IRQHandler  stm32h7xx_it.o
    0x08001572   0x08001572   0x00000006   PAD
    0x08001578   0x08001578   0x0000001a   Code   RO          115    .text.EXTI9_5_IRQHandler  stm32h7xx_it.o
    0x08001592   0x08001592   0x00000006   PAD
    0x08001598   0x08001598   0x0000000e   Code   RO           17    .text.Error_Handler  main.o
    0x080015a6   0x080015a6   0x00000002   PAD
    0x080015a8   0x080015a8   0x00000028   Code   RO         1866    .text.ExitRun0Mode  system_stm32h7xx.o
    0x080015d0   0x080015d0   0x000000e4   Code   RO          289    .text.HAL_ADCEx_Calibration_Start  stm32h7xx_hal_adc_ex.o
    0x080016b4   0x080016b4   0x00000004   PAD
    0x080016b8   0x080016b8   0x00000292   Code   RO          393    .text.HAL_ADCEx_MultiModeConfigChannel  stm32h7xx_hal_adc_ex.o
    0x0800194a   0x0800194a   0x00000006   PAD
    0x08001950   0x08001950   0x00000d2c   Code   RO          216    .text.HAL_ADC_ConfigChannel  stm32h7xx_hal_adc.o
    0x0800267c   0x0800267c   0x00000004   PAD
    0x08002680   0x08002680   0x00000d2e   Code   RO         1882    .text.HAL_ADC_ConvCpltCallback  usermain.o
    0x080033ae   0x080033ae   0x00000002   PAD
    0x080033b0   0x080033b0   0x00000008   Code   RO          214    .text.HAL_ADC_ConvHalfCpltCallback  stm32h7xx_hal_adc.o
    0x080033b8   0x080033b8   0x00000008   Code   RO          212    .text.HAL_ADC_ErrorCallback  stm32h7xx_hal_adc.o
    0x080033c0   0x080033c0   0x00000502   Code   RO          134    .text.HAL_ADC_Init  stm32h7xx_hal_adc.o
    0x080038c2   0x080038c2   0x00000006   PAD
    0x080038c8   0x080038c8   0x000001c2   Code   RO           37    .text.HAL_ADC_MspInit  adc.o
    0x08003a8a   0x08003a8a   0x00000006   PAD
    0x08003a90   0x08003a90   0x0000020a   Code   RO          186    .text.HAL_ADC_Start_DMA  stm32h7xx_hal_adc.o
    0x08003c9a   0x08003c9a   0x00000006   PAD
    0x08003ca0   0x08003ca0   0x000011c0   Code   RO          693    .text.HAL_DMA_IRQHandler  stm32h7xx_hal_dma.o
    0x08004e60   0x08004e60   0x00000962   Code   RO          669    .text.HAL_DMA_Init  stm32h7xx_hal_dma.o
    0x080057c2   0x080057c2   0x00000006   PAD
    0x080057c8   0x080057c8   0x00000702   Code   RO          685    .text.HAL_DMA_Start_IT  stm32h7xx_hal_dma.o
    0x08005eca   0x08005eca   0x00000006   PAD
    0x08005ed0   0x08005ed0   0x00000042   Code   RO         1006    .text.HAL_Delay     stm32h7xx_hal.o
    0x08005f12   0x08005f12   0x00000006   PAD
    0x08005f18   0x08005f18   0x0000012a   Code   RO         1888    .text.HAL_GPIO_EXTI_Callback  usermain.o
    0x08006042   0x08006042   0x00000006   PAD
    0x08006048   0x08006048   0x00000034   Code   RO          629    .text.HAL_GPIO_EXTI_IRQHandler  stm32h7xx_hal_gpio.o
    0x0800607c   0x0800607c   0x00000004   PAD
    0x08006080   0x08006080   0x000003a8   Code   RO          617    .text.HAL_GPIO_Init  stm32h7xx_hal_gpio.o
    0x08006428   0x08006428   0x0000002e   Code   RO          623    .text.HAL_GPIO_WritePin  stm32h7xx_hal_gpio.o
    0x08006456   0x08006456   0x00000002   PAD
    0x08006458   0x08006458   0x0000000c   Code   RO          998    .text.HAL_GetTick   stm32h7xx_hal.o
    0x08006464   0x08006464   0x00000004   PAD
    0x08006468   0x08006468   0x0000001a   Code   RO          996    .text.HAL_IncTick   stm32h7xx_hal.o
    0x08006482   0x08006482   0x00000006   PAD
    0x08006488   0x08006488   0x0000007a   Code   RO          986    .text.HAL_Init      stm32h7xx_hal.o
    0x08006502   0x08006502   0x00000006   PAD
    0x08006508   0x08006508   0x00000086   Code   RO          988    .text.HAL_InitTick  stm32h7xx_hal.o
    0x0800658e   0x0800658e   0x00000002   PAD
    0x08006590   0x08006590   0x00000080   Code   RO          945    .text.HAL_MPU_ConfigRegion  stm32h7xx_hal_cortex.o
    0x08006610   0x08006610   0x00000022   Code   RO          937    .text.HAL_MPU_Disable  stm32h7xx_hal_cortex.o
    0x08006632   0x08006632   0x00000006   PAD
    0x08006638   0x08006638   0x00000030   Code   RO          939    .text.HAL_MPU_Enable  stm32h7xx_hal_cortex.o
    0x08006668   0x08006668   0x00000024   Code   RO          126    .text.HAL_MspInit   stm32h7xx_hal_msp.o
    0x0800668c   0x0800668c   0x00000004   PAD
    0x08006690   0x08006690   0x00000014   Code   RO          921    .text.HAL_NVIC_EnableIRQ  stm32h7xx_hal_cortex.o
    0x080066a4   0x080066a4   0x00000004   PAD
    0x080066a8   0x080066a8   0x0000002e   Code   RO          913    .text.HAL_NVIC_SetPriority  stm32h7xx_hal_cortex.o
    0x080066d6   0x080066d6   0x00000002   PAD
    0x080066d8   0x080066d8   0x00000010   Code   RO          909    .text.HAL_NVIC_SetPriorityGrouping  stm32h7xx_hal_cortex.o
    0x080066e8   0x080066e8   0x000000a2   Code   RO          826    .text.HAL_PWREx_ConfigSupply  stm32h7xx_hal_pwr_ex.o
    0x0800678a   0x0800678a   0x00000006   PAD
    0x08006790   0x08006790   0x00000026   Code   RO          467    .text.HAL_RCCEx_GetD3PCLK1Freq  stm32h7xx_hal_rcc_ex.o
    0x080067b6   0x080067b6   0x00000002   PAD
    0x080067b8   0x080067b8   0x000002ac   Code   RO          461    .text.HAL_RCCEx_GetPLL1ClockFreq  stm32h7xx_hal_rcc_ex.o
    0x08006a64   0x08006a64   0x00000004   PAD
    0x08006a68   0x08006a68   0x000002ac   Code   RO          463    .text.HAL_RCCEx_GetPLL2ClockFreq  stm32h7xx_hal_rcc_ex.o
    0x08006d14   0x08006d14   0x00000004   PAD
    0x08006d18   0x08006d18   0x000002ac   Code   RO          465    .text.HAL_RCCEx_GetPLL3ClockFreq  stm32h7xx_hal_rcc_ex.o
    0x08006fc4   0x08006fc4   0x00000004   PAD
    0x08006fc8   0x08006fc8   0x00000ad2   Code   RO          459    .text.HAL_RCCEx_GetPeriphCLKFreq  stm32h7xx_hal_rcc_ex.o
    0x08007a9a   0x08007a9a   0x00000006   PAD
    0x08007aa0   0x08007aa0   0x00000fec   Code   RO          451    .text.HAL_RCCEx_PeriphCLKConfig  stm32h7xx_hal_rcc_ex.o
    0x08008a8c   0x08008a8c   0x00000004   PAD
    0x08008a90   0x08008a90   0x00000498   Code   RO          420    .text.HAL_RCC_ClockConfig  stm32h7xx_hal_rcc.o
    0x08008f28   0x08008f28   0x00000056   Code   RO          430    .text.HAL_RCC_GetHCLKFreq  stm32h7xx_hal_rcc.o
    0x08008f7e   0x08008f7e   0x00000002   PAD
    0x08008f80   0x08008f80   0x00000026   Code   RO          432    .text.HAL_RCC_GetPCLK1Freq  stm32h7xx_hal_rcc.o
    0x08008fa6   0x08008fa6   0x00000002   PAD
    0x08008fa8   0x08008fa8   0x00000026   Code   RO          434    .text.HAL_RCC_GetPCLK2Freq  stm32h7xx_hal_rcc.o
    0x08008fce   0x08008fce   0x00000002   PAD
    0x08008fd0   0x08008fd0   0x00000310   Code   RO          422    .text.HAL_RCC_GetSysClockFreq  stm32h7xx_hal_rcc.o
    0x080092e0   0x080092e0   0x00000a20   Code   RO          418    .text.HAL_RCC_OscConfig  stm32h7xx_hal_rcc.o
    0x08009d00   0x08009d00   0x00000010   Code   RO          933    .text.HAL_SYSTICK_Config  stm32h7xx_hal_cortex.o
    0x08009d10   0x08009d10   0x0000012e   Code   RO         1636    .text.HAL_TIMEx_ConfigBreakDeadTime  stm32h7xx_hal_tim_ex.o
    0x08009e3e   0x08009e3e   0x00000002   PAD
    0x08009e40   0x08009e40   0x0000017c   Code   RO         1634    .text.HAL_TIMEx_MasterConfigSynchronization  stm32h7xx_hal_tim_ex.o
    0x08009fbc   0x08009fbc   0x00000004   PAD
    0x08009fc0   0x08009fc0   0x000001c4   Code   RO         1604    .text.HAL_TIMEx_PWMN_Start  stm32h7xx_hal_tim_ex.o
    0x0800a184   0x0800a184   0x00000004   PAD
    0x0800a188   0x0800a188   0x000000a8   Code   RO         1317    .text.HAL_TIM_Base_Init  stm32h7xx_hal_tim.o
    0x0800a230   0x0800a230   0x0000006c   Code   RO           64    .text.HAL_TIM_Base_MspInit  tim.o
    0x0800a29c   0x0800a29c   0x00000004   PAD
    0x0800a2a0   0x0800a2a0   0x000001d0   Code   RO         1513    .text.HAL_TIM_ConfigClockSource  stm32h7xx_hal_tim.o
    0x0800a470   0x0800a470   0x0000018c   Code   RO           60    .text.HAL_TIM_MspPostInit  tim.o
    0x0800a5fc   0x0800a5fc   0x00000004   PAD
    0x0800a600   0x0800a600   0x000001b0   Code   RO         1487    .text.HAL_TIM_PWM_ConfigChannel  stm32h7xx_hal_tim.o
    0x0800a7b0   0x0800a7b0   0x000000a8   Code   RO         1371    .text.HAL_TIM_PWM_Init  stm32h7xx_hal_tim.o
    0x0800a858   0x0800a858   0x00000008   Code   RO         1373    .text.HAL_TIM_PWM_MspInit  stm32h7xx_hal_tim.o
    0x0800a860   0x0800a860   0x000002a2   Code   RO         1379    .text.HAL_TIM_PWM_Start  stm32h7xx_hal_tim.o
    0x0800ab02   0x0800ab02   0x00000006   PAD
    0x0800ab08   0x0800ab08   0x0000007c   Code   RO         1839    .text.HAL_UARTEx_DisableFifoMode  stm32h7xx_hal_uart_ex.o
    0x0800ab84   0x0800ab84   0x00000004   PAD
    0x0800ab88   0x0800ab88   0x0000008c   Code   RO         1843    .text.HAL_UARTEx_SetRxFifoThreshold  stm32h7xx_hal_uart_ex.o
    0x0800ac14   0x0800ac14   0x00000004   PAD
    0x0800ac18   0x0800ac18   0x0000008c   Code   RO         1841    .text.HAL_UARTEx_SetTxFifoThreshold  stm32h7xx_hal_uart_ex.o
    0x0800aca4   0x0800aca4   0x00000004   PAD
    0x0800aca8   0x0800aca8   0x000000aa   Code   RO         1669    .text.HAL_UART_Init  stm32h7xx_hal_uart.o
    0x0800ad52   0x0800ad52   0x00000006   PAD
    0x0800ad58   0x0800ad58   0x000000a8   Code   RO           79    .text.HAL_UART_MspInit  usart.o
    0x0800ae00   0x0800ae00   0x00000004   Code   RO           93    .text.HardFault_Handler  stm32h7xx_it.o
    0x0800ae04   0x0800ae04   0x00000004   PAD
    0x0800ae08   0x0800ae08   0x0000001c   Code   RO          280    .text.LL_ADC_Disable  stm32h7xx_hal_adc.o
    0x0800ae24   0x0800ae24   0x00000004   PAD
    0x0800ae28   0x0800ae28   0x00000018   Code   RO          140    .text.LL_ADC_DisableDeepPowerDown  stm32h7xx_hal_adc.o
    0x0800ae40   0x0800ae40   0x0000001c   Code   RO          278    .text.LL_ADC_Enable  stm32h7xx_hal_adc.o
    0x0800ae5c   0x0800ae5c   0x00000004   PAD
    0x0800ae60   0x0800ae60   0x00000012   Code   RO          196    .text.LL_ADC_EnableDMAReq  stm32h7xx_hal_adc.o
    0x0800ae72   0x0800ae72   0x00000006   PAD
    0x0800ae78   0x0800ae78   0x0000001e   Code   RO          144    .text.LL_ADC_EnableInternalRegulator  stm32h7xx_hal_adc.o
    0x0800ae96   0x0800ae96   0x00000002   PAD
    0x0800ae98   0x0800ae98   0x00000010   Code   RO          240    .text.LL_ADC_GetCommonPathInternalCh  stm32h7xx_hal_adc.o
    0x0800aea8   0x0800aea8   0x00000010   Code   RO          166    .text.LL_ADC_GetMultimode  stm32h7xx_hal_adc.o
    0x0800aeb8   0x0800aeb8   0x0000001e   Code   RO          232    .text.LL_ADC_GetOffsetChannel  stm32h7xx_hal_adc.o
    0x0800aed6   0x0800aed6   0x00000002   PAD
    0x0800aed8   0x0800aed8   0x00000010   Code   RO          152    .text.LL_ADC_INJ_IsConversionOngoing  stm32h7xx_hal_adc.o
    0x0800aee8   0x0800aee8   0x0000000e   Code   RO          293    .text.LL_ADC_IsCalibrationOnGoing  stm32h7xx_hal_adc_ex.o
    0x0800aef6   0x0800aef6   0x00000002   PAD
    0x0800aef8   0x0800aef8   0x00000010   Code   RO          138    .text.LL_ADC_IsDeepPowerDownEnabled  stm32h7xx_hal_adc.o
    0x0800af08   0x0800af08   0x00000010   Code   RO          272    .text.LL_ADC_IsDisableOngoing  stm32h7xx_hal_adc.o
    0x0800af18   0x0800af18   0x00000010   Code   RO          148    .text.LL_ADC_IsEnabled  stm32h7xx_hal_adc.o
    0x0800af28   0x0800af28   0x00000010   Code   RO          301    .text.LL_ADC_IsEnabled  stm32h7xx_hal_adc_ex.o
    0x0800af38   0x0800af38   0x00000010   Code   RO          142    .text.LL_ADC_IsInternalRegulatorEnabled  stm32h7xx_hal_adc.o
    0x0800af48   0x0800af48   0x00000010   Code   RO          146    .text.LL_ADC_REG_IsConversionOngoing  stm32h7xx_hal_adc.o
    0x0800af58   0x0800af58   0x00000010   Code   RO          303    .text.LL_ADC_REG_IsConversionOngoing  stm32h7xx_hal_adc_ex.o
    0x0800af68   0x0800af68   0x00000016   Code   RO          178    .text.LL_ADC_REG_IsTriggerSourceSWStart  stm32h7xx_hal_adc.o
    0x0800af7e   0x0800af7e   0x00000002   PAD
    0x0800af80   0x0800af80   0x0000002c   Code   RO          194    .text.LL_ADC_REG_SetDMATransferMode  stm32h7xx_hal_adc.o
    0x0800afac   0x0800afac   0x00000004   PAD
    0x0800afb0   0x0800afb0   0x0000001a   Code   RO          198    .text.LL_ADC_REG_SetDataTransferMode  stm32h7xx_hal_adc.o
    0x0800afca   0x0800afca   0x00000006   PAD
    0x0800afd0   0x0800afd0   0x0000003a   Code   RO          218    .text.LL_ADC_REG_SetSequencerRanks  stm32h7xx_hal_adc.o
    0x0800b00a   0x0800b00a   0x00000006   PAD
    0x0800b010   0x0800b010   0x0000001c   Code   RO          170    .text.LL_ADC_REG_StartConversion  stm32h7xx_hal_adc.o
    0x0800b02c   0x0800b02c   0x00000004   PAD
    0x0800b030   0x0800b030   0x0000006c   Code   RO          238    .text.LL_ADC_SetChannelPreselection  stm32h7xx_hal_adc.o
    0x0800b09c   0x0800b09c   0x00000004   PAD
    0x0800b0a0   0x0800b0a0   0x00000036   Code   RO          220    .text.LL_ADC_SetChannelSamplingTime  stm32h7xx_hal_adc.o
    0x0800b0d6   0x0800b0d6   0x00000002   PAD
    0x0800b0d8   0x0800b0d8   0x00000070   Code   RO          236    .text.LL_ADC_SetChannelSingleDiff  stm32h7xx_hal_adc.o
    0x0800b148   0x0800b148   0x0000001a   Code   RO          150    .text.LL_ADC_SetCommonClock  stm32h7xx_hal_adc.o
    0x0800b162   0x0800b162   0x00000006   PAD
    0x0800b168   0x0800b168   0x0000001a   Code   RO          242    .text.LL_ADC_SetCommonPathInternalCh  stm32h7xx_hal_adc.o
    0x0800b182   0x0800b182   0x00000006   PAD
    0x0800b188   0x0800b188   0x00000024   Code   RO          230    .text.LL_ADC_SetDataRightShift  stm32h7xx_hal_adc.o
    0x0800b1ac   0x0800b1ac   0x00000004   PAD
    0x0800b1b0   0x0800b1b0   0x0000005c   Code   RO          222    .text.LL_ADC_SetOffset  stm32h7xx_hal_adc.o
    0x0800b20c   0x0800b20c   0x00000004   PAD
    0x0800b210   0x0800b210   0x0000003a   Code   RO          226    .text.LL_ADC_SetOffsetSaturation  stm32h7xx_hal_adc.o
    0x0800b24a   0x0800b24a   0x00000006   PAD
    0x0800b250   0x0800b250   0x0000003a   Code   RO          224    .text.LL_ADC_SetOffsetSign  stm32h7xx_hal_adc.o
    0x0800b28a   0x0800b28a   0x00000006   PAD
    0x0800b290   0x0800b290   0x0000003c   Code   RO          228    .text.LL_ADC_SetOffsetSignedSaturation  stm32h7xx_hal_adc.o
    0x0800b2cc   0x0800b2cc   0x00000004   PAD
    0x0800b2d0   0x0800b2d0   0x0000004c   Code   RO          234    .text.LL_ADC_SetOffsetState  stm32h7xx_hal_adc.o
    0x0800b31c   0x0800b31c   0x00000004   PAD
    0x0800b320   0x0800b320   0x00000032   Code   RO          291    .text.LL_ADC_StartCalibration  stm32h7xx_hal_adc_ex.o
    0x0800b352   0x0800b352   0x00000006   PAD
    0x0800b358   0x0800b358   0x00000058   Code   RO         1975    .text.LPF_Init      my_math.o
    0x0800b3b0   0x0800b3b0   0x00000056   Code   RO           13    .text.MPU_Config    main.o
    0x0800b406   0x0800b406   0x00000002   PAD
    0x0800b408   0x0800b408   0x0000017e   Code   RO           35    .text.MX_ADC1_Init  adc.o
    0x0800b586   0x0800b586   0x00000002   PAD
    0x0800b588   0x0800b588   0x00000038   Code   RO           50    .text.MX_DMA_Init   dma.o
    0x0800b5c0   0x0800b5c0   0x00000236   Code   RO           27    .text.MX_GPIO_Init  gpio.o
    0x0800b7f6   0x0800b7f6   0x00000002   PAD
    0x0800b7f8   0x0800b7f8   0x00000180   Code   RO           58    .text.MX_TIM1_Init  tim.o
    0x0800b978   0x0800b978   0x00000166   Code   RO           62    .text.MX_TIM8_Init  tim.o
    0x0800bade   0x0800bade   0x00000002   PAD
    0x0800bae0   0x0800bae0   0x00000092   Code   RO           77    .text.MX_USART1_UART_Init  usart.o
    0x0800bb72   0x0800bb72   0x00000006   PAD
    0x0800bb78   0x0800bb78   0x00000004   Code   RO           95    .text.MemManage_Handler  stm32h7xx_it.o
    0x0800bb7c   0x0800bb7c   0x00000004   PAD
    0x0800bb80   0x0800bb80   0x00000004   Code   RO           91    .text.NMI_Handler   stm32h7xx_it.o
    0x0800bb84   0x0800bb84   0x00000004   PAD
    0x0800bb88   0x0800bb88   0x0000006c   Code   RO          919    .text.NVIC_EncodePriority  stm32h7xx_hal_cortex.o
    0x0800bbf4   0x0800bbf4   0x00000004   PAD
    0x0800bbf8   0x0800bbf8   0x000000ea   Code   RO         1973    .text.PID_Calc      my_math.o
    0x0800bce2   0x0800bce2   0x00000006   PAD
    0x0800bce8   0x0800bce8   0x0000003a   Code   RO         1971    .text.PID_init      my_math.o
    0x0800bd22   0x0800bd22   0x00000006   PAD
    0x0800bd28   0x0800bd28   0x00000002   Code   RO          105    .text.PendSV_Handler  stm32h7xx_it.o
    0x0800bd2a   0x0800bd2a   0x00000006   PAD
    0x0800bd30   0x0800bd30   0x000001ca   Code   RO          453    .text.RCCEx_PLL2_Config  stm32h7xx_hal_rcc_ex.o
    0x0800befa   0x0800befa   0x00000006   PAD
    0x0800bf00   0x0800bf00   0x000001ca   Code   RO          455    .text.RCCEx_PLL3_Config  stm32h7xx_hal_rcc_ex.o
    0x0800c0ca   0x0800c0ca   0x00000006   PAD
    0x0800c0d0   0x0800c0d0   0x00000002   Code   RO          101    .text.SVC_Handler   stm32h7xx_it.o
    0x0800c0d2   0x0800c0d2   0x00000006   PAD
    0x0800c0d8   0x0800c0d8   0x00000052   Code   RO          935    .text.SysTick_Config  stm32h7xx_hal_cortex.o
    0x0800c12a   0x0800c12a   0x00000006   PAD
    0x0800c130   0x0800c130   0x00000008   Code   RO          107    .text.SysTick_Handler  stm32h7xx_it.o
    0x0800c138   0x0800c138   0x000000ca   Code   RO           15    .text.SystemClock_Config  main.o
    0x0800c202   0x0800c202   0x00000006   PAD
    0x0800c208   0x0800c208   0x00000166   Code   RO         1862    .text.SystemInit    system_stm32h7xx.o
    0x0800c36e   0x0800c36e   0x00000002   PAD
    0x0800c370   0x0800c370   0x000001c4   Code   RO         1321    .text.TIM_Base_SetConfig  stm32h7xx_hal_tim.o
    0x0800c534   0x0800c534   0x00000004   PAD
    0x0800c538   0x0800c538   0x00000036   Code   RO         1355    .text.TIM_CCxChannelCmd  stm32h7xx_hal_tim.o
    0x0800c56e   0x0800c56e   0x00000002   PAD
    0x0800c570   0x0800c570   0x00000036   Code   RO         1588    .text.TIM_CCxNChannelCmd  stm32h7xx_hal_tim_ex.o
    0x0800c5a6   0x0800c5a6   0x00000002   PAD
    0x0800c5a8   0x0800c5a8   0x00000034   Code   RO         1511    .text.TIM_ETR_SetConfig  stm32h7xx_hal_tim.o
    0x0800c5dc   0x0800c5dc   0x00000004   PAD
    0x0800c5e0   0x0800c5e0   0x00000030   Code   RO         1517    .text.TIM_ITRx_SetConfig  stm32h7xx_hal_tim.o
    0x0800c610   0x0800c610   0x00000150   Code   RO         1465    .text.TIM_OC1_SetConfig  stm32h7xx_hal_tim.o
    0x0800c760   0x0800c760   0x0000016c   Code   RO         1467    .text.TIM_OC2_SetConfig  stm32h7xx_hal_tim.o
    0x0800c8cc   0x0800c8cc   0x00000004   PAD
    0x0800c8d0   0x0800c8d0   0x0000016a   Code   RO         1469    .text.TIM_OC3_SetConfig  stm32h7xx_hal_tim.o
    0x0800ca3a   0x0800ca3a   0x00000006   PAD
    0x0800ca40   0x0800ca40   0x000000da   Code   RO         1471    .text.TIM_OC4_SetConfig  stm32h7xx_hal_tim.o
    0x0800cb1a   0x0800cb1a   0x00000006   PAD
    0x0800cb20   0x0800cb20   0x000000d0   Code   RO         1473    .text.TIM_OC5_SetConfig  stm32h7xx_hal_tim.o
    0x0800cbf0   0x0800cbf0   0x000000d2   Code   RO         1475    .text.TIM_OC6_SetConfig  stm32h7xx_hal_tim.o
    0x0800ccc2   0x0800ccc2   0x00000006   PAD
    0x0800ccc8   0x0800ccc8   0x00000050   Code   RO         1515    .text.TIM_TI1_ConfigInputStage  stm32h7xx_hal_tim.o
    0x0800cd18   0x0800cd18   0x00000052   Code   RO         1519    .text.TIM_TI2_ConfigInputStage  stm32h7xx_hal_tim.o
    0x0800cd6a   0x0800cd6a   0x00000006   PAD
    0x0800cd70   0x0800cd70   0x00000086   Code   RO         1837    .text.UARTEx_SetNbDataToProcess  stm32h7xx_hal_uart_ex.o
    0x0800cdf6   0x0800cdf6   0x00000002   PAD
    0x0800cdf8   0x0800cdf8   0x00000148   Code   RO         1673    .text.UART_AdvFeatureConfig  stm32h7xx_hal_uart.o
    0x0800cf40   0x0800cf40   0x00000146   Code   RO         1677    .text.UART_CheckIdleState  stm32h7xx_hal_uart.o
    0x0800d086   0x0800d086   0x00000002   PAD
    0x0800d088   0x0800d088   0x0000009e   Code   RO         1729    .text.UART_EndRxTransfer  stm32h7xx_hal_uart.o
    0x0800d126   0x0800d126   0x00000002   PAD
    0x0800d128   0x0800d128   0x00000a4e   Code   RO         1675    .text.UART_SetConfig  stm32h7xx_hal_uart.o
    0x0800db76   0x0800db76   0x00000002   PAD
    0x0800db78   0x0800db78   0x0000010c   Code   RO         1691    .text.UART_WaitOnFlagUntilTimeout  stm32h7xx_hal_uart.o
    0x0800dc84   0x0800dc84   0x00000004   PAD
    0x0800dc88   0x0800dc88   0x00000004   Code   RO           99    .text.UsageFault_Handler  stm32h7xx_it.o
    0x0800dc8c   0x0800dc8c   0x00000004   PAD
    0x0800dc90   0x0800dc90   0x00000030   Code   RO          923    .text.__NVIC_EnableIRQ  stm32h7xx_hal_cortex.o
    0x0800dcc0   0x0800dcc0   0x00000010   Code   RO          915    .text.__NVIC_GetPriorityGrouping  stm32h7xx_hal_cortex.o
    0x0800dcd0   0x0800dcd0   0x00000042   Code   RO          917    .text.__NVIC_SetPriority  stm32h7xx_hal_cortex.o
    0x0800dd12   0x0800dd12   0x00000006   PAD
    0x0800dd18   0x0800dd18   0x0000003c   Code   RO          911    .text.__NVIC_SetPriorityGrouping  stm32h7xx_hal_cortex.o
    0x0800dd54   0x0800dd54   0x00000004   PAD
    0x0800dd58   0x0800dd58   0x00000100   Code   RO         1997    .text.abc_2_dq      coordinate_transform.o
    0x0800de58   0x0800de58   0x000000dc   Code   RO         2003    .text.dq_2_abc      coordinate_transform.o
    0x0800df34   0x0800df34   0x00000004   PAD
    0x0800df38   0x0800df38   0x0000008e   Code   RO         2014    .text.e_svpwm       svpwm.o
    0x0800dfc6   0x0800dfc6   0x00000002   PAD
    0x0800dfc8   0x0800dfc8   0x00000290   Code   RO         1890    .text.init          usermain.o
    0x0800e258   0x0800e258   0x00000034   Code   RO           11    .text.main          main.o
    0x0800e28c   0x0800e28c   0x00000004   PAD
    0x0800e290   0x0800e290   0x00000090   Code   RO         1957    .text.normalize     my_math.o
    0x0800e320   0x0800e320   0x0000004a   Code   RO         1884    .text.switch_clear  usermain.o
    0x0800e36a   0x0800e36a   0x00000006   PAD
    0x0800e370   0x0800e370   0x0000000a   Code   RO         1880    .text.usermain      usermain.o
    0x0800e37a   0x0800e37a   0x00000026   Code   RO         2057    i.__ARM_fpclassifyf  m_wv.l(fpclassifyf.o)
    0x0800e3a0   0x0800e3a0   0x00000150   Code   RO         2031    i.__hardfp_cosf     m_wv.l(cosf.o)
    0x0800e4f0   0x0800e4f0   0x00000190   Code   RO         2037    i.__hardfp_sinf     m_wv.l(sinf.o)
    0x0800e680   0x0800e680   0x00000006   Code   RO         2060    i.__mathlib_flt_infnan  m_wv.l(funder.o)
    0x0800e686   0x0800e686   0x00000002   PAD
    0x0800e688   0x0800e688   0x00000010   Code   RO         2062    i.__mathlib_flt_invalid  m_wv.l(funder.o)
    0x0800e698   0x0800e698   0x00000010   Code   RO         2065    i.__mathlib_flt_underflow  m_wv.l(funder.o)
    0x0800e6a8   0x0800e6a8   0x00000154   Code   RO         2073    i.__mathlib_rredf2  m_wv.l(rredf.o)
    0x0800e7fc   0x0800e7fc   0x0000001a   Code   RO         2185    x$fpl$fpinit        fz_wv.l(fpinit.o)
    0x0800e816   0x0800e816   0x00000000   Code   RO         2056    x$fpl$usenofp       fz_wv.l(usenofp.o)
    0x0800e816   0x0800e816   0x00000002   PAD
    0x0800e818   0x0800e818   0x00000020   Data   RO         2074    .constdata          m_wv.l(rredf.o)
    0x0800e838   0x0800e838   0x00000010   Data   RO         1870    .rodata.D1CorePrescTable  system_stm32h7xx.o
    0x0800e848   0x0800e848   0x00000008   Data   RO          703    .rodata.DMA_CalcBaseAndBitshift.flagBitshiftOffset  stm32h7xx_hal_dma.o
    0x0800e850   0x0800e850   0x00000008   Data   RO         1854    .rodata.UARTEx_SetNbDataToProcess.denominator  stm32h7xx_hal_uart_ex.o
    0x0800e858   0x0800e858   0x00000008   Data   RO         1853    .rodata.UARTEx_SetNbDataToProcess.numerator  stm32h7xx_hal_uart_ex.o
    0x0800e860   0x0800e860   0x00000018   Data   RO         1809    .rodata.UARTPrescTable  stm32h7xx_hal_uart.o
    0x0800e878   0x0800e878   0x00000040   Data   RO         2246    Region$$Table       anon$$obj.o


    Execution Region RW_IRAM1 (Exec base: 0x20000000, Load base: 0x0800e8b8, Size: 0x00000528, Max: 0x00020000, ABSOLUTE)

    Exec Addr    Load Addr    Size         Type   Attr      Idx    E Section Name        Object

    0x20000000   0x0800e8b8   0x00000004   Data   RW         1869    .data.SystemD2Clock  system_stm32h7xx.o
    0x20000004   0x0800e8bc   0x00000004   Data   RW         1897    .data.u_dc          usermain.o
    0x20000008   0x0800e8c0   0x00000004   Data   RW         1899    .data.ud_ref        usermain.o
    0x2000000c   0x0800e8c4   0x00000001   Data   RW         1095    .data.uwTickFreq    stm32h7xx_hal.o
    0x2000000d   0x0800e8c5   0x00000003   PAD
    0x20000010   0x0800e8c8   0x00000004   Data   RW         1094    .data.uwTickPrio    stm32h7xx_hal.o
    0x20000014   0x0800e8cc   0x00000004   PAD
    0x20000018        -       0x00000004   Zero   RW         1901    .bss.HAL_ADC_ConvCpltCallback.adc_cnt  usermain.o
    0x2000001c        -       0x00000004   Zero   RW         1909    .bss.HAL_ADC_ConvCpltCallback.adc_isa  usermain.o
    0x20000020        -       0x00000004   Zero   RW         1913    .bss.HAL_ADC_ConvCpltCallback.adc_isb_offset  usermain.o
    0x20000024        -       0x00000004   Zero   RW         1911    .bss.HAL_ADC_ConvCpltCallback.adc_isb_offset_sum  usermain.o
    0x20000028        -       0x00000004   Zero   RW         1915    .bss.HAL_ADC_ConvCpltCallback.adc_isc  usermain.o
    0x2000002c        -       0x00000004   Zero   RW         1903    .bss.HAL_ADC_ConvCpltCallback.adc_uab  usermain.o
    0x20000030        -       0x00000004   Zero   RW         1907    .bss.HAL_ADC_ConvCpltCallback.adc_ubc_offset  usermain.o
    0x20000034        -       0x00000004   Zero   RW         1905    .bss.HAL_ADC_ConvCpltCallback.adc_ubc_offset_sum  usermain.o
    0x20000038        -       0x0000000c   Zero   RW         1932    .bss.duty_abc_inv   usermain.o
    0x20000044        -       0x0000000c   Zero   RW         1939    .bss.duty_abc_rec   usermain.o
    0x20000050        -       0x0000004c   Zero   RW           69    .bss.htim8          tim.o
    0x2000009c        -       0x0000000c   Zero   RW         1920    .bss.is_abc         usermain.o
    0x200000a8        -       0x00000008   Zero   RW         1933    .bss.is_dq          usermain.o
    0x200000b0        -       0x0000002c   Zero   RW         1936    .bss.isq_controller  usermain.o
    0x200000dc        -       0x00000001   Zero   RW         1895    .bss.system_flag    usermain.o
    0x200000dd        -       0x00000001   Zero   RW         1942    .bss.system_key16_flag  usermain.o
    0x200000de        -       0x00000001   Zero   RW         1923    .bss.system_key1_flag  usermain.o
    0x200000df        -       0x00000001   Zero   RW         1940    .bss.system_key5_flag  usermain.o
    0x200000e0        -       0x00000001   Zero   RW         1921    .bss.system_key7_flag  usermain.o
    0x200000e1   0x0800e8cc   0x00000003   PAD
    0x200000e4        -       0x00000004   Zero   RW         1918    .bss.uo_ab          usermain.o
    0x200000e8        -       0x0000000c   Zero   RW         1926    .bss.uo_abc         usermain.o
    0x200000f4        -       0x00000004   Zero   RW         1925    .bss.uo_theta       usermain.o
    0x200000f8        -       0x0000002c   Zero   RW         1930    .bss.uoq_controller  usermain.o
    0x20000124        -       0x00000004   Zero   RW         1096    .bss.uwTick         stm32h7xx_hal.o
    0x20000128        -       0x00000400   Zero   RW            1    STACK               startup_stm32h723xx.o


    Execution Region RW_IRAM2 (Exec base: 0x24000000, Load base: 0x0800e8d0, Size: 0x00000530, Max: 0x00020000, ABSOLUTE)

    Exec Addr    Load Addr    Size         Type   Attr      Idx    E Section Name        Object

    0x24000000   0x0800e8d0   0x0000000c   Data   RW         1917    .ARM.__at_0x24000000  usermain.o
    0x2400000c   0x0800e8dc   0x00000004   Data   RW         1868    .data.SystemCoreClock  system_stm32h7xx.o
    0x24000010   0x0800e8e0   0x00000004   Data   RW         1898    .data.freq          usermain.o
    0x24000014   0x0800e8e4   0x00000004   Data   RW         1900    .data.id_ref        usermain.o
    0x24000018   0x0800e8e8   0x00000004   Data   RW         1893    .data.system_sample_time  usermain.o
    0x2400001c   0x0800e8ec   0x00000004   PAD
    0x24000020        -       0x00000060   Zero   RW         2099    .bss                c_w.l(libspace.o)
    0x24000080        -       0x00000004   Zero   RW         1910    .bss.HAL_ADC_ConvCpltCallback.adc_isa_offset  usermain.o
    0x24000084        -       0x00000004   Zero   RW         1908    .bss.HAL_ADC_ConvCpltCallback.adc_isa_offset_sum  usermain.o
    0x24000088        -       0x00000004   Zero   RW         1912    .bss.HAL_ADC_ConvCpltCallback.adc_isb  usermain.o
    0x2400008c        -       0x00000004   Zero   RW         1916    .bss.HAL_ADC_ConvCpltCallback.adc_isc_offset  usermain.o
    0x24000090        -       0x00000004   Zero   RW         1914    .bss.HAL_ADC_ConvCpltCallback.adc_isc_offset_sum  usermain.o
    0x24000094        -       0x00000004   Zero   RW         1904    .bss.HAL_ADC_ConvCpltCallback.adc_uab_offset  usermain.o
    0x24000098        -       0x00000004   Zero   RW         1902    .bss.HAL_ADC_ConvCpltCallback.adc_uab_offset_sum  usermain.o
    0x2400009c        -       0x00000004   Zero   RW         1906    .bss.HAL_ADC_ConvCpltCallback.adc_ubc  usermain.o
    0x240000a0        -       0x00000070   Zero   RW           41    .bss.hadc1          adc.o
    0x24000110        -       0x00000078   Zero   RW           42    .bss.hdma_adc1      adc.o
    0x24000188        -       0x0000004c   Zero   RW           68    .bss.htim1          tim.o
    0x240001d4        -       0x00000094   Zero   RW           83    .bss.huart1         usart.o
    0x24000268        -       0x00000004   Zero   RW         1937    .bss.is_0           usermain.o
    0x2400026c        -       0x0000002c   Zero   RW         1934    .bss.isd_controller  usermain.o
    0x24000298        -       0x00000018   Zero   RW         1947    .bss.isd_filter     usermain.o
    0x240002b0        -       0x00000018   Zero   RW         1948    .bss.isq_filter     usermain.o
    0x240002c8        -       0x00000001   Zero   RW         1924    .bss.system_key2_flag  usermain.o
    0x240002c9        -       0x00000001   Zero   RW         1941    .bss.system_key6_flag  usermain.o
    0x240002ca        -       0x00000001   Zero   RW         1922    .bss.system_key8_flag  usermain.o
    0x240002cb        -       0x00000001   Zero   RW         1896    .bss.system_run_flag  usermain.o
    0x240002cc        -       0x00000001   Zero   RW         1892    .bss.system_sample_flag  usermain.o
    0x240002cd   0x0800e8ec   0x00000003   PAD
    0x240002d0        -       0x0000000c   Zero   RW         1931    .bss.uabc_inv       usermain.o
    0x240002dc        -       0x0000000c   Zero   RW         1938    .bss.uabc_rec       usermain.o
    0x240002e8        -       0x00000008   Zero   RW         1929    .bss.udq_inv        usermain.o
    0x240002f0        -       0x00000008   Zero   RW         1935    .bss.udq_rec        usermain.o
    0x240002f8        -       0x00000004   Zero   RW         1919    .bss.uo_bc          usermain.o
    0x240002fc        -       0x00000008   Zero   RW         1927    .bss.uo_dq          usermain.o
    0x24000304        -       0x0000002c   Zero   RW         1928    .bss.uod_controller  usermain.o
    0x24000330        -       0x00000200   Zero   RW            2    HEAP                startup_stm32h723xx.o


==============================================================================

Image component sizes


      Code (inc. data)   RO Data    RW Data    ZI Data      Debug   Object Name

       832          0          0          0        232       9308   adc.o
       476         16          0          0          0       1990   coordinate_transform.o
        56          0          0          0          0       5208   dma.o
       566          0          0          0          0       6133   gpio.o
       354          0          0          0          0       2811   main.o
       524         20          0          0          0       5633   my_math.o
        72         30        716          0       1536        840   startup_stm32h723xx.o
       360          0          0          5          4      14582   stm32h7xx_hal.o
      7634          0          0          0          0      24914   stm32h7xx_hal_adc.o
       982          0          0          0          0      23492   stm32h7xx_hal_adc_ex.o
       688          0          0          0          0      11451   stm32h7xx_hal_cortex.o
     11412          8          8          0          0      12431   stm32h7xx_hal_dma.o
      1034          0          0          0          0       6990   stm32h7xx_hal_gpio.o
        36          0          0          0          0       2215   stm32h7xx_hal_msp.o
       162          0          0          0          0       9283   stm32h7xx_hal_pwr_ex.o
      4714         66          0          0          0      11379   stm32h7xx_hal_rcc.o
      9852        118          0          0          0      18668   stm32h7xx_hal_rcc_ex.o
      4380         22          0          0          0      37366   stm32h7xx_hal_tim.o
      1188          0          0          0          0      18030   stm32h7xx_hal_tim_ex.o
      3888        342         24          0          0      29290   stm32h7xx_hal_uart.o
       538          0         16          0          0       8837   stm32h7xx_hal_uart_ex.o
       116          0          0          0          0       1637   stm32h7xx_it.o
       142          0          0          0          0        915   svpwm.o
       398          0         16          8          0       5553   system_stm32h7xx.o
      1246          0          0          0        152       8683   tim.o
       314          0          0          0        148       7966   usart.o
      4412         60          0         32        418      11852   usermain.o

    ----------------------------------------------------------------------
     56882        698        844         48       2504     297457   Object Totals
         0          0         64          0          0          0   (incl. Generated)
       506         16          0          3         14          0   (incl. Padding)

    ----------------------------------------------------------------------

      Code (inc. data)   RO Data    RW Data    ZI Data      Debug   Library Member Name

         8          0          0          0          0         68   __main.o
         0          0          0          0          0          0   __rtentry.o
        12          0          0          0          0          0   __rtentry2.o
         6          0          0          0          0          0   __rtentry4.o
        52          8          0          0          0          0   __scatter.o
        26          0          0          0          0          0   __scatter_copy.o
        28          0          0          0          0          0   __scatter_zi.o
        22          0          0          0          0        100   _rserrno.o
        18          0          0          0          0         80   exit.o
         6          0          0          0          0        152   heapauxi.o
         0          0          0          0          0          0   indicate_semi.o
         2          0          0          0          0          0   libinit.o
         6          0          0          0          0          0   libinit2.o
         2          0          0          0          0          0   libshutdown.o
         2          0          0          0          0          0   libshutdown2.o
         8          4          0          0         96         68   libspace.o
       240          0          0          0          0        100   lludivv7m.o
         8          4          0          0          0         68   rt_errno_addr_intlibspace.o
        78          0          0          0          0         80   rt_memclr_w.o
         2          0          0          0          0          0   rtexit.o
        10          0          0          0          0          0   rtexit2.o
        12          4          0          0          0         68   sys_exit.o
        74          0          0          0          0         80   sys_stackheap_outer.o
         2          0          0          0          0         68   use_no_semi.o
        26          0          0          0          0        116   fpinit.o
         0          0          0          0          0          0   usenofp.o
       336         56          0          0          0        136   cosf.o
        38          0          0          0          0        116   fpclassifyf.o
        38         12          0          0          0        348   funder.o
       340         24         32          0          0        160   rredf.o
       400         56          0          0          0        212   sinf.o

    ----------------------------------------------------------------------
      1818        168         32          0         96       2020   Library Totals
        16          0          0          0          0          0   (incl. Padding)

    ----------------------------------------------------------------------

      Code (inc. data)   RO Data    RW Data    ZI Data      Debug   Library Name

       624         20          0          0         96        932   c_w.l
        26          0          0          0          0        116   fz_wv.l
      1152        148         32          0          0        972   m_wv.l

    ----------------------------------------------------------------------
      1818        168         32          0         96       2020   Library Totals

    ----------------------------------------------------------------------

==============================================================================


      Code (inc. data)   RO Data    RW Data    ZI Data      Debug   

     58700        866        876         48       2600     298013   Grand Totals
     58700        866        876         48       2600     298013   ELF Image Totals
     58700        866        876         48          0          0   ROM Totals

==============================================================================

    Total RO  Size (Code + RO Data)                59576 (  58.18kB)
    Total RW  Size (RW Data + ZI Data)              2648 (   2.59kB)
    Total ROM Size (Code + RO Data + RW Data)      59624 (  58.23kB)

==============================================================================

