Component: ARM Compiler 6.16 Tool: armlink [5dfeaa00]

==============================================================================

Section Cross References

    startup_stm32h723xx.o(STACK) refers (Special) to heapauxi.o(.text) for __use_two_region_memory
    startup_stm32h723xx.o(HEAP) refers (Special) to heapauxi.o(.text) for __use_two_region_memory
    startup_stm32h723xx.o(RESET) refers (Special) to heapauxi.o(.text) for __use_two_region_memory
    startup_stm32h723xx.o(RESET) refers to startup_stm32h723xx.o(STACK) for __initial_sp
    startup_stm32h723xx.o(RESET) refers to startup_stm32h723xx.o(.text) for Reset_Handler
    startup_stm32h723xx.o(RESET) refers to stm32h7xx_it.o(.text.NMI_Handler) for NMI_Handler
    startup_stm32h723xx.o(RESET) refers to stm32h7xx_it.o(.text.HardFault_Handler) for HardFault_Handler
    startup_stm32h723xx.o(RESET) refers to stm32h7xx_it.o(.text.MemManage_Handler) for MemManage_Handler
    startup_stm32h723xx.o(RESET) refers to stm32h7xx_it.o(.text.BusFault_Handler) for BusFault_Handler
    startup_stm32h723xx.o(RESET) refers to stm32h7xx_it.o(.text.UsageFault_Handler) for UsageFault_Handler
    startup_stm32h723xx.o(RESET) refers to stm32h7xx_it.o(.text.SVC_Handler) for SVC_Handler
    startup_stm32h723xx.o(RESET) refers to stm32h7xx_it.o(.text.DebugMon_Handler) for DebugMon_Handler
    startup_stm32h723xx.o(RESET) refers to stm32h7xx_it.o(.text.PendSV_Handler) for PendSV_Handler
    startup_stm32h723xx.o(RESET) refers to stm32h7xx_it.o(.text.SysTick_Handler) for SysTick_Handler
    startup_stm32h723xx.o(RESET) refers to stm32h7xx_it.o(.text.EXTI2_IRQHandler) for EXTI2_IRQHandler
    startup_stm32h723xx.o(RESET) refers to stm32h7xx_it.o(.text.DMA1_Stream0_IRQHandler) for DMA1_Stream0_IRQHandler
    startup_stm32h723xx.o(.text) refers (Special) to heapauxi.o(.text) for __use_two_region_memory
    startup_stm32h723xx.o(.text) refers to system_stm32h7xx.o(.text.ExitRun0Mode) for ExitRun0Mode
    startup_stm32h723xx.o(.text) refers to system_stm32h7xx.o(.text.SystemInit) for SystemInit
    startup_stm32h723xx.o(.text) refers to __main.o(!!!main) for __main
    startup_stm32h723xx.o(.text) refers to startup_stm32h723xx.o(HEAP) for Heap_Mem
    startup_stm32h723xx.o(.text) refers to startup_stm32h723xx.o(STACK) for Stack_Mem
    main.o(.text.main) refers to main.o(.text.MPU_Config) for MPU_Config
    main.o(.text.main) refers to stm32h7xx_hal.o(.text.HAL_Init) for HAL_Init
    main.o(.text.main) refers to main.o(.text.SystemClock_Config) for SystemClock_Config
    main.o(.text.main) refers to gpio.o(.text.MX_GPIO_Init) for MX_GPIO_Init
    main.o(.text.main) refers to dma.o(.text.MX_DMA_Init) for MX_DMA_Init
    main.o(.text.main) refers to tim.o(.text.MX_TIM1_Init) for MX_TIM1_Init
    main.o(.text.main) refers to adc.o(.text.MX_ADC1_Init) for MX_ADC1_Init
    main.o(.text.main) refers to usart.o(.text.MX_USART1_UART_Init) for MX_USART1_UART_Init
    main.o(.text.main) refers to tim.o(.text.MX_TIM8_Init) for MX_TIM8_Init
    main.o(.text.main) refers to usermain.o(.text.usermain) for usermain
    main.o(.ARM.exidx.text.main) refers to main.o(.text.main) for [Anonymous Symbol]
    main.o(.text.MPU_Config) refers to stm32h7xx_hal_cortex.o(.text.HAL_MPU_Disable) for HAL_MPU_Disable
    main.o(.text.MPU_Config) refers to stm32h7xx_hal_cortex.o(.text.HAL_MPU_ConfigRegion) for HAL_MPU_ConfigRegion
    main.o(.text.MPU_Config) refers to stm32h7xx_hal_cortex.o(.text.HAL_MPU_Enable) for HAL_MPU_Enable
    main.o(.ARM.exidx.text.MPU_Config) refers to main.o(.text.MPU_Config) for [Anonymous Symbol]
    main.o(.text.SystemClock_Config) refers to rt_memclr_w.o(.text) for __aeabi_memclr4
    main.o(.text.SystemClock_Config) refers to stm32h7xx_hal_pwr_ex.o(.text.HAL_PWREx_ConfigSupply) for HAL_PWREx_ConfigSupply
    main.o(.text.SystemClock_Config) refers to stm32h7xx_hal_rcc.o(.text.HAL_RCC_OscConfig) for HAL_RCC_OscConfig
    main.o(.text.SystemClock_Config) refers to main.o(.text.Error_Handler) for Error_Handler
    main.o(.text.SystemClock_Config) refers to stm32h7xx_hal_rcc.o(.text.HAL_RCC_ClockConfig) for HAL_RCC_ClockConfig
    main.o(.ARM.exidx.text.SystemClock_Config) refers to main.o(.text.SystemClock_Config) for [Anonymous Symbol]
    main.o(.ARM.exidx.text.Error_Handler) refers to main.o(.text.Error_Handler) for [Anonymous Symbol]
    gpio.o(.text.MX_GPIO_Init) refers to stm32h7xx_hal_gpio.o(.text.HAL_GPIO_WritePin) for HAL_GPIO_WritePin
    gpio.o(.text.MX_GPIO_Init) refers to stm32h7xx_hal_gpio.o(.text.HAL_GPIO_Init) for HAL_GPIO_Init
    gpio.o(.text.MX_GPIO_Init) refers to stm32h7xx_hal_cortex.o(.text.HAL_NVIC_SetPriority) for HAL_NVIC_SetPriority
    gpio.o(.text.MX_GPIO_Init) refers to stm32h7xx_hal_cortex.o(.text.HAL_NVIC_EnableIRQ) for HAL_NVIC_EnableIRQ
    gpio.o(.ARM.exidx.text.MX_GPIO_Init) refers to gpio.o(.text.MX_GPIO_Init) for [Anonymous Symbol]
    adc.o(.text.MX_ADC1_Init) refers to rt_memclr_w.o(.text) for __aeabi_memclr4
[...]
    TIM_OC3_SetConfig                        0x0800be61   Thumb Code   362  stm32h7xx_hal_tim.o(.text.TIM_OC3_SetConfig)
    [Anonymous Symbol]                       0x0800be60   Section        0  stm32h7xx_hal_tim.o(.text.TIM_OC3_SetConfig)
    TIM_OC4_SetConfig                        0x0800bfd1   Thumb Code   218  stm32h7xx_hal_tim.o(.text.TIM_OC4_SetConfig)
    [Anonymous Symbol]                       0x0800bfd0   Section        0  stm32h7xx_hal_tim.o(.text.TIM_OC4_SetConfig)
    TIM_OC5_SetConfig                        0x0800c0b1   Thumb Code   208  stm32h7xx_hal_tim.o(.text.TIM_OC5_SetConfig)
    [Anonymous Symbol]                       0x0800c0b0   Section        0  stm32h7xx_hal_tim.o(.text.TIM_OC5_SetConfig)
    TIM_OC6_SetConfig                        0x0800c181   Thumb Code   210  stm32h7xx_hal_tim.o(.text.TIM_OC6_SetConfig)
    [Anonymous Symbol]                       0x0800c180   Section        0  stm32h7xx_hal_tim.o(.text.TIM_OC6_SetConfig)
    TIM_TI1_ConfigInputStage                 0x0800c259   Thumb Code    80  stm32h7xx_hal_tim.o(.text.TIM_TI1_ConfigInputStage)
    [Anonymous Symbol]                       0x0800c258   Section        0  stm32h7xx_hal_tim.o(.text.TIM_TI1_ConfigInputStage)
    TIM_TI2_ConfigInputStage                 0x0800c2a9   Thumb Code    82  stm32h7xx_hal_tim.o(.text.TIM_TI2_ConfigInputStage)
    [Anonymous Symbol]                       0x0800c2a8   Section        0  stm32h7xx_hal_tim.o(.text.TIM_TI2_ConfigInputStage)
    UARTEx_SetNbDataToProcess                0x0800c301   Thumb Code   134  stm32h7xx_hal_uart_ex.o(.text.UARTEx_SetNbDataToProcess)
    [Anonymous Symbol]                       0x0800c300   Section        0  stm32h7xx_hal_uart_ex.o(.text.UARTEx_SetNbDataToProcess)
    [Anonymous Symbol]                       0x0800c388   Section        0  stm32h7xx_hal_uart.o(.text.UART_AdvFeatureConfig)
    [Anonymous Symbol]                       0x0800c4d0   Section        0  stm32h7xx_hal_uart.o(.text.UART_CheckIdleState)
    UART_EndRxTransfer                       0x0800c619   Thumb Code   158  stm32h7xx_hal_uart.o(.text.UART_EndRxTransfer)
    [Anonymous Symbol]                       0x0800c618   Section        0  stm32h7xx_hal_uart.o(.text.UART_EndRxTransfer)
    [Anonymous Symbol]                       0x0800c6b8   Section        0  stm32h7xx_hal_uart.o(.text.UART_SetConfig)
    [Anonymous Symbol]                       0x0800d108   Section        0  stm32h7xx_hal_uart.o(.text.UART_WaitOnFlagUntilTimeout)
    [Anonymous Symbol]                       0x0800d218   Section        0  stm32h7xx_it.o(.text.UsageFault_Handler)
    __NVIC_EnableIRQ                         0x0800d221   Thumb Code    48  stm32h7xx_hal_cortex.o(.text.__NVIC_EnableIRQ)
    [Anonymous Symbol]                       0x0800d220   Section        0  stm32h7xx_hal_cortex.o(.text.__NVIC_EnableIRQ)
    __NVIC_GetPriorityGrouping               0x0800d251   Thumb Code    16  stm32h7xx_hal_cortex.o(.text.__NVIC_GetPriorityGrouping)
    [Anonymous Symbol]                       0x0800d250   Section        0  stm32h7xx_hal_cortex.o(.text.__NVIC_GetPriorityGrouping)
    __NVIC_SetPriority                       0x0800d261   Thumb Code    66  stm32h7xx_hal_cortex.o(.text.__NVIC_SetPriority)
    [Anonymous Symbol]                       0x0800d260   Section        0  stm32h7xx_hal_cortex.o(.text.__NVIC_SetPriority)
    __NVIC_SetPriorityGrouping               0x0800d2a9   Thumb Code    60  stm32h7xx_hal_cortex.o(.text.__NVIC_SetPriorityGrouping)
    [Anonymous Symbol]                       0x0800d2a8   Section        0  stm32h7xx_hal_cortex.o(.text.__NVIC_SetPriorityGrouping)
    [Anonymous Symbol]                       0x0800d2e8   Section        0  coordinate_transform.o(.text.dq_2_abc)
    [Anonymous Symbol]                       0x0800d3c8   Section        0  svpwm.o(.text.e_svpwm)
    [Anonymous Symbol]                       0x0800d498   Section        0  my_math.o(.text.get_max)
    [Anonymous Symbol]                       0x0800d518   Section        0  my_math.o(.text.get_min)
    init                                     0x0800d599   Thumb Code   256  usermain.o(.text.init)
    [Anonymous Symbol]                       0x0800d598   Section        0  usermain.o(.text.init)
    [Anonymous Symbol]                       0x0800d698   Section        0  main.o(.text.main)
    [Anonymous Symbol]                       0x0800d6d0   Section        0  my_math.o(.text.normalize)
    [Anonymous Symbol]                       0x0800d760   Section        0  usermain.o(.text.usermain)
    i.__ARM_fpclassifyf                      0x0800d8a0   Section        0  fpclassifyf.o(i.__ARM_fpclassifyf)
    i.__hardfp_cosf                          0x0800d8c8   Section        0  cosf.o(i.__hardfp_cosf)
    i.__hardfp_sinf                          0x0800da18   Section        0  sinf.o(i.__hardfp_sinf)
    i.__hardfp_sqrtf                         0x0800dba8   Section        0  sqrtf.o(i.__hardfp_sqrtf)
    i.__mathlib_flt_infnan                   0x0800dbe2   Section        0  funder.o(i.__mathlib_flt_infnan)
    i.__mathlib_flt_invalid                  0x0800dbe8   Section        0  funder.o(i.__mathlib_flt_invalid)
    i.__mathlib_flt_underflow                0x0800dbf8   Section        0  funder.o(i.__mathlib_flt_underflow)
    i.__mathlib_rredf2                       0x0800dc08   Section        0  rredf.o(i.__mathlib_rredf2)
    $v0                                      0x0800dd5c   Number         0  fpinit.o(x$fpl$fpinit)
    x$fpl$fpinit                             0x0800dd5c   Section       26  fpinit.o(x$fpl$fpinit)
    x$fpl$usenofp                            0x0800dd76   Section        0  usenofp.o(x$fpl$usenofp)
    twooverpi                                0x0800dd78   Data          32  rredf.o(.constdata)
    .constdata                               0x0800dd78   Section       32  rredf.o(.constdata)
    DMA_CalcBaseAndBitshift.flagBitshiftOffset 0x0800dda8   Data           8  stm32h7xx_hal_dma.o(.rodata.DMA_CalcBaseAndBitshift.flagBitshiftOffset)
    [Anonymous Symbol]                       0x0800dda8   Section        0  stm32h7xx_hal_dma.o(.rodata.DMA_CalcBaseAndBitshift.flagBitshiftOffset)
    UARTEx_SetNbDataToProcess.denominator    0x0800ddb0   Data           8  stm32h7xx_hal_uart_ex.o(.rodata.UARTEx_SetNbDataToProcess.denominator)
    [Anonymous Symbol]                       0x0800ddb0   Section        0  stm32h7xx_hal_uart_ex.o(.rodata.UARTEx_SetNbDataToProcess.denominator)
    UARTEx_SetNbDataToProcess.numerator      0x0800ddb8   Data           8  stm32h7xx_hal_uart_ex.o(.rodata.UARTEx_SetNbDataToProcess.numerator)
    [Anonymous Symbol]                       0x0800ddb8   Section        0  stm32h7xx_hal_uart_ex.o(.rodata.UARTEx_SetNbDataToProcess.numerator)
    HAL_ADC_ConvCpltCallback.adc_us_offset   0x20000010   Data           4  usermain.o(.bss.HAL_ADC_ConvCpltCallback.adc_us_offset)
    [Anonymous Symbol]                       0x20000010   Section        0  usermain.o(.bss.HAL_ADC_ConvCpltCallback.adc_us_offset)
    HAL_ADC_ConvCpltCallback.adc_us_offset_sum 0x20000014   Data           4  usermain.o(.bss.HAL_ADC_ConvCpltCallback.adc_us_offset_sum)
    [Anonymous Symbol]                       0x20000014   Section        0  usermain.o(.bss.HAL_ADC_ConvCpltCallback.adc_us_offset_sum)
    Stack_Mem                                0x200000a8   Data        1024  startup_stm32h723xx.o(STACK)
    STACK                                    0x200000a8   Section     1024  startup_stm32h723xx.o(STACK)
    __initial_sp                             0x200004a8   Data           0  startup_stm32h723xx.o(STACK)
    .bss                                     0x24000010   Section       96  libspace.o(.bss)
    HAL_ADC_ConvCpltCallback.adc_cnt         0x24000070   Data           4  usermain.o(.bss.HAL_ADC_ConvCpltCallback.adc_cnt)
    [Anonymous Symbol]                       0x24000070   Section        0  usermain.o(.bss.HAL_ADC_ConvCpltCallback.adc_cnt)
    HAL_ADC_ConvCpltCallback.adc_us          0x24000074   Data           4  usermain.o(.bss.HAL_ADC_ConvCpltCallback.adc_us)
    [Anonymous Symbol]                       0x24000074   Section        0  usermain.o(.bss.HAL_ADC_ConvCpltCallback.adc_us)
    Heap_Mem                                 0x240002b8   Data         512  startup_stm32h723xx.o(HEAP)
    HEAP                                     0x240002b8   Section      512  startup_stm32h723xx.o(HEAP)

    Global Symbols

    Symbol Name                              Value     Ov Type        Size  Object(Section)

    BuildAttributes$$THM_ISAv4$E$P$D$K$B$S$7EM$VFPv5_D16$PE$PLD8$A:L22UL41UL21$X:L11$S22US41US21$IEEE1$IW$~IW$USESV6$~STKCKD$USESV7$~SHL$OTIME$ROPI$IEEEX$EBA8$UX$STANDARDLIB$REQ8$PRES8$EABIv2 0x00000000   Number         0  anon$$obj.o ABSOLUTE
    __ARM_exceptions_init                     - Undefined Weak Reference
    __alloca_initialize                       - Undefined Weak Reference
    __arm_preinit_                            - Undefined Weak Reference
    __cpp_initialize__aeabi_                  - Undefined Weak Reference
    __cxa_finalize                            - Undefined Weak Reference
    __rt_locale                               - Undefined Weak Reference
    __sigvec_lookup                           - Undefined Weak Reference
    _atexit_init                              - Undefined Weak Reference
    _call_atexit_fns                          - Undefined Weak Reference
    _clock_init                               - Undefined Weak Reference
    _fp_trap_init                             - Undefined Weak Reference
    _fp_trap_shutdown                         - Undefined Weak Reference
    _get_lc_collate                           - Undefined Weak Reference
    _get_lc_ctype                             - Undefined Weak Reference
    _get_lc_monetary                          - Undefined Weak Reference
    _get_lc_numeric                           - Undefined Weak Reference
    _get_lc_time                              - Undefined Weak Reference
    _getenv_init                              - Undefined Weak Reference
    _handle_redirection                       - Undefined Weak Reference
    _init_alloc                               - Undefined Weak Reference
    _init_user_alloc                          - Undefined Weak Reference
    _initio                                   - Undefined Weak Reference
    _rand_init                                - Undefined Weak Reference
    _signal_finish                            - Undefined Weak Reference
    _signal_init                              - Undefined Weak Reference
    _terminate_alloc                          - Undefined Weak Reference
    _terminate_user_alloc                     - Undefined Weak Reference
    _terminateio                              - Undefined Weak Reference
    __Vectors_Size                           0x000002cc   Number         0  startup_stm32h723xx.o ABSOLUTE
    __Vectors                                0x08000000   Data           4  startup_stm32h723xx.o(RESET)
    __Vectors_End                            0x080002cc   Data           0  startup_stm32h723xx.o(RESET)
    __main                                   0x080002cd   Thumb Code     8  __main.o(!!!main)
    __scatterload                            0x080002d5   Thumb Code     0  __scatter.o(!!!scatter)
    __scatterload_rt2                        0x080002d5   Thumb Code    44  __scatter.o(!!!scatter)
    __scatterload_rt2_thumb_only             0x080002d5   Thumb Code     0  __scatter.o(!!!scatter)
    __scatterload_null                       0x080002e3   Thumb Code     0  __scatter.o(!!!scatter)
    __scatterload_copy                       0x08000309   Thumb Code    26  __scatter_copy.o(!!handler_copy)
    __scatterload_zeroinit                   0x08000325   Thumb Code    28  __scatter_zi.o(!!handler_zi)
    __rt_lib_init                            0x08000341   Thumb Code     0  libinit.o(.ARM.Collect$$libinit$$00000000)
    __rt_lib_init_fp_1                       0x08000343   Thumb Code     0  libinit2.o(.ARM.Collect$$libinit$$00000001)
    __rt_lib_init_alloca_1                   0x08000347   Thumb Code     0  libinit2.o(.ARM.Collect$$libinit$$0000002E)
    __rt_lib_init_argv_1                     0x08000347   Thumb Code     0  libinit2.o(.ARM.Collect$$libinit$$0000002C)
    __rt_lib_init_atexit_1                   0x08000347   Thumb Code     0  libinit2.o(.ARM.Collect$$libinit$$0000001B)
    __rt_lib_init_clock_1                    0x08000347   Thumb Code     0  libinit2.o(.ARM.Collect$$libinit$$00000021)
    __rt_lib_init_cpp_1                      0x08000347   Thumb Code     0  libinit2.o(.ARM.Collect$$libinit$$00000032)
    __rt_lib_init_exceptions_1               0x08000347   Thumb Code     0  libinit2.o(.ARM.Collect$$libinit$$00000030)
    __rt_lib_init_fp_trap_1                  0x08000347   Thumb Code     0  libinit2.o(.ARM.Collect$$libinit$$0000001F)
    __rt_lib_init_getenv_1                   0x08000347   Thumb Code     0  libinit2.o(.ARM.Collect$$libinit$$00000023)
    __rt_lib_init_heap_1                     0x08000347   Thumb Code     0  libinit2.o(.ARM.Collect$$libinit$$0000000A)
    __rt_lib_init_lc_collate_1               0x08000347   Thumb Code     0  libinit2.o(.ARM.Collect$$libinit$$00000011)
    __rt_lib_init_lc_ctype_1                 0x08000347   Thumb Code     0  libinit2.o(.ARM.Collect$$libinit$$00000013)
    __rt_lib_init_lc_monetary_1              0x08000347   Thumb Code     0  libinit2.o(.ARM.Collect$$libinit$$00000015)
    __rt_lib_init_lc_numeric_1               0x08000347   Thumb Code     0  libinit2.o(.ARM.Collect$$libinit$$00000017)
    __rt_lib_init_lc_time_1                  0x08000347   Thumb Code     0  libinit2.o(.ARM.Collect$$libinit$$00000019)
    __rt_lib_init_preinit_1                  0x08000347   Thumb Code     0  libinit2.o(.ARM.Collect$$libinit$$00000004)
    __rt_lib_init_rand_1                     0x08000347   Thumb Code     0  libinit2.o(.ARM.Collect$$libinit$$0000000E)
    __rt_lib_init_return                     0x08000347   Thumb Code     0  libinit2.o(.ARM.Collect$$libinit$$00000033)
    __rt_lib_init_signal_1                   0x08000347   Thumb Code     0  libinit2.o(.ARM.Collect$$libinit$$0000001D)
    __rt_lib_init_stdio_1                    0x08000347   Thumb Code     0  libinit2.o(.ARM.Collect$$libinit$$00000025)
    __rt_lib_init_user_alloc_1               0x08000347   Thumb Code     0  libinit2.o(.ARM.Collect$$libinit$$0000000C)
    __rt_lib_shutdown                        0x08000349   Thumb Code     0  libshutdown.o(.ARM.Collect$$libshutdown$$00000000)
    __rt_lib_shutdown_cpp_1                  0x0800034b   Thumb Code     0  libshutdown2.o(.ARM.Collect$$libshutdown$$00000002)
    __rt_lib_shutdown_fp_trap_1              0x0800034b   Thumb Code     0  libshutdown2.o(.ARM.Collect$$libshutdown$$00000007)
    __rt_lib_shutdown_heap_1                 0x0800034b   Thumb Code     0  libshutdown2.o(.ARM.Collect$$libshutdown$$0000000F)
    __rt_lib_shutdown_return                 0x0800034b   Thumb Code     0  libshutdown2.o(.ARM.Collect$$libshutdown$$00000010)
    __rt_lib_shutdown_signal_1               0x0800034b   Thumb Code     0  libshutdown2.o(.ARM.Collect$$libshutdown$$0000000A)
    __rt_lib_shutdown_stdio_1                0x0800034b   Thumb Code     0  libshutdown2.o(.ARM.Collect$$libshutdown$$00000004)
    __rt_lib_shutdown_user_alloc_1           0x0800034b   Thumb Code     0  libshutdown2.o(.ARM.Collect$$libshutdown$$0000000C)
    __rt_entry                               0x0800034d   Thumb Code     0  __rtentry.o(.ARM.Collect$$rtentry$$00000000)
    __rt_entry_presh_1                       0x0800034d   Thumb Code     0  __rtentry2.o(.ARM.Collect$$rtentry$$00000002)
    __rt_entry_sh                            0x0800034d   Thumb Code     0  __rtentry4.o(.ARM.Collect$$rtentry$$00000004)
    __rt_entry_li                            0x08000353   Thumb Code     0  __rtentry2.o(.ARM.Collect$$rtentry$$0000000A)
    __rt_entry_postsh_1                      0x08000353   Thumb Code     0  __rtentry2.o(.ARM.Collect$$rtentry$$00000009)
    __rt_entry_main                          0x08000357   Thumb Code     0  __rtentry2.o(.ARM.Collect$$rtentry$$0000000D)
    __rt_entry_postli_1                      0x08000357   Thumb Code     0  __rtentry2.o(.ARM.Collect$$rtentry$$0000000C)
    __rt_exit                                0x0800035f   Thumb Code     0  rtexit.o(.ARM.Collect$$rtexit$$00000000)
    __rt_exit_ls                             0x08000361   Thumb Code     0  rtexit2.o(.ARM.Collect$$rtexit$$00000003)
    __rt_exit_prels_1                        0x08000361   Thumb Code     0  rtexit2.o(.ARM.Collect$$rtexit$$00000002)
    __rt_exit_exit                           0x08000365   Thumb Code     0  rtexit2.o(.ARM.Collect$$rtexit$$00000004)
    Reset_Handler                            0x0800036d   Thumb Code    12  startup_stm32h723xx.o(.text)
    ADC3_IRQHandler                          0x0800038b   Thumb Code     0  startup_stm32h723xx.o(.text)
    ADC_IRQHandler                           0x0800038b   Thumb Code     0  startup_stm32h723xx.o(.text)
    BDMA_Channel0_IRQHandler                 0x0800038b   Thumb Code     0  startup_stm32h723xx.o(.text)
    BDMA_Channel1_IRQHandler                 0x0800038b   Thumb Code     0  startup_stm32h723xx.o(.text)
    BDMA_Channel2_IRQHandler                 0x0800038b   Thumb Code     0  startup_stm32h723xx.o(.text)
    BDMA_Channel3_IRQHandler                 0x0800038b   Thumb Code     0  startup_stm32h723xx.o(.text)
    BDMA_Channel4_IRQHandler                 0x0800038b   Thumb Code     0  startup_stm32h723xx.o(.text)
    BDMA_Channel5_IRQHandler                 0x0800038b   Thumb Code     0  startup_stm32h723xx.o(.text)
    BDMA_Channel6_IRQHandler                 0x0800038b   Thumb Code     0  startup_stm32h723xx.o(.text)
    BDMA_Channel7_IRQHandler                 0x0800038b   Thumb Code     0  startup_stm32h723xx.o(.text)
    CEC_IRQHandler                           0x0800038b   Thumb Code     0  startup_stm32h723xx.o(.text)
    COMP1_IRQHandler                         0x0800038b   Thumb Code     0  startup_stm32h723xx.o(.text)
    CORDIC_IRQHandler                        0x0800038b   Thumb Code     0  startup_stm32h723xx.o(.text)
    CRS_IRQHandler                           0x0800038b   Thumb Code     0  startup_stm32h723xx.o(.text)
    DCMI_PSSI_IRQHandler                     0x0800038b   Thumb Code     0  startup_stm32h723xx.o(.text)
    DFSDM1_FLT0_IRQHandler                   0x0800038b   Thumb Code     0  startup_stm32h723xx.o(.text)
    DFSDM1_FLT1_IRQHandler                   0x0800038b   Thumb Code     0  startup_stm32h723xx.o(.text)
    DFSDM1_FLT2_IRQHandler                   0x0800038b   Thumb Code     0  startup_stm32h723xx.o(.text)
    DFSDM1_FLT3_IRQHandler                   0x0800038b   Thumb Code     0  startup_stm32h723xx.o(.text)
    DMA1_Stream1_IRQHandler                  0x0800038b   Thumb Code     0  startup_stm32h723xx.o(.text)
    DMA1_Stream2_IRQHandler                  0x0800038b   Thumb Code     0  startup_stm32h723xx.o(.text)
    DMA1_Stream3_IRQHandler                  0x0800038b   Thumb Code     0  startup_stm32h723xx.o(.text)
    DMA1_Stream4_IRQHandler                  0x0800038b   Thumb Code     0  startup_stm32h723xx.o(.text)
    DMA1_Stream5_IRQHandler                  0x0800038b   Thumb Code     0  startup_stm32h723xx.o(.text)
    DMA1_Stream6_IRQHandler                  0x0800038b   Thumb Code     0  startup_stm32h723xx.o(.text)
    DMA1_Stream7_IRQHandler                  0x0800038b   Thumb Code     0  startup_stm32h723xx.o(.text)
    DMA2D_IRQHandler                         0x0800038b   Thumb Code     0  startup_stm32h723xx.o(.text)
    DMA2_Stream0_IRQHandler                  0x0800038b   Thumb Code     0  startup_stm32h723xx.o(.text)
    DMA2_Stream1_IRQHandler                  0x0800038b   Thumb Code     0  startup_stm32h723xx.o(.text)
    DMA2_Stream2_IRQHandler                  0x0800038b   Thumb Code     0  startup_stm32h723xx.o(.text)
    DMA2_Stream3_IRQHandler                  0x0800038b   Thumb Code     0  startup_stm32h723xx.o(.text)
    DMA2_Stream4_IRQHandler                  0x0800038b   Thumb Code     0  startup_stm32h723xx.o(.text)
    DMA2_Stream5_IRQHandler                  0x0800038b   Thumb Code     0  startup_stm32h723xx.o(.text)
    DMA2_Stream6_IRQHandler                  0x0800038b   Thumb Code     0  startup_stm32h723xx.o(.text)
    DMA2_Stream7_IRQHandler                  0x0800038b   Thumb Code     0  startup_stm32h723xx.o(.text)
    DMAMUX1_OVR_IRQHandler                   0x0800038b   Thumb Code     0  startup_stm32h723xx.o(.text)
    DMAMUX2_OVR_IRQHandler                   0x0800038b   Thumb Code     0  startup_stm32h723xx.o(.text)
    DTS_IRQHandler                           0x0800038b   Thumb Code     0  startup_stm32h723xx.o(.text)
    ECC_IRQHandler                           0x0800038b   Thumb Code     0  startup_stm32h723xx.o(.text)
    ETH_IRQHandler                           0x0800038b   Thumb Code     0  startup_stm32h723xx.o(.text)
    ETH_WKUP_IRQHandler                      0x0800038b   Thumb Code     0  startup_stm32h723xx.o(.text)
    EXTI0_IRQHandler                         0x0800038b   Thumb Code     0  startup_stm32h723xx.o(.text)
    EXTI15_10_IRQHandler                     0x0800038b   Thumb Code     0  startup_stm32h723xx.o(.text)
    EXTI1_IRQHandler                         0x0800038b   Thumb Code     0  startup_stm32h723xx.o(.text)
    EXTI3_IRQHandler                         0x0800038b   Thumb Code     0  startup_stm32h723xx.o(.text)
    EXTI4_IRQHandler                         0x0800038b   Thumb Code     0  startup_stm32h723xx.o(.text)
    EXTI9_5_IRQHandler                       0x0800038b   Thumb Code     0  startup_stm32h723xx.o(.text)
    FDCAN1_IT0_IRQHandler                    0x0800038b   Thumb Code     0  startup_stm32h723xx.o(.text)
    FDCAN1_IT1_IRQHandler                    0x0800038b   Thumb Code     0  startup_stm32h723xx.o(.text)
    FDCAN2_IT0_IRQHandler                    0x0800038b   Thumb Code     0  startup_stm32h723xx.o(.text)
    FDCAN2_IT1_IRQHandler                    0x0800038b   Thumb Code     0  startup_stm32h723xx.o(.text)
    FDCAN3_IT0_IRQHandler                    0x0800038b   Thumb Code     0  startup_stm32h723xx.o(.text)
    FDCAN3_IT1_IRQHandler                    0x0800038b   Thumb Code     0  startup_stm32h723xx.o(.text)
    FDCAN_CAL_IRQHandler                     0x0800038b   Thumb Code     0  startup_stm32h723xx.o(.text)
    FLASH_IRQHandler                         0x0800038b   Thumb Code     0  startup_stm32h723xx.o(.text)
    FMAC_IRQHandler                          0x0800038b   Thumb Code     0  startup_stm32h723xx.o(.text)
    FMC_IRQHandler                           0x0800038b   Thumb Code     0  startup_stm32h723xx.o(.text)
    FPU_IRQHandler                           0x0800038b   Thumb Code     0  startup_stm32h723xx.o(.text)
    HSEM1_IRQHandler                         0x0800038b   Thumb Code     0  startup_stm32h723xx.o(.text)
    I2C1_ER_IRQHandler                       0x0800038b   Thumb Code     0  startup_stm32h723xx.o(.text)
    I2C1_EV_IRQHandler                       0x0800038b   Thumb Code     0  startup_stm32h723xx.o(.text)
    I2C2_ER_IRQHandler                       0x0800038b   Thumb Code     0  startup_stm32h723xx.o(.text)
    I2C2_EV_IRQHandler                       0x0800038b   Thumb Code     0  startup_stm32h723xx.o(.text)
    I2C3_ER_IRQHandler                       0x0800038b   Thumb Code     0  startup_stm32h723xx.o(.text)
    I2C3_EV_IRQHandler                       0x0800038b   Thumb Code     0  startup_stm32h723xx.o(.text)
    I2C4_ER_IRQHandler                       0x0800038b   Thumb Code     0  startup_stm32h723xx.o(.text)
    I2C4_EV_IRQHandler                       0x0800038b   Thumb Code     0  startup_stm32h723xx.o(.text)
    I2C5_ER_IRQHandler                       0x0800038b   Thumb Code     0  startup_stm32h723xx.o(.text)
    I2C5_EV_IRQHandler                       0x0800038b   Thumb Code     0  startup_stm32h723xx.o(.text)
    LPTIM1_IRQHandler                        0x0800038b   Thumb Code     0  startup_stm32h723xx.o(.text)
    LPTIM2_IRQHandler                        0x0800038b   Thumb Code     0  startup_stm32h723xx.o(.text)
    LPTIM3_IRQHandler                        0x0800038b   Thumb Code     0  startup_stm32h723xx.o(.text)
    LPTIM4_IRQHandler                        0x0800038b   Thumb Code     0  startup_stm32h723xx.o(.text)
    LPTIM5_IRQHandler                        0x0800038b   Thumb Code     0  startup_stm32h723xx.o(.text)
    LPUART1_IRQHandler                       0x0800038b   Thumb Code     0  startup_stm32h723xx.o(.text)
    LTDC_ER_IRQHandler                       0x0800038b   Thumb Code     0  startup_stm32h723xx.o(.text)
    LTDC_IRQHandler                          0x0800038b   Thumb Code     0  startup_stm32h723xx.o(.text)
    MDIOS_IRQHandler                         0x0800038b   Thumb Code     0  startup_stm32h723xx.o(.text)
    MDIOS_WKUP_IRQHandler                    0x0800038b   Thumb Code     0  startup_stm32h723xx.o(.text)
    MDMA_IRQHandler                          0x0800038b   Thumb Code     0  startup_stm32h723xx.o(.text)
    OCTOSPI1_IRQHandler                      0x0800038b   Thumb Code     0  startup_stm32h723xx.o(.text)
    OCTOSPI2_IRQHandler                      0x0800038b   Thumb Code     0  startup_stm32h723xx.o(.text)
    OTG_HS_EP1_IN_IRQHandler                 0x0800038b   Thumb Code     0  startup_stm32h723xx.o(.text)
    OTG_HS_EP1_OUT_IRQHandler                0x0800038b   Thumb Code     0  startup_stm32h723xx.o(.text)
    OTG_HS_IRQHandler                        0x0800038b   Thumb Code     0  startup_stm32h723xx.o(.text)
    OTG_HS_WKUP_IRQHandler                   0x0800038b   Thumb Code     0  startup_stm32h723xx.o(.text)
    PVD_AVD_IRQHandler                       0x0800038b   Thumb Code     0  startup_stm32h723xx.o(.text)
    RCC_IRQHandler                           0x0800038b   Thumb Code     0  startup_stm32h723xx.o(.text)
    RNG_IRQHandler                           0x0800038b   Thumb Code     0  startup_stm32h723xx.o(.text)
    RTC_Alarm_IRQHandler                     0x0800038b   Thumb Code     0  startup_stm32h723xx.o(.text)
    RTC_WKUP_IRQHandler                      0x0800038b   Thumb Code     0  startup_stm32h723xx.o(.text)
    SAI1_IRQHandler                          0x0800038b   Thumb Code     0  startup_stm32h723xx.o(.text)
    SAI4_IRQHandler                          0x0800038b   Thumb Code     0  startup_stm32h723xx.o(.text)
    SDMMC1_IRQHandler                        0x0800038b   Thumb Code     0  startup_stm32h723xx.o(.text)
    SDMMC2_IRQHandler                        0x0800038b   Thumb Code     0  startup_stm32h723xx.o(.text)
    SPDIF_RX_IRQHandler                      0x0800038b   Thumb Code     0  startup_stm32h723xx.o(.text)
    SPI1_IRQHandler                          0x0800038b   Thumb Code     0  startup_stm32h723xx.o(.text)
    SPI2_IRQHandler                          0x0800038b   Thumb Code     0  startup_stm32h723xx.o(.text)
    SPI3_IRQHandler                          0x0800038b   Thumb Code     0  startup_stm32h723xx.o(.text)
    SPI4_IRQHandler                          0x0800038b   Thumb Code     0  startup_stm32h723xx.o(.text)
    SPI5_IRQHandler                          0x0800038b   Thumb Code     0  startup_stm32h723xx.o(.text)
    SPI6_IRQHandler                          0x0800038b   Thumb Code     0  startup_stm32h723xx.o(.text)
    SWPMI1_IRQHandler                        0x0800038b   Thumb Code     0  startup_stm32h723xx.o(.text)
    TAMP_STAMP_IRQHandler                    0x0800038b   Thumb Code     0  startup_stm32h723xx.o(.text)
    TIM15_IRQHandler                         0x0800038b   Thumb Code     0  startup_stm32h723xx.o(.text)
    TIM16_IRQHandler                         0x0800038b   Thumb Code     0  startup_stm32h723xx.o(.text)
    TIM17_IRQHandler                         0x0800038b   Thumb Code     0  startup_stm32h723xx.o(.text)
    TIM1_BRK_IRQHandler                      0x0800038b   Thumb Code     0  startup_stm32h723xx.o(.text)
    TIM1_CC_IRQHandler                       0x0800038b   Thumb Code     0  startup_stm32h723xx.o(.text)
    TIM1_TRG_COM_IRQHandler                  0x0800038b   Thumb Code     0  startup_stm32h723xx.o(.text)
    TIM1_UP_IRQHandler                       0x0800038b   Thumb Code     0  startup_stm32h723xx.o(.text)
    TIM23_IRQHandler                         0x0800038b   Thumb Code     0  startup_stm32h723xx.o(.text)
    TIM24_IRQHandler                         0x0800038b   Thumb Code     0  startup_stm32h723xx.o(.text)
    TIM2_IRQHandler                          0x0800038b   Thumb Code     0  startup_stm32h723xx.o(.text)
    TIM3_IRQHandler                          0x0800038b   Thumb Code     0  startup_stm32h723xx.o(.text)
    TIM4_IRQHandler                          0x0800038b   Thumb Code     0  startup_stm32h723xx.o(.text)
    TIM5_IRQHandler                          0x0800038b   Thumb Code     0  startup_stm32h723xx.o(.text)
    TIM6_DAC_IRQHandler                      0x0800038b   Thumb Code     0  startup_stm32h723xx.o(.text)
    TIM7_IRQHandler                          0x0800038b   Thumb Code     0  startup_stm32h723xx.o(.text)
    TIM8_BRK_TIM12_IRQHandler                0x0800038b   Thumb Code     0  startup_stm32h723xx.o(.text)
    TIM8_CC_IRQHandler                       0x0800038b   Thumb Code     0  startup_stm32h723xx.o(.text)
    TIM8_TRG_COM_TIM14_IRQHandler            0x0800038b   Thumb Code     0  startup_stm32h723xx.o(.text)
    TIM8_UP_TIM13_IRQHandler                 0x0800038b   Thumb Code     0  startup_stm32h723xx.o(.text)
    UART4_IRQHandler                         0x0800038b   Thumb Code     0  startup_stm32h723xx.o(.text)
    UART5_IRQHandler                         0x0800038b   Thumb Code     0  startup_stm32h723xx.o(.text)
    UART7_IRQHandler                         0x0800038b   Thumb Code     0  startup_stm32h723xx.o(.text)
    UART8_IRQHandler                         0x0800038b   Thumb Code     0  startup_stm32h723xx.o(.text)
    UART9_IRQHandler                         0x0800038b   Thumb Code     0  startup_stm32h723xx.o(.text)
    USART10_IRQHandler                       0x0800038b   Thumb Code     0  startup_stm32h723xx.o(.text)
    USART1_IRQHandler                        0x0800038b   Thumb Code     0  startup_stm32h723xx.o(.text)
    USART2_IRQHandler                        0x0800038b   Thumb Code     0  startup_stm32h723xx.o(.text)
    USART3_IRQHandler                        0x0800038b   Thumb Code     0  startup_stm32h723xx.o(.text)
    USART6_IRQHandler                        0x0800038b   Thumb Code     0  startup_stm32h723xx.o(.text)
    WAKEUP_PIN_IRQHandler                    0x0800038b   Thumb Code     0  startup_stm32h723xx.o(.text)
    WWDG_IRQHandler                          0x0800038b   Thumb Code     0  startup_stm32h723xx.o(.text)
    __user_initial_stackheap                 0x0800038d   Thumb Code     0  startup_stm32h723xx.o(.text)
    __aeabi_uldivmod                         0x080003b5   Thumb Code     0  lludivv7m.o(.text)
    _ll_udiv                                 0x080003b5   Thumb Code   240  lludivv7m.o(.text)
    __aeabi_memclr4                          0x080004a5   Thumb Code     0  rt_memclr_w.o(.text)
    __aeabi_memclr8                          0x080004a5   Thumb Code     0  rt_memclr_w.o(.text)
    __rt_memclr_w                            0x080004a5   Thumb Code     0  rt_memclr_w.o(.text)
    _memset_w                                0x080004a9   Thumb Code    74  rt_memclr_w.o(.text)
    __use_two_region_memory                  0x080004f3   Thumb Code     2  heapauxi.o(.text)
    __rt_heap_escrow$2region                 0x080004f5   Thumb Code     2  heapauxi.o(.text)
    __rt_heap_expand$2region                 0x080004f7   Thumb Code     2  heapauxi.o(.text)
    __read_errno                             0x080004f9   Thumb Code    10  _rserrno.o(.text)
    __set_errno                              0x08000503   Thumb Code    12  _rserrno.o(.text)
    __aeabi_errno_addr                       0x08000511   Thumb Code     8  rt_errno_addr_intlibspace.o(.text)
    __errno$intlibspace                      0x08000511   Thumb Code     0  rt_errno_addr_intlibspace.o(.text)
    __rt_errno_addr$intlibspace              0x08000511   Thumb Code     0  rt_errno_addr_intlibspace.o(.text)
    __user_libspace                          0x08000519   Thumb Code     8  libspace.o(.text)
    __user_perproc_libspace                  0x08000519   Thumb Code     0  libspace.o(.text)
    __user_perthread_libspace                0x08000519   Thumb Code     0  libspace.o(.text)
    __user_setup_stackheap                   0x08000521   Thumb Code    74  sys_stackheap_outer.o(.text)
    exit                                     0x0800056b   Thumb Code    18  exit.o(.text)
    _sys_exit                                0x0800057d   Thumb Code     8  sys_exit.o(.text)
    __I$use$semihosting                      0x08000589   Thumb Code     0  use_no_semi.o(.text)
    __use_no_semihosting_swi                 0x08000589   Thumb Code     2  use_no_semi.o(.text)
    __semihosting_library_function           0x0800058b   Thumb Code     0  indicate_semi.o(.text)
    ADC_ConfigureBoostMode                   0x08000591   Thumb Code   474  stm32h7xx_hal_adc.o(.text.ADC_ConfigureBoostMode)
    ADC_DMAConvCplt                          0x08000771   Thumb Code   210  stm32h7xx_hal_adc.o(.text.ADC_DMAConvCplt)
    ADC_DMAError                             0x08000849   Thumb Code    42  stm32h7xx_hal_adc.o(.text.ADC_DMAError)
    ADC_DMAHalfConvCplt                      0x08000879   Thumb Code    22  stm32h7xx_hal_adc.o(.text.ADC_DMAHalfConvCplt)
    ADC_Disable                              0x08000891   Thumb Code   196  stm32h7xx_hal_adc.o(.text.ADC_Disable)
    ADC_Enable                               0x08000959   Thumb Code   328  stm32h7xx_hal_adc.o(.text.ADC_Enable)
    BusFault_Handler                         0x08000aa1   Thumb Code     4  stm32h7xx_it.o(.text.BusFault_Handler)
    DMA1_Stream0_IRQHandler                  0x08000aa9   Thumb Code    16  stm32h7xx_it.o(.text.DMA1_Stream0_IRQHandler)
    DebugMon_Handler                         0x08001539   Thumb Code     2  stm32h7xx_it.o(.text.DebugMon_Handler)
    EXTI2_IRQHandler                         0x08001541   Thumb Code    10  stm32h7xx_it.o(.text.EXTI2_IRQHandler)
    Error_Handler                            0x08001551   Thumb Code    14  main.o(.text.Error_Handler)
    ExitRun0Mode                             0x08001561   Thumb Code    40  system_stm32h7xx.o(.text.ExitRun0Mode)
    HAL_ADCEx_Calibration_Start              0x08001589   Thumb Code   228  stm32h7xx_hal_adc_ex.o(.text.HAL_ADCEx_Calibration_Start)
    HAL_ADCEx_MultiModeConfigChannel         0x08001671   Thumb Code   658  stm32h7xx_hal_adc_ex.o(.text.HAL_ADCEx_MultiModeConfigChannel)
    HAL_ADC_ConfigChannel                    0x08001909   Thumb Code  3372  stm32h7xx_hal_adc.o(.text.HAL_ADC_ConfigChannel)
    HAL_ADC_ConvCpltCallback                 0x08002639   Thumb Code   992  usermain.o(.text.HAL_ADC_ConvCpltCallback)
    HAL_ADC_ConvHalfCpltCallback             0x08002a19   Thumb Code     8  stm32h7xx_hal_adc.o(.text.HAL_ADC_ConvHalfCpltCallback)
    HAL_ADC_ErrorCallback                    0x08002a21   Thumb Code     8  stm32h7xx_hal_adc.o(.text.HAL_ADC_ErrorCallback)
    HAL_ADC_Init                             0x08002a29   Thumb Code  1282  stm32h7xx_hal_adc.o(.text.HAL_ADC_Init)
    HAL_ADC_MspInit                          0x08002f31   Thumb Code   396  adc.o(.text.HAL_ADC_MspInit)
    HAL_ADC_Start_DMA                        0x080030c1   Thumb Code   522  stm32h7xx_hal_adc.o(.text.HAL_ADC_Start_DMA)
    HAL_DMA_IRQHandler                       0x080032d1   Thumb Code  4544  stm32h7xx_hal_dma.o(.text.HAL_DMA_IRQHandler)
    HAL_DMA_Init                             0x08004491   Thumb Code  2402  stm32h7xx_hal_dma.o(.text.HAL_DMA_Init)
    HAL_DMA_Start_IT                         0x08004df9   Thumb Code  1794  stm32h7xx_hal_dma.o(.text.HAL_DMA_Start_IT)
    HAL_GPIO_EXTI_Callback                   0x08005501   Thumb Code    50  usermain.o(.text.HAL_GPIO_EXTI_Callback)
    HAL_GPIO_EXTI_IRQHandler                 0x08005539   Thumb Code    52  stm32h7xx_hal_gpio.o(.text.HAL_GPIO_EXTI_IRQHandler)
    HAL_GPIO_Init                            0x08005571   Thumb Code   936  stm32h7xx_hal_gpio.o(.text.HAL_GPIO_Init)
    HAL_GPIO_WritePin                        0x08005919   Thumb Code    46  stm32h7xx_hal_gpio.o(.text.HAL_GPIO_WritePin)
    HAL_GetTick                              0x08005949   Thumb Code    12  stm32h7xx_hal.o(.text.HAL_GetTick)
    HAL_IncTick                              0x08005959   Thumb Code    26  stm32h7xx_hal.o(.text.HAL_IncTick)
    HAL_Init                                 0x08005979   Thumb Code   122  stm32h7xx_hal.o(.text.HAL_Init)
    HAL_InitTick                             0x080059f9   Thumb Code   134  stm32h7xx_hal.o(.text.HAL_InitTick)
    HAL_MPU_ConfigRegion                     0x08005a81   Thumb Code   128  stm32h7xx_hal_cortex.o(.text.HAL_MPU_ConfigRegion)
    HAL_MPU_Disable                          0x08005b01   Thumb Code    34  stm32h7xx_hal_cortex.o(.text.HAL_MPU_Disable)
    HAL_MPU_Enable                           0x08005b29   Thumb Code    48  stm32h7xx_hal_cortex.o(.text.HAL_MPU_Enable)
    HAL_MspInit                              0x08005b59   Thumb Code    36  stm32h7xx_hal_msp.o(.text.HAL_MspInit)
    HAL_NVIC_EnableIRQ                       0x08005b81   Thumb Code    20  stm32h7xx_hal_cortex.o(.text.HAL_NVIC_EnableIRQ)
    HAL_NVIC_SetPriority                     0x08005b99   Thumb Code    46  stm32h7xx_hal_cortex.o(.text.HAL_NVIC_SetPriority)
    HAL_NVIC_SetPriorityGrouping             0x08005bc9   Thumb Code    16  stm32h7xx_hal_cortex.o(.text.HAL_NVIC_SetPriorityGrouping)
    HAL_PWREx_ConfigSupply                   0x08005bd9   Thumb Code   162  stm32h7xx_hal_pwr_ex.o(.text.HAL_PWREx_ConfigSupply)
    HAL_RCCEx_GetD3PCLK1Freq                 0x08005c81   Thumb Code    38  stm32h7xx_hal_rcc_ex.o(.text.HAL_RCCEx_GetD3PCLK1Freq)
    HAL_RCCEx_GetPLL1ClockFreq               0x08005ca9   Thumb Code   684  stm32h7xx_hal_rcc_ex.o(.text.HAL_RCCEx_GetPLL1ClockFreq)
    HAL_RCCEx_GetPLL2ClockFreq               0x08005f59   Thumb Code   684  stm32h7xx_hal_rcc_ex.o(.text.HAL_RCCEx_GetPLL2ClockFreq)
    HAL_RCCEx_GetPLL3ClockFreq               0x08006209   Thumb Code   684  stm32h7xx_hal_rcc_ex.o(.text.HAL_RCCEx_GetPLL3ClockFreq)
    HAL_RCCEx_GetPeriphCLKFreq               0x080064b9   Thumb Code  2770  stm32h7xx_hal_rcc_ex.o(.text.HAL_RCCEx_GetPeriphCLKFreq)
    HAL_RCCEx_PeriphCLKConfig                0x08006f91   Thumb Code  4076  stm32h7xx_hal_rcc_ex.o(.text.HAL_RCCEx_PeriphCLKConfig)
    HAL_RCC_ClockConfig                      0x08007f81   Thumb Code  1176  stm32h7xx_hal_rcc.o(.text.HAL_RCC_ClockConfig)
    HAL_RCC_GetHCLKFreq                      0x08008419   Thumb Code    86  stm32h7xx_hal_rcc.o(.text.HAL_RCC_GetHCLKFreq)
    HAL_RCC_GetPCLK1Freq                     0x08008471   Thumb Code    38  stm32h7xx_hal_rcc.o(.text.HAL_RCC_GetPCLK1Freq)
    HAL_RCC_GetPCLK2Freq                     0x08008499   Thumb Code    38  stm32h7xx_hal_rcc.o(.text.HAL_RCC_GetPCLK2Freq)
    HAL_RCC_GetSysClockFreq                  0x080084c1   Thumb Code   784  stm32h7xx_hal_rcc.o(.text.HAL_RCC_GetSysClockFreq)
    HAL_RCC_OscConfig                        0x080087d1   Thumb Code  2592  stm32h7xx_hal_rcc.o(.text.HAL_RCC_OscConfig)
    HAL_SYSTICK_Config                       0x080091f1   Thumb Code    16  stm32h7xx_hal_cortex.o(.text.HAL_SYSTICK_Config)
    HAL_TIMEx_ConfigBreakDeadTime            0x08009201   Thumb Code   302  stm32h7xx_hal_tim_ex.o(.text.HAL_TIMEx_ConfigBreakDeadTime)
    HAL_TIMEx_MasterConfigSynchronization    0x08009331   Thumb Code   380  stm32h7xx_hal_tim_ex.o(.text.HAL_TIMEx_MasterConfigSynchronization)
    HAL_TIMEx_PWMN_Start                     0x080094b1   Thumb Code   452  stm32h7xx_hal_tim_ex.o(.text.HAL_TIMEx_PWMN_Start)
    HAL_TIM_Base_Init                        0x08009679   Thumb Code   168  stm32h7xx_hal_tim.o(.text.HAL_TIM_Base_Init)
    HAL_TIM_Base_MspInit                     0x08009721   Thumb Code   108  tim.o(.text.HAL_TIM_Base_MspInit)
    HAL_TIM_Base_Start                       0x08009791   Thumb Code   284  stm32h7xx_hal_tim.o(.text.HAL_TIM_Base_Start)
    HAL_TIM_ConfigClockSource                0x080098b1   Thumb Code   464  stm32h7xx_hal_tim.o(.text.HAL_TIM_ConfigClockSource)
    HAL_TIM_MspPostInit                      0x08009a81   Thumb Code   242  tim.o(.text.HAL_TIM_MspPostInit)
    HAL_TIM_PWM_ConfigChannel                0x08009b79   Thumb Code   432  stm32h7xx_hal_tim.o(.text.HAL_TIM_PWM_ConfigChannel)
    HAL_TIM_PWM_Init                         0x08009d29   Thumb Code   168  stm32h7xx_hal_tim.o(.text.HAL_TIM_PWM_Init)
    HAL_TIM_PWM_MspInit                      0x08009dd1   Thumb Code     8  stm32h7xx_hal_tim.o(.text.HAL_TIM_PWM_MspInit)
    HAL_TIM_PWM_Start                        0x08009dd9   Thumb Code   674  stm32h7xx_hal_tim.o(.text.HAL_TIM_PWM_Start)
    HAL_UARTEx_DisableFifoMode               0x0800a081   Thumb Code   124  stm32h7xx_hal_uart_ex.o(.text.HAL_UARTEx_DisableFifoMode)
    HAL_UARTEx_SetRxFifoThreshold            0x0800a101   Thumb Code   140  stm32h7xx_hal_uart_ex.o(.text.HAL_UARTEx_SetRxFifoThreshold)
    HAL_UARTEx_SetTxFifoThreshold            0x0800a191   Thumb Code   140  stm32h7xx_hal_uart_ex.o(.text.HAL_UARTEx_SetTxFifoThreshold)
    HAL_UART_Init                            0x0800a221   Thumb Code   170  stm32h7xx_hal_uart.o(.text.HAL_UART_Init)
    HAL_UART_MspInit                         0x0800a2d1   Thumb Code   168  usart.o(.text.HAL_UART_MspInit)
    HardFault_Handler                        0x0800a379   Thumb Code     4  stm32h7xx_it.o(.text.HardFault_Handler)
    MX_ADC1_Init                             0x0800a929   Thumb Code   304  adc.o(.text.MX_ADC1_Init)
    MX_DMA_Init                              0x0800aa59   Thumb Code    56  dma.o(.text.MX_DMA_Init)
    MX_GPIO_Init                             0x0800aa91   Thumb Code   378  gpio.o(.text.MX_GPIO_Init)
    MX_TIM1_Init                             0x0800ac11   Thumb Code   292  tim.o(.text.MX_TIM1_Init)
    MX_TIM8_Init                             0x0800ad39   Thumb Code   358  tim.o(.text.MX_TIM8_Init)
    MX_USART1_UART_Init                      0x0800aea1   Thumb Code   146  usart.o(.text.MX_USART1_UART_Init)
    MemManage_Handler                        0x0800af39   Thumb Code     4  stm32h7xx_it.o(.text.MemManage_Handler)
    NMI_Handler                              0x0800af41   Thumb Code     4  stm32h7xx_it.o(.text.NMI_Handler)
    PID_Calc                                 0x0800afb9   Thumb Code   234  my_math.o(.text.PID_Calc)
    PID_init                                 0x0800b0a9   Thumb Code    58  my_math.o(.text.PID_init)
    PendSV_Handler                           0x0800b0e9   Thumb Code     2  stm32h7xx_it.o(.text.PendSV_Handler)
    SOGI_Calc                                0x0800b491   Thumb Code   174  my_math.o(.text.SOGI_Calc)
    SOGI_Init                                0x0800b541   Thumb Code   286  my_math.o(.text.SOGI_Init)
    SVC_Handler                              0x0800b661   Thumb Code     2  stm32h7xx_it.o(.text.SVC_Handler)
    SysTick_Handler                          0x0800b6c1   Thumb Code     8  stm32h7xx_it.o(.text.SysTick_Handler)
    SystemClock_Config                       0x0800b6c9   Thumb Code   202  main.o(.text.SystemClock_Config)
    SystemInit                               0x0800b799   Thumb Code   358  system_stm32h7xx.o(.text.SystemInit)
    TIM_Base_SetConfig                       0x0800b901   Thumb Code   452  stm32h7xx_hal_tim.o(.text.TIM_Base_SetConfig)
    TIM_CCxChannelCmd                        0x0800bac9   Thumb Code    54  stm32h7xx_hal_tim.o(.text.TIM_CCxChannelCmd)
    TIM_ETR_SetConfig                        0x0800bb39   Thumb Code    52  stm32h7xx_hal_tim.o(.text.TIM_ETR_SetConfig)
    TIM_OC2_SetConfig                        0x0800bcf1   Thumb Code   364  stm32h7xx_hal_tim.o(.text.TIM_OC2_SetConfig)
    UART_AdvFeatureConfig                    0x0800c389   Thumb Code   328  stm32h7xx_hal_uart.o(.text.UART_AdvFeatureConfig)
    UART_CheckIdleState                      0x0800c4d1   Thumb Code   326  stm32h7xx_hal_uart.o(.text.UART_CheckIdleState)
    UART_SetConfig                           0x0800c6b9   Thumb Code  2638  stm32h7xx_hal_uart.o(.text.UART_SetConfig)
    UART_WaitOnFlagUntilTimeout              0x0800d109   Thumb Code   268  stm32h7xx_hal_uart.o(.text.UART_WaitOnFlagUntilTimeout)
    UsageFault_Handler                       0x0800d219   Thumb Code     4  stm32h7xx_it.o(.text.UsageFault_Handler)
    dq_2_abc                                 0x0800d2e9   Thumb Code   220  coordinate_transform.o(.text.dq_2_abc)
    e_svpwm                                  0x0800d3c9   Thumb Code   208  svpwm.o(.text.e_svpwm)
    get_max                                  0x0800d499   Thumb Code   126  my_math.o(.text.get_max)
    get_min                                  0x0800d519   Thumb Code   126  my_math.o(.text.get_min)
    main                                     0x0800d699   Thumb Code    52  main.o(.text.main)
    normalize                                0x0800d6d1   Thumb Code   144  my_math.o(.text.normalize)
    usermain                                 0x0800d761   Thumb Code   320  usermain.o(.text.usermain)
    __ARM_fpclassifyf                        0x0800d8a1   Thumb Code    38  fpclassifyf.o(i.__ARM_fpclassifyf)
    __hardfp_cosf                            0x0800d8c9   Thumb Code   280  cosf.o(i.__hardfp_cosf)
    __hardfp_sinf                            0x0800da19   Thumb Code   344  sinf.o(i.__hardfp_sinf)
    __hardfp_sqrtf                           0x0800dba9   Thumb Code    58  sqrtf.o(i.__hardfp_sqrtf)
    __mathlib_flt_infnan                     0x0800dbe3   Thumb Code     6  funder.o(i.__mathlib_flt_infnan)
    __mathlib_flt_invalid                    0x0800dbe9   Thumb Code    10  funder.o(i.__mathlib_flt_invalid)
    __mathlib_flt_underflow                  0x0800dbf9   Thumb Code    10  funder.o(i.__mathlib_flt_underflow)
    __mathlib_rredf2                         0x0800dc09   Thumb Code   316  rredf.o(i.__mathlib_rredf2)
    _fp_init                                 0x0800dd5d   Thumb Code    26  fpinit.o(x$fpl$fpinit)
    __fplib_config_fpu_vfp                   0x0800dd75   Thumb Code     0  fpinit.o(x$fpl$fpinit)
    __fplib_config_pureend_doubles           0x0800dd75   Thumb Code     0  fpinit.o(x$fpl$fpinit)
    __I$use$fp                               0x0800dd76   Number         0  usenofp.o(x$fpl$usenofp)
    D1CorePrescTable                         0x0800dd98   Data          16  system_stm32h7xx.o(.rodata.D1CorePrescTable)
    UARTPrescTable                           0x0800ddc0   Data          24  stm32h7xx_hal_uart.o(.rodata.UARTPrescTable)
    Region$$Table$$Base                      0x0800ddd8   Number         0  anon$$obj.o(Region$$Table)
    Region$$Table$$Limit                     0x0800de18   Number         0  anon$$obj.o(Region$$Table)
    SystemCoreClock                          0x20000000   Data           4  system_stm32h7xx.o(.data.SystemCoreClock)
    system_sample_time                       0x20000004   Data           4  usermain.o(.data.system_sample_time)
    u_dc                                     0x20000008   Data           4  usermain.o(.data.u_dc)
    uwTickPrio                               0x2000000c   Data           4  stm32h7xx_hal.o(.data.uwTickPrio)
    htim1                                    0x20000018   Data          76  tim.o(.bss.htim1)
    u_abc                                    0x20000064   Data          12  usermain.o(.bss.u_abc)
    u_dq                                     0x20000070   Data           8  usermain.o(.bss.u_dq)
    uo_theta                                 0x20000078   Data           4  usermain.o(.bss.uo_theta)
    us_pll                                   0x2000007c   Data          44  usermain.o(.bss.us_pll)
    system_adc_value                         0x24000000   Data           8  usermain.o(.ARM.__at_0x24000000)
    SystemD2Clock                            0x24000008   Data           4  system_stm32h7xx.o(.data.SystemD2Clock)
    uwTickFreq                               0x2400000c   Data           1  stm32h7xx_hal.o(.data.uwTickFreq)
    __libspace_start                         0x24000010   Data          96  libspace.o(.bss)
    __temporary_stack_top$libspace           0x24000070   Data           0  libspace.o(.bss)
    duty_abc                                 0x24000078   Data          12  usermain.o(.bss.duty_abc)
    hadc1                                    0x24000084   Data         112  adc.o(.bss.hadc1)
    hdma_adc1                                0x240000f4   Data         120  adc.o(.bss.hdma_adc1)
    htim8                                    0x2400016c   Data          76  tim.o(.bss.htim8)
    huart1                                   0x240001b8   Data         148  usart.o(.bss.huart1)
    system_flag                              0x2400024c   Data           1  usermain.o(.bss.system_flag)
    system_key1_flag                         0x2400024d   Data           1  usermain.o(.bss.system_key1_flag)
    system_sample_flag                       0x2400024e   Data           1  usermain.o(.bss.system_sample_flag)
    u_s                                      0x24000250   Data           4  usermain.o(.bss.u_s)
    us_sogi                                  0x24000254   Data          88  usermain.o(.bss.us_sogi)
    us_theta                                 0x240002ac   Data           4  usermain.o(.bss.us_theta)
    uwTick                                   0x240002b0   Data           4  stm32h7xx_hal.o(.bss.uwTick)



==============================================================================

Memory Map of the image

  Image Entry point : 0x080002cd

  Load Region LR_IROM1 (Base: 0x08000000, Size: 0x0000de38, Max: 0x00100000, ABSOLUTE)

    Execution Region ER_IROM1 (Exec base: 0x08000000, Load base: 0x08000000, Size: 0x0000de18, Max: 0x00100000, ABSOLUTE)

    Exec Addr    Load Addr    Size         Type   Attr      Idx    E Section Name        Object

    0x08000000   0x08000000   0x000002cc   Data   RO            3    RESET               startup_stm32h723xx.o
    0x080002cc   0x080002cc   0x00000008   Code   RO         1982  * !!!main             c_w.l(__main.o)
    0x080002d4   0x080002d4   0x00000034   Code   RO         2200    !!!scatter          c_w.l(__scatter.o)
    0x08000308   0x08000308   0x0000001a   Code   RO         2202    !!handler_copy      c_w.l(__scatter_copy.o)
    0x08000322   0x08000322   0x00000002   PAD
    0x08000324   0x08000324   0x0000001c   Code   RO         2204    !!handler_zi        c_w.l(__scatter_zi.o)
    0x08000340   0x08000340   0x00000002   Code   RO         2067    .ARM.Collect$$libinit$$00000000  c_w.l(libinit.o)
    0x08000342   0x08000342   0x00000004   Code   RO         2076    .ARM.Collect$$libinit$$00000001  c_w.l(libinit2.o)
    0x08000346   0x08000346   0x00000000   Code   RO         2079    .ARM.Collect$$libinit$$00000004  c_w.l(libinit2.o)
    0x08000346   0x08000346   0x00000000   Code   RO         2082    .ARM.Collect$$libinit$$0000000A  c_w.l(libinit2.o)
    0x08000346   0x08000346   0x00000000   Code   RO         2084    .ARM.Collect$$libinit$$0000000C  c_w.l(libinit2.o)
    0x08000346   0x08000346   0x00000000   Code   RO         2086    .ARM.Collect$$libinit$$0000000E  c_w.l(libinit2.o)
    0x08000346   0x08000346   0x00000000   Code   RO         2089    .ARM.Collect$$libinit$$00000011  c_w.l(libinit2.o)
    0x08000346   0x08000346   0x00000000   Code   RO         2091    .ARM.Collect$$libinit$$00000013  c_w.l(libinit2.o)
    0x08000346   0x08000346   0x00000000   Code   RO         2093    .ARM.Collect$$libinit$$00000015  c_w.l(libinit2.o)
    0x08000346   0x08000346   0x00000000   Code   RO         2095    .ARM.Collect$$libinit$$00000017  c_w.l(libinit2.o)
    0x08000346   0x08000346   0x00000000   Code   RO         2097    .ARM.Collect$$libinit$$00000019  c_w.l(libinit2.o)
    0x08000346   0x08000346   0x00000000   Code   RO         2099    .ARM.Collect$$libinit$$0000001B  c_w.l(libinit2.o)
    0x08000346   0x08000346   0x00000000   Code   RO         2101    .ARM.Collect$$libinit$$0000001D  c_w.l(libinit2.o)
    0x08000346   0x08000346   0x00000000   Code   RO         2103    .ARM.Collect$$libinit$$0000001F  c_w.l(libinit2.o)
    0x08000346   0x08000346   0x00000000   Code   RO         2105    .ARM.Collect$$libinit$$00000021  c_w.l(libinit2.o)
    0x08000346   0x08000346   0x00000000   Code   RO         2107    .ARM.Collect$$libinit$$00000023  c_w.l(libinit2.o)
    0x08000346   0x08000346   0x00000000   Code   RO         2109    .ARM.Collect$$libinit$$00000025  c_w.l(libinit2.o)
    0x08000346   0x08000346   0x00000000   Code   RO         2113    .ARM.Collect$$libinit$$0000002C  c_w.l(libinit2.o)
    0x08000346   0x08000346   0x00000000   Code   RO         2115    .ARM.Collect$$libinit$$0000002E  c_w.l(libinit2.o)
    0x08000346   0x08000346   0x00000000   Code   RO         2117    .ARM.Collect$$libinit$$00000030  c_w.l(libinit2.o)
    0x08000346   0x08000346   0x00000000   Code   RO         2119    .ARM.Collect$$libinit$$00000032  c_w.l(libinit2.o)
    0x08000346   0x08000346   0x00000002   Code   RO         2120    .ARM.Collect$$libinit$$00000033  c_w.l(libinit2.o)
    0x08000348   0x08000348   0x00000002   Code   RO         2155    .ARM.Collect$$libshutdown$$00000000  c_w.l(libshutdown.o)
    0x0800034a   0x0800034a   0x00000000   Code   RO         2183    .ARM.Collect$$libshutdown$$00000002  c_w.l(libshutdown2.o)
    0x0800034a   0x0800034a   0x00000000   Code   RO         2185    .ARM.Collect$$libshutdown$$00000004  c_w.l(libshutdown2.o)
    0x0800034a   0x0800034a   0x00000000   Code   RO         2188    .ARM.Collect$$libshutdown$$00000007  c_w.l(libshutdown2.o)
    0x0800034a   0x0800034a   0x00000000   Code   RO         2191    .ARM.Collect$$libshutdown$$0000000A  c_w.l(libshutdown2.o)
    0x0800034a   0x0800034a   0x00000000   Code   RO         2193    .ARM.Collect$$libshutdown$$0000000C  c_w.l(libshutdown2.o)
    0x0800034a   0x0800034a   0x00000000   Code   RO         2196    .ARM.Collect$$libshutdown$$0000000F  c_w.l(libshutdown2.o)
    0x0800034a   0x0800034a   0x00000002   Code   RO         2197    .ARM.Collect$$libshutdown$$00000010  c_w.l(libshutdown2.o)
    0x0800034c   0x0800034c   0x00000000   Code   RO         2002    .ARM.Collect$$rtentry$$00000000  c_w.l(__rtentry.o)
    0x0800034c   0x0800034c   0x00000000   Code   RO         2030    .ARM.Collect$$rtentry$$00000002  c_w.l(__rtentry2.o)
    0x0800034c   0x0800034c   0x00000006   Code   RO         2042    .ARM.Collect$$rtentry$$00000004  c_w.l(__rtentry4.o)
    0x08000352   0x08000352   0x00000000   Code   RO         2032    .ARM.Collect$$rtentry$$00000009  c_w.l(__rtentry2.o)
    0x08000352   0x08000352   0x00000004   Code   RO         2033    .ARM.Collect$$rtentry$$0000000A  c_w.l(__rtentry2.o)
    0x08000356   0x08000356   0x00000000   Code   RO         2035    .ARM.Collect$$rtentry$$0000000C  c_w.l(__rtentry2.o)
    0x08000356   0x08000356   0x00000008   Code   RO         2036    .ARM.Collect$$rtentry$$0000000D  c_w.l(__rtentry2.o)
    0x0800035e   0x0800035e   0x00000002   Code   RO         2068    .ARM.Collect$$rtexit$$00000000  c_w.l(rtexit.o)
    0x08000360   0x08000360   0x00000000   Code   RO         2126    .ARM.Collect$$rtexit$$00000002  c_w.l(rtexit2.o)
    0x08000360   0x08000360   0x00000004   Code   RO         2127    .ARM.Collect$$rtexit$$00000003  c_w.l(rtexit2.o)
    0x08000364   0x08000364   0x00000006   Code   RO         2128    .ARM.Collect$$rtexit$$00000004  c_w.l(rtexit2.o)
    0x0800036a   0x0800036a   0x00000002   PAD
    0x0800036c   0x0800036c   0x00000048   Code   RO            4    .text               startup_stm32h723xx.o
    0x080003b4   0x080003b4   0x000000f0   Code   RO         1976    .text               c_w.l(lludivv7m.o)
    0x080004a4   0x080004a4   0x0000004e   Code   RO         1978    .text               c_w.l(rt_memclr_w.o)
    0x080004f2   0x080004f2   0x00000006   Code   RO         1980    .text               c_w.l(heapauxi.o)
    0x080004f8   0x080004f8   0x00000016   Code   RO         2007    .text               c_w.l(_rserrno.o)
    0x0800050e   0x0800050e   0x00000002   PAD
    0x08000510   0x08000510   0x00000008   Code   RO         2049    .text               c_w.l(rt_errno_addr_intlibspace.o)
    0x08000518   0x08000518   0x00000008   Code   RO         2051    .text               c_w.l(libspace.o)
    0x08000520   0x08000520   0x0000004a   Code   RO         2054    .text               c_w.l(sys_stackheap_outer.o)
    0x0800056a   0x0800056a   0x00000012   Code   RO         2056    .text               c_w.l(exit.o)
    0x0800057c   0x0800057c   0x0000000c   Code   RO         2121    .text               c_w.l(sys_exit.o)
    0x08000588   0x08000588   0x00000002   Code   RO         2144    .text               c_w.l(use_no_semi.o)
    0x0800058a   0x0800058a   0x00000000   Code   RO         2146    .text               c_w.l(indicate_semi.o)
    0x0800058a   0x0800058a   0x00000006   PAD
    0x08000590   0x08000590   0x000001da   Code   RO          148    .text.ADC_ConfigureBoostMode  stm32h7xx_hal_adc.o
    0x0800076a   0x0800076a   0x00000006   PAD
    0x08000770   0x08000770   0x000000d2   Code   RO          182    .text.ADC_DMAConvCplt  stm32h7xx_hal_adc.o
    0x08000842   0x08000842   0x00000006   PAD
    0x08000848   0x08000848   0x0000002a   Code   RO          186    .text.ADC_DMAError  stm32h7xx_hal_adc.o
    0x08000872   0x08000872   0x00000006   PAD
    0x08000878   0x08000878   0x00000016   Code   RO          184    .text.ADC_DMAHalfConvCplt  stm32h7xx_hal_adc.o
    0x0800088e   0x0800088e   0x00000002   PAD
    0x08000890   0x08000890   0x000000c4   Code   RO          154    .text.ADC_Disable   stm32h7xx_hal_adc.o
    0x08000954   0x08000954   0x00000004   PAD
    0x08000958   0x08000958   0x00000148   Code   RO          162    .text.ADC_Enable    stm32h7xx_hal_adc.o
    0x08000aa0   0x08000aa0   0x00000004   Code   RO           97    .text.BusFault_Handler  stm32h7xx_it.o
    0x08000aa4   0x08000aa4   0x00000004   PAD
    0x08000aa8   0x08000aa8   0x00000010   Code   RO          111    .text.DMA1_Stream0_IRQHandler  stm32h7xx_it.o
    0x08000ab8   0x08000ab8   0x000001ca   Code   RO          667    .text.DMA_CalcBaseAndBitshift  stm32h7xx_hal_dma.o
    0x08000c82   0x08000c82   0x00000006   PAD
    0x08000c88   0x08000c88   0x00000178   Code   RO          669    .text.DMA_CalcDMAMUXChannelBaseAndMask  stm32h7xx_hal_dma.o
    0x08000e00   0x08000e00   0x0000012a   Code   RO          671    .text.DMA_CalcDMAMUXRequestGenBaseAndMask  stm32h7xx_hal_dma.o
    0x08000f2a   0x08000f2a   0x00000006   PAD
    0x08000f30   0x08000f30   0x000000f0   Code   RO          665    .text.DMA_CheckFifoParam  stm32h7xx_hal_dma.o
    0x08001020   0x08001020   0x00000514   Code   RO          677    .text.DMA_SetConfig  stm32h7xx_hal_dma.o
    0x08001534   0x08001534   0x00000004   PAD
    0x08001538   0x08001538   0x00000002   Code   RO          103    .text.DebugMon_Handler  stm32h7xx_it.o
    0x0800153a   0x0800153a   0x00000006   PAD
    0x08001540   0x08001540   0x0000000a   Code   RO          109    .text.EXTI2_IRQHandler  stm32h7xx_it.o
    0x0800154a   0x0800154a   0x00000006   PAD
    0x08001550   0x08001550   0x0000000e   Code   RO           17    .text.Error_Handler  main.o
    0x0800155e   0x0800155e   0x00000002   PAD
    0x08001560   0x08001560   0x00000028   Code   RO         1860    .text.ExitRun0Mode  system_stm32h7xx.o
    0x08001588   0x08001588   0x000000e4   Code   RO          283    .text.HAL_ADCEx_Calibration_Start  stm32h7xx_hal_adc_ex.o
    0x0800166c   0x0800166c   0x00000004   PAD
    0x08001670   0x08001670   0x00000292   Code   RO          387    .text.HAL_ADCEx_MultiModeConfigChannel  stm32h7xx_hal_adc_ex.o
    0x08001902   0x08001902   0x00000006   PAD
    0x08001908   0x08001908   0x00000d2c   Code   RO          210    .text.HAL_ADC_ConfigChannel  stm32h7xx_hal_adc.o
    0x08002634   0x08002634   0x00000004   PAD
    0x08002638   0x08002638   0x000003e0   Code   RO         1876    .text.HAL_ADC_ConvCpltCallback  usermain.o
    0x08002a18   0x08002a18   0x00000008   Code   RO          208    .text.HAL_ADC_ConvHalfCpltCallback  stm32h7xx_hal_adc.o
    0x08002a20   0x08002a20   0x00000008   Code   RO          206    .text.HAL_ADC_ErrorCallback  stm32h7xx_hal_adc.o
    0x08002a28   0x08002a28   0x00000502   Code   RO          128    .text.HAL_ADC_Init  stm32h7xx_hal_adc.o
    0x08002f2a   0x08002f2a   0x00000006   PAD
    0x08002f30   0x08002f30   0x0000018c   Code   RO           37    .text.HAL_ADC_MspInit  adc.o
    0x080030bc   0x080030bc   0x00000004   PAD
    0x080030c0   0x080030c0   0x0000020a   Code   RO          180    .text.HAL_ADC_Start_DMA  stm32h7xx_hal_adc.o
    0x080032ca   0x080032ca   0x00000006   PAD
    0x080032d0   0x080032d0   0x000011c0   Code   RO          687    .text.HAL_DMA_IRQHandler  stm32h7xx_hal_dma.o
    0x08004490   0x08004490   0x00000962   Code   RO          663    .text.HAL_DMA_Init  stm32h7xx_hal_dma.o
    0x08004df2   0x08004df2   0x00000006   PAD
    0x08004df8   0x08004df8   0x00000702   Code   RO          679    .text.HAL_DMA_Start_IT  stm32h7xx_hal_dma.o
    0x080054fa   0x080054fa   0x00000006   PAD
    0x08005500   0x08005500   0x00000032   Code   RO         1880    .text.HAL_GPIO_EXTI_Callback  usermain.o
    0x08005532   0x08005532   0x00000006   PAD
    0x08005538   0x08005538   0x00000034   Code   RO          623    .text.HAL_GPIO_EXTI_IRQHandler  stm32h7xx_hal_gpio.o
    0x0800556c   0x0800556c   0x00000004   PAD
    0x08005570   0x08005570   0x000003a8   Code   RO          611    .text.HAL_GPIO_Init  stm32h7xx_hal_gpio.o
    0x08005918   0x08005918   0x0000002e   Code   RO          617    .text.HAL_GPIO_WritePin  stm32h7xx_hal_gpio.o
    0x08005946   0x08005946   0x00000002   PAD
    0x08005948   0x08005948   0x0000000c   Code   RO          992    .text.HAL_GetTick   stm32h7xx_hal.o
    0x08005954   0x08005954   0x00000004   PAD
    0x08005958   0x08005958   0x0000001a   Code   RO          990    .text.HAL_IncTick   stm32h7xx_hal.o
    0x08005972   0x08005972   0x00000006   PAD
    0x08005978   0x08005978   0x0000007a   Code   RO          980    .text.HAL_Init      stm32h7xx_hal.o
    0x080059f2   0x080059f2   0x00000006   PAD
    0x080059f8   0x080059f8   0x00000086   Code   RO          982    .text.HAL_InitTick  stm32h7xx_hal.o
    0x08005a7e   0x08005a7e   0x00000002   PAD
    0x08005a80   0x08005a80   0x00000080   Code   RO          939    .text.HAL_MPU_ConfigRegion  stm32h7xx_hal_cortex.o
    0x08005b00   0x08005b00   0x00000022   Code   RO          931    .text.HAL_MPU_Disable  stm32h7xx_hal_cortex.o
    0x08005b22   0x08005b22   0x00000006   PAD
    0x08005b28   0x08005b28   0x00000030   Code   RO          933    .text.HAL_MPU_Enable  stm32h7xx_hal_cortex.o
    0x08005b58   0x08005b58   0x00000024   Code   RO          120    .text.HAL_MspInit   stm32h7xx_hal_msp.o
    0x08005b7c   0x08005b7c   0x00000004   PAD
    0x08005b80   0x08005b80   0x00000014   Code   RO          915    .text.HAL_NVIC_EnableIRQ  stm32h7xx_hal_cortex.o
    0x08005b94   0x08005b94   0x00000004   PAD
    0x08005b98   0x08005b98   0x0000002e   Code   RO          907    .text.HAL_NVIC_SetPriority  stm32h7xx_hal_cortex.o
    0x08005bc6   0x08005bc6   0x00000002   PAD
    0x08005bc8   0x08005bc8   0x00000010   Code   RO          903    .text.HAL_NVIC_SetPriorityGrouping  stm32h7xx_hal_cortex.o
    0x08005bd8   0x08005bd8   0x000000a2   Code   RO          820    .text.HAL_PWREx_ConfigSupply  stm32h7xx_hal_pwr_ex.o
    0x08005c7a   0x08005c7a   0x00000006   PAD
    0x08005c80   0x08005c80   0x00000026   Code   RO          461    .text.HAL_RCCEx_GetD3PCLK1Freq  stm32h7xx_hal_rcc_ex.o
    0x08005ca6   0x08005ca6   0x00000002   PAD
    0x08005ca8   0x08005ca8   0x000002ac   Code   RO          455    .text.HAL_RCCEx_GetPLL1ClockFreq  stm32h7xx_hal_rcc_ex.o
    0x08005f54   0x08005f54   0x00000004   PAD
    0x08005f58   0x08005f58   0x000002ac   Code   RO          457    .text.HAL_RCCEx_GetPLL2ClockFreq  stm32h7xx_hal_rcc_ex.o
    0x08006204   0x08006204   0x00000004   PAD
    0x08006208   0x08006208   0x000002ac   Code   RO          459    .text.HAL_RCCEx_GetPLL3ClockFreq  stm32h7xx_hal_rcc_ex.o
    0x080064b4   0x080064b4   0x00000004   PAD
    0x080064b8   0x080064b8   0x00000ad2   Code   RO          453    .text.HAL_RCCEx_GetPeriphCLKFreq  stm32h7xx_hal_rcc_ex.o
    0x08006f8a   0x08006f8a   0x00000006   PAD
    0x08006f90   0x08006f90   0x00000fec   Code   RO          445    .text.HAL_RCCEx_PeriphCLKConfig  stm32h7xx_hal_rcc_ex.o
    0x08007f7c   0x08007f7c   0x00000004   PAD
    0x08007f80   0x08007f80   0x00000498   Code   RO          414    .text.HAL_RCC_ClockConfig  stm32h7xx_hal_rcc.o
    0x08008418   0x08008418   0x00000056   Code   RO          424    .text.HAL_RCC_GetHCLKFreq  stm32h7xx_hal_rcc.o
    0x0800846e   0x0800846e   0x00000002   PAD
    0x08008470   0x08008470   0x00000026   Code   RO          426    .text.HAL_RCC_GetPCLK1Freq  stm32h7xx_hal_rcc.o
    0x08008496   0x08008496   0x00000002   PAD
    0x08008498   0x08008498   0x00000026   Code   RO          428    .text.HAL_RCC_GetPCLK2Freq  stm32h7xx_hal_rcc.o
    0x080084be   0x080084be   0x00000002   PAD
    0x080084c0   0x080084c0   0x00000310   Code   RO          416    .text.HAL_RCC_GetSysClockFreq  stm32h7xx_hal_rcc.o
    0x080087d0   0x080087d0   0x00000a20   Code   RO          412    .text.HAL_RCC_OscConfig  stm32h7xx_hal_rcc.o
    0x080091f0   0x080091f0   0x00000010   Code   RO          927    .text.HAL_SYSTICK_Config  stm32h7xx_hal_cortex.o
    0x08009200   0x08009200   0x0000012e   Code   RO         1630    .text.HAL_TIMEx_ConfigBreakDeadTime  stm32h7xx_hal_tim_ex.o
    0x0800932e   0x0800932e   0x00000002   PAD
    0x08009330   0x08009330   0x0000017c   Code   RO         1628    .text.HAL_TIMEx_MasterConfigSynchronization  stm32h7xx_hal_tim_ex.o
    0x080094ac   0x080094ac   0x00000004   PAD
    0x080094b0   0x080094b0   0x000001c4   Code   RO         1598    .text.HAL_TIMEx_PWMN_Start  stm32h7xx_hal_tim_ex.o
    0x08009674   0x08009674   0x00000004   PAD
    0x08009678   0x08009678   0x000000a8   Code   RO         1311    .text.HAL_TIM_Base_Init  stm32h7xx_hal_tim.o
    0x08009720   0x08009720   0x0000006c   Code   RO           64    .text.HAL_TIM_Base_MspInit  tim.o
    0x0800978c   0x0800978c   0x00000004   PAD
    0x08009790   0x08009790   0x0000011c   Code   RO         1321    .text.HAL_TIM_Base_Start  stm32h7xx_hal_tim.o
    0x080098ac   0x080098ac   0x00000004   PAD
    0x080098b0   0x080098b0   0x000001d0   Code   RO         1507    .text.HAL_TIM_ConfigClockSource  stm32h7xx_hal_tim.o
    0x08009a80   0x08009a80   0x000000f2   Code   RO           62    .text.HAL_TIM_MspPostInit  tim.o
    0x08009b72   0x08009b72   0x00000006   PAD
    0x08009b78   0x08009b78   0x000001b0   Code   RO         1481    .text.HAL_TIM_PWM_ConfigChannel  stm32h7xx_hal_tim.o
    0x08009d28   0x08009d28   0x000000a8   Code   RO         1365    .text.HAL_TIM_PWM_Init  stm32h7xx_hal_tim.o
    0x08009dd0   0x08009dd0   0x00000008   Code   RO         1367    .text.HAL_TIM_PWM_MspInit  stm32h7xx_hal_tim.o
    0x08009dd8   0x08009dd8   0x000002a2   Code   RO         1373    .text.HAL_TIM_PWM_Start  stm32h7xx_hal_tim.o
    0x0800a07a   0x0800a07a   0x00000006   PAD
    0x0800a080   0x0800a080   0x0000007c   Code   RO         1833    .text.HAL_UARTEx_DisableFifoMode  stm32h7xx_hal_uart_ex.o
    0x0800a0fc   0x0800a0fc   0x00000004   PAD
    0x0800a100   0x0800a100   0x0000008c   Code   RO         1837    .text.HAL_UARTEx_SetRxFifoThreshold  stm32h7xx_hal_uart_ex.o
    0x0800a18c   0x0800a18c   0x00000004   PAD
    0x0800a190   0x0800a190   0x0000008c   Code   RO         1835    .text.HAL_UARTEx_SetTxFifoThreshold  stm32h7xx_hal_uart_ex.o
    0x0800a21c   0x0800a21c   0x00000004   PAD
    0x0800a220   0x0800a220   0x000000aa   Code   RO         1663    .text.HAL_UART_Init  stm32h7xx_hal_uart.o
    0x0800a2ca   0x0800a2ca   0x00000006   PAD
    0x0800a2d0   0x0800a2d0   0x000000a8   Code   RO           79    .text.HAL_UART_MspInit  usart.o
    0x0800a378   0x0800a378   0x00000004   Code   RO           93    .text.HardFault_Handler  stm32h7xx_it.o
    0x0800a37c   0x0800a37c   0x00000004   PAD
    0x0800a380   0x0800a380   0x0000001c   Code   RO          274    .text.LL_ADC_Disable  stm32h7xx_hal_adc.o
    0x0800a39c   0x0800a39c   0x00000004   PAD
    0x0800a3a0   0x0800a3a0   0x00000018   Code   RO          134    .text.LL_ADC_DisableDeepPowerDown  stm32h7xx_hal_adc.o
    0x0800a3b8   0x0800a3b8   0x0000001c   Code   RO          272    .text.LL_ADC_Enable  stm32h7xx_hal_adc.o
    0x0800a3d4   0x0800a3d4   0x00000004   PAD
    0x0800a3d8   0x0800a3d8   0x00000012   Code   RO          190    .text.LL_ADC_EnableDMAReq  stm32h7xx_hal_adc.o
    0x0800a3ea   0x0800a3ea   0x00000006   PAD
    0x0800a3f0   0x0800a3f0   0x0000001e   Code   RO          138    .text.LL_ADC_EnableInternalRegulator  stm32h7xx_hal_adc.o
    0x0800a40e   0x0800a40e   0x00000002   PAD
    0x0800a410   0x0800a410   0x00000010   Code   RO          234    .text.LL_ADC_GetCommonPathInternalCh  stm32h7xx_hal_adc.o
    0x0800a420   0x0800a420   0x00000010   Code   RO          160    .text.LL_ADC_GetMultimode  stm32h7xx_hal_adc.o
    0x0800a430   0x0800a430   0x0000001e   Code   RO          226    .text.LL_ADC_GetOffsetChannel  stm32h7xx_hal_adc.o
    0x0800a44e   0x0800a44e   0x00000002   PAD
    0x0800a450   0x0800a450   0x00000010   Code   RO          146    .text.LL_ADC_INJ_IsConversionOngoing  stm32h7xx_hal_adc.o
    0x0800a460   0x0800a460   0x0000000e   Code   RO          287    .text.LL_ADC_IsCalibrationOnGoing  stm32h7xx_hal_adc_ex.o
    0x0800a46e   0x0800a46e   0x00000002   PAD
    0x0800a470   0x0800a470   0x00000010   Code   RO          132    .text.LL_ADC_IsDeepPowerDownEnabled  stm32h7xx_hal_adc.o
    0x0800a480   0x0800a480   0x00000010   Code   RO          266    .text.LL_ADC_IsDisableOngoing  stm32h7xx_hal_adc.o
    0x0800a490   0x0800a490   0x00000010   Code   RO          142    .text.LL_ADC_IsEnabled  stm32h7xx_hal_adc.o
    0x0800a4a0   0x0800a4a0   0x00000010   Code   RO          295    .text.LL_ADC_IsEnabled  stm32h7xx_hal_adc_ex.o
    0x0800a4b0   0x0800a4b0   0x00000010   Code   RO          136    .text.LL_ADC_IsInternalRegulatorEnabled  stm32h7xx_hal_adc.o
    0x0800a4c0   0x0800a4c0   0x00000010   Code   RO          140    .text.LL_ADC_REG_IsConversionOngoing  stm32h7xx_hal_adc.o
    0x0800a4d0   0x0800a4d0   0x00000010   Code   RO          297    .text.LL_ADC_REG_IsConversionOngoing  stm32h7xx_hal_adc_ex.o
    0x0800a4e0   0x0800a4e0   0x00000016   Code   RO          172    .text.LL_ADC_REG_IsTriggerSourceSWStart  stm32h7xx_hal_adc.o
    0x0800a4f6   0x0800a4f6   0x00000002   PAD
    0x0800a4f8   0x0800a4f8   0x0000002c   Code   RO          188    .text.LL_ADC_REG_SetDMATransferMode  stm32h7xx_hal_adc.o
    0x0800a524   0x0800a524   0x00000004   PAD
    0x0800a528   0x0800a528   0x0000001a   Code   RO          192    .text.LL_ADC_REG_SetDataTransferMode  stm32h7xx_hal_adc.o
    0x0800a542   0x0800a542   0x00000006   PAD
    0x0800a548   0x0800a548   0x0000003a   Code   RO          212    .text.LL_ADC_REG_SetSequencerRanks  stm32h7xx_hal_adc.o
    0x0800a582   0x0800a582   0x00000006   PAD
    0x0800a588   0x0800a588   0x0000001c   Code   RO          164    .text.LL_ADC_REG_StartConversion  stm32h7xx_hal_adc.o
    0x0800a5a4   0x0800a5a4   0x00000004   PAD
    0x0800a5a8   0x0800a5a8   0x0000006c   Code   RO          232    .text.LL_ADC_SetChannelPreselection  stm32h7xx_hal_adc.o
    0x0800a614   0x0800a614   0x00000004   PAD
    0x0800a618   0x0800a618   0x00000036   Code   RO          214    .text.LL_ADC_SetChannelSamplingTime  stm32h7xx_hal_adc.o
    0x0800a64e   0x0800a64e   0x00000002   PAD
    0x0800a650   0x0800a650   0x00000070   Code   RO          230    .text.LL_ADC_SetChannelSingleDiff  stm32h7xx_hal_adc.o
    0x0800a6c0   0x0800a6c0   0x0000001a   Code   RO          144    .text.LL_ADC_SetCommonClock  stm32h7xx_hal_adc.o
    0x0800a6da   0x0800a6da   0x00000006   PAD
    0x0800a6e0   0x0800a6e0   0x0000001a   Code   RO          236    .text.LL_ADC_SetCommonPathInternalCh  stm32h7xx_hal_adc.o
    0x0800a6fa   0x0800a6fa   0x00000006   PAD
    0x0800a700   0x0800a700   0x00000024   Code   RO          224    .text.LL_ADC_SetDataRightShift  stm32h7xx_hal_adc.o
    0x0800a724   0x0800a724   0x00000004   PAD
    0x0800a728   0x0800a728   0x0000005c   Code   RO          216    .text.LL_ADC_SetOffset  stm32h7xx_hal_adc.o
    0x0800a784   0x0800a784   0x00000004   PAD
    0x0800a788   0x0800a788   0x0000003a   Code   RO          220    .text.LL_ADC_SetOffsetSaturation  stm32h7xx_hal_adc.o
    0x0800a7c2   0x0800a7c2   0x00000006   PAD
    0x0800a7c8   0x0800a7c8   0x0000003a   Code   RO          218    .text.LL_ADC_SetOffsetSign  stm32h7xx_hal_adc.o
    0x0800a802   0x0800a802   0x00000006   PAD
    0x0800a808   0x0800a808   0x0000003c   Code   RO          222    .text.LL_ADC_SetOffsetSignedSaturation  stm32h7xx_hal_adc.o
    0x0800a844   0x0800a844   0x00000004   PAD
    0x0800a848   0x0800a848   0x0000004c   Code   RO          228    .text.LL_ADC_SetOffsetState  stm32h7xx_hal_adc.o
    0x0800a894   0x0800a894   0x00000004   PAD
    0x0800a898   0x0800a898   0x00000032   Code   RO          285    .text.LL_ADC_StartCalibration  stm32h7xx_hal_adc_ex.o
    0x0800a8ca   0x0800a8ca   0x00000006   PAD
    0x0800a8d0   0x0800a8d0   0x00000056   Code   RO           13    .text.MPU_Config    main.o
    0x0800a926   0x0800a926   0x00000002   PAD
    0x0800a928   0x0800a928   0x00000130   Code   RO           35    .text.MX_ADC1_Init  adc.o
    0x0800aa58   0x0800aa58   0x00000038   Code   RO           50    .text.MX_DMA_Init   dma.o
    0x0800aa90   0x0800aa90   0x0000017a   Code   RO           27    .text.MX_GPIO_Init  gpio.o
    0x0800ac0a   0x0800ac0a   0x00000006   PAD
    0x0800ac10   0x0800ac10   0x00000124   Code   RO           58    .text.MX_TIM1_Init  tim.o
    0x0800ad34   0x0800ad34   0x00000004   PAD
    0x0800ad38   0x0800ad38   0x00000166   Code   RO           60    .text.MX_TIM8_Init  tim.o
    0x0800ae9e   0x0800ae9e   0x00000002   PAD
    0x0800aea0   0x0800aea0   0x00000092   Code   RO           77    .text.MX_USART1_UART_Init  usart.o
    0x0800af32   0x0800af32   0x00000006   PAD
    0x0800af38   0x0800af38   0x00000004   Code   RO           95    .text.MemManage_Handler  stm32h7xx_it.o
    0x0800af3c   0x0800af3c   0x00000004   PAD
    0x0800af40   0x0800af40   0x00000004   Code   RO           91    .text.NMI_Handler   stm32h7xx_it.o
    0x0800af44   0x0800af44   0x00000004   PAD
    0x0800af48   0x0800af48   0x0000006c   Code   RO          913    .text.NVIC_EncodePriority  stm32h7xx_hal_cortex.o
    0x0800afb4   0x0800afb4   0x00000004   PAD
    0x0800afb8   0x0800afb8   0x000000ea   Code   RO         1926    .text.PID_Calc      my_math.o
    0x0800b0a2   0x0800b0a2   0x00000006   PAD
    0x0800b0a8   0x0800b0a8   0x0000003a   Code   RO         1924    .text.PID_init      my_math.o
    0x0800b0e2   0x0800b0e2   0x00000006   PAD
    0x0800b0e8   0x0800b0e8   0x00000002   Code   RO          105    .text.PendSV_Handler  stm32h7xx_it.o
    0x0800b0ea   0x0800b0ea   0x00000006   PAD
    0x0800b0f0   0x0800b0f0   0x000001ca   Code   RO          447    .text.RCCEx_PLL2_Config  stm32h7xx_hal_rcc_ex.o
    0x0800b2ba   0x0800b2ba   0x00000006   PAD
    0x0800b2c0   0x0800b2c0   0x000001ca   Code   RO          449    .text.RCCEx_PLL3_Config  stm32h7xx_hal_rcc_ex.o
    0x0800b48a   0x0800b48a   0x00000006   PAD
    0x0800b490   0x0800b490   0x000000ae   Code   RO         1934    .text.SOGI_Calc     my_math.o
    0x0800b53e   0x0800b53e   0x00000002   PAD
    0x0800b540   0x0800b540   0x0000011e   Code   RO         1932    .text.SOGI_Init     my_math.o
    0x0800b65e   0x0800b65e   0x00000002   PAD
    0x0800b660   0x0800b660   0x00000002   Code   RO          101    .text.SVC_Handler   stm32h7xx_it.o
    0x0800b662   0x0800b662   0x00000006   PAD
    0x0800b668   0x0800b668   0x00000052   Code   RO          929    .text.SysTick_Config  stm32h7xx_hal_cortex.o
    0x0800b6ba   0x0800b6ba   0x00000006   PAD
    0x0800b6c0   0x0800b6c0   0x00000008   Code   RO          107    .text.SysTick_Handler  stm32h7xx_it.o
    0x0800b6c8   0x0800b6c8   0x000000ca   Code   RO           15    .text.SystemClock_Config  main.o
    0x0800b792   0x0800b792   0x00000006   PAD
    0x0800b798   0x0800b798   0x00000166   Code   RO         1856    .text.SystemInit    system_stm32h7xx.o
    0x0800b8fe   0x0800b8fe   0x00000002   PAD
    0x0800b900   0x0800b900   0x000001c4   Code   RO         1315    .text.TIM_Base_SetConfig  stm32h7xx_hal_tim.o
    0x0800bac4   0x0800bac4   0x00000004   PAD
    0x0800bac8   0x0800bac8   0x00000036   Code   RO         1349    .text.TIM_CCxChannelCmd  stm32h7xx_hal_tim.o
    0x0800bafe   0x0800bafe   0x00000002   PAD
    0x0800bb00   0x0800bb00   0x00000036   Code   RO         1582    .text.TIM_CCxNChannelCmd  stm32h7xx_hal_tim_ex.o
    0x0800bb36   0x0800bb36   0x00000002   PAD
    0x0800bb38   0x0800bb38   0x00000034   Code   RO         1505    .text.TIM_ETR_SetConfig  stm32h7xx_hal_tim.o
    0x0800bb6c   0x0800bb6c   0x00000004   PAD
    0x0800bb70   0x0800bb70   0x00000030   Code   RO         1511    .text.TIM_ITRx_SetConfig  stm32h7xx_hal_tim.o
    0x0800bba0   0x0800bba0   0x00000150   Code   RO         1459    .text.TIM_OC1_SetConfig  stm32h7xx_hal_tim.o
    0x0800bcf0   0x0800bcf0   0x0000016c   Code   RO         1461    .text.TIM_OC2_SetConfig  stm32h7xx_hal_tim.o
    0x0800be5c   0x0800be5c   0x00000004   PAD
    0x0800be60   0x0800be60   0x0000016a   Code   RO         1463    .text.TIM_OC3_SetConfig  stm32h7xx_hal_tim.o
    0x0800bfca   0x0800bfca   0x00000006   PAD
    0x0800bfd0   0x0800bfd0   0x000000da   Code   RO         1465    .text.TIM_OC4_SetConfig  stm32h7xx_hal_tim.o
    0x0800c0aa   0x0800c0aa   0x00000006   PAD
    0x0800c0b0   0x0800c0b0   0x000000d0   Code   RO         1467    .text.TIM_OC5_SetConfig  stm32h7xx_hal_tim.o
    0x0800c180   0x0800c180   0x000000d2   Code   RO         1469    .text.TIM_OC6_SetConfig  stm32h7xx_hal_tim.o
    0x0800c252   0x0800c252   0x00000006   PAD
    0x0800c258   0x0800c258   0x00000050   Code   RO         1509    .text.TIM_TI1_ConfigInputStage  stm32h7xx_hal_tim.o
    0x0800c2a8   0x0800c2a8   0x00000052   Code   RO         1513    .text.TIM_TI2_ConfigInputStage  stm32h7xx_hal_tim.o
    0x0800c2fa   0x0800c2fa   0x00000006   PAD
    0x0800c300   0x0800c300   0x00000086   Code   RO         1831    .text.UARTEx_SetNbDataToProcess  stm32h7xx_hal_uart_ex.o
    0x0800c386   0x0800c386   0x00000002   PAD
    0x0800c388   0x0800c388   0x00000148   Code   RO         1667    .text.UART_AdvFeatureConfig  stm32h7xx_hal_uart.o
    0x0800c4d0   0x0800c4d0   0x00000146   Code   RO         1671    .text.UART_CheckIdleState  stm32h7xx_hal_uart.o
    0x0800c616   0x0800c616   0x00000002   PAD
    0x0800c618   0x0800c618   0x0000009e   Code   RO         1723    .text.UART_EndRxTransfer  stm32h7xx_hal_uart.o
    0x0800c6b6   0x0800c6b6   0x00000002   PAD
    0x0800c6b8   0x0800c6b8   0x00000a4e   Code   RO         1669    .text.UART_SetConfig  stm32h7xx_hal_uart.o
    0x0800d106   0x0800d106   0x00000002   PAD
    0x0800d108   0x0800d108   0x0000010c   Code   RO         1685    .text.UART_WaitOnFlagUntilTimeout  stm32h7xx_hal_uart.o
    0x0800d214   0x0800d214   0x00000004   PAD
    0x0800d218   0x0800d218   0x00000004   Code   RO           99    .text.UsageFault_Handler  stm32h7xx_it.o
    0x0800d21c   0x0800d21c   0x00000004   PAD
    0x0800d220   0x0800d220   0x00000030   Code   RO          917    .text.__NVIC_EnableIRQ  stm32h7xx_hal_cortex.o
    0x0800d250   0x0800d250   0x00000010   Code   RO          909    .text.__NVIC_GetPriorityGrouping  stm32h7xx_hal_cortex.o
    0x0800d260   0x0800d260   0x00000042   Code   RO          911    .text.__NVIC_SetPriority  stm32h7xx_hal_cortex.o
    0x0800d2a2   0x0800d2a2   0x00000006   PAD
    0x0800d2a8   0x0800d2a8   0x0000003c   Code   RO          905    .text.__NVIC_SetPriorityGrouping  stm32h7xx_hal_cortex.o
    0x0800d2e4   0x0800d2e4   0x00000004   PAD
    0x0800d2e8   0x0800d2e8   0x000000dc   Code   RO         1956    .text.dq_2_abc      coordinate_transform.o
    0x0800d3c4   0x0800d3c4   0x00000004   PAD
    0x0800d3c8   0x0800d3c8   0x000000d0   Code   RO         1967    .text.e_svpwm       svpwm.o
    0x0800d498   0x0800d498   0x0000007e   Code   RO         1912    .text.get_max       my_math.o
    0x0800d516   0x0800d516   0x00000002   PAD
    0x0800d518   0x0800d518   0x0000007e   Code   RO         1914    .text.get_min       my_math.o
    0x0800d596   0x0800d596   0x00000002   PAD
    0x0800d598   0x0800d598   0x00000100   Code   RO         1882    .text.init          usermain.o
    0x0800d698   0x0800d698   0x00000034   Code   RO           11    .text.main          main.o
    0x0800d6cc   0x0800d6cc   0x00000004   PAD
    0x0800d6d0   0x0800d6d0   0x00000090   Code   RO         1910    .text.normalize     my_math.o
    0x0800d760   0x0800d760   0x00000140   Code   RO         1874    .text.usermain      usermain.o
    0x0800d8a0   0x0800d8a0   0x00000026   Code   RO         2010    i.__ARM_fpclassifyf  m_wv.l(fpclassifyf.o)
    0x0800d8c6   0x0800d8c6   0x00000002   PAD
    0x0800d8c8   0x0800d8c8   0x00000150   Code   RO         1984    i.__hardfp_cosf     m_wv.l(cosf.o)
    0x0800da18   0x0800da18   0x00000190   Code   RO         1990    i.__hardfp_sinf     m_wv.l(sinf.o)
    0x0800dba8   0x0800dba8   0x0000003a   Code   RO         1996    i.__hardfp_sqrtf    m_wv.l(sqrtf.o)
    0x0800dbe2   0x0800dbe2   0x00000006   Code   RO         2013    i.__mathlib_flt_infnan  m_wv.l(funder.o)
    0x0800dbe8   0x0800dbe8   0x00000010   Code   RO         2015    i.__mathlib_flt_invalid  m_wv.l(funder.o)
    0x0800dbf8   0x0800dbf8   0x00000010   Code   RO         2018    i.__mathlib_flt_underflow  m_wv.l(funder.o)
    0x0800dc08   0x0800dc08   0x00000154   Code   RO         2026    i.__mathlib_rredf2  m_wv.l(rredf.o)
    0x0800dd5c   0x0800dd5c   0x0000001a   Code   RO         2138    x$fpl$fpinit        fz_wv.l(fpinit.o)
    0x0800dd76   0x0800dd76   0x00000000   Code   RO         2009    x$fpl$usenofp       fz_wv.l(usenofp.o)
    0x0800dd76   0x0800dd76   0x00000002   PAD
    0x0800dd78   0x0800dd78   0x00000020   Data   RO         2027    .constdata          m_wv.l(rredf.o)
    0x0800dd98   0x0800dd98   0x00000010   Data   RO         1864    .rodata.D1CorePrescTable  system_stm32h7xx.o
    0x0800dda8   0x0800dda8   0x00000008   Data   RO          697    .rodata.DMA_CalcBaseAndBitshift.flagBitshiftOffset  stm32h7xx_hal_dma.o
    0x0800ddb0   0x0800ddb0   0x00000008   Data   RO         1848    .rodata.UARTEx_SetNbDataToProcess.denominator  stm32h7xx_hal_uart_ex.o
    0x0800ddb8   0x0800ddb8   0x00000008   Data   RO         1847    .rodata.UARTEx_SetNbDataToProcess.numerator  stm32h7xx_hal_uart_ex.o
    0x0800ddc0   0x0800ddc0   0x00000018   Data   RO         1803    .rodata.UARTPrescTable  stm32h7xx_hal_uart.o
    0x0800ddd8   0x0800ddd8   0x00000040   Data   RO         2199    Region$$Table       anon$$obj.o


    Execution Region RW_IRAM1 (Exec base: 0x20000000, Load base: 0x0800de18, Size: 0x000004a8, Max: 0x00020000, ABSOLUTE)

    Exec Addr    Load Addr    Size         Type   Attr      Idx    E Section Name        Object

    0x20000000   0x0800de18   0x00000004   Data   RW         1862    .data.SystemCoreClock  system_stm32h7xx.o
    0x20000004   0x0800de1c   0x00000004   Data   RW         1885    .data.system_sample_time  usermain.o
    0x20000008   0x0800de20   0x00000004   Data   RW         1889    .data.u_dc          usermain.o
    0x2000000c   0x0800de24   0x00000004   Data   RW         1088    .data.uwTickPrio    stm32h7xx_hal.o
    0x20000010        -       0x00000004   Zero   RW         1894    .bss.HAL_ADC_ConvCpltCallback.adc_us_offset  usermain.o
    0x20000014        -       0x00000004   Zero   RW         1892    .bss.HAL_ADC_ConvCpltCallback.adc_us_offset_sum  usermain.o
    0x20000018        -       0x0000004c   Zero   RW           68    .bss.htim1          tim.o
    0x20000064        -       0x0000000c   Zero   RW         1901    .bss.u_abc          usermain.o
    0x20000070        -       0x00000008   Zero   RW         1900    .bss.u_dq           usermain.o
    0x20000078        -       0x00000004   Zero   RW         1899    .bss.uo_theta       usermain.o
    0x2000007c        -       0x0000002c   Zero   RW         1898    .bss.us_pll         usermain.o
    0x200000a8        -       0x00000400   Zero   RW            1    STACK               startup_stm32h723xx.o


    Execution Region RW_IRAM2 (Exec base: 0x24000000, Load base: 0x0800de28, Size: 0x000004b8, Max: 0x00020000, ABSOLUTE)

    Exec Addr    Load Addr    Size         Type   Attr      Idx    E Section Name        Object

    0x24000000   0x0800de28   0x00000008   Data   RW         1895    .ARM.__at_0x24000000  usermain.o
    0x24000008   0x0800de30   0x00000004   Data   RW         1863    .data.SystemD2Clock  system_stm32h7xx.o
    0x2400000c   0x0800de34   0x00000001   Data   RW         1089    .data.uwTickFreq    stm32h7xx_hal.o
    0x2400000d   0x0800de35   0x00000003   PAD
    0x24000010        -       0x00000060   Zero   RW         2052    .bss                c_w.l(libspace.o)
    0x24000070        -       0x00000004   Zero   RW         1891    .bss.HAL_ADC_ConvCpltCallback.adc_cnt  usermain.o
    0x24000074        -       0x00000004   Zero   RW         1893    .bss.HAL_ADC_ConvCpltCallback.adc_us  usermain.o
    0x24000078        -       0x0000000c   Zero   RW         1902    .bss.duty_abc       usermain.o
    0x24000084        -       0x00000070   Zero   RW           41    .bss.hadc1          adc.o
    0x240000f4        -       0x00000078   Zero   RW           42    .bss.hdma_adc1      adc.o
    0x2400016c        -       0x0000004c   Zero   RW           69    .bss.htim8          tim.o
    0x240001b8        -       0x00000094   Zero   RW           83    .bss.huart1         usart.o
    0x2400024c        -       0x00000001   Zero   RW         1887    .bss.system_flag    usermain.o
    0x2400024d        -       0x00000001   Zero   RW         1890    .bss.system_key1_flag  usermain.o
    0x2400024e        -       0x00000001   Zero   RW         1884    .bss.system_sample_flag  usermain.o
    0x2400024f   0x0800de35   0x00000001   PAD
    0x24000250        -       0x00000004   Zero   RW         1896    .bss.u_s            usermain.o
    0x24000254        -       0x00000058   Zero   RW         1897    .bss.us_sogi        usermain.o
    0x240002ac        -       0x00000004   Zero   RW         1888    .bss.us_theta       usermain.o
    0x240002b0        -       0x00000004   Zero   RW         1090    .bss.uwTick         stm32h7xx_hal.o
    0x240002b4   0x0800de35   0x00000004   PAD
    0x240002b8        -       0x00000200   Zero   RW            2    HEAP                startup_stm32h723xx.o


==============================================================================

Image component sizes


      Code (inc. data)   RO Data    RW Data    ZI Data      Debug   Object Name

       700          0          0          0        232       9257   adc.o
       220          4          0          0          0       2042   coordinate_transform.o
        56          0          0          0          0       5260   dma.o
       378          0          0          0          0       6075   gpio.o
       354          0          0          0          0       2863   main.o
      1148         16          0          0          0       5685   my_math.o
        72         30        716          0       1536        892   startup_stm32h723xx.o
       294          0          0          5          4      14634   stm32h7xx_hal.o
      7634          0          0          0          0      24966   stm32h7xx_hal_adc.o
       982          0          0          0          0      23544   stm32h7xx_hal_adc_ex.o
       688          0          0          0          0      11503   stm32h7xx_hal_cortex.o
     11412          8          8          0          0      12483   stm32h7xx_hal_dma.o
      1034          0          0          0          0       7042   stm32h7xx_hal_gpio.o
        36          0          0          0          0       2267   stm32h7xx_hal_msp.o
       162          0          0          0          0       9335   stm32h7xx_hal_pwr_ex.o
      4714         66          0          0          0      11431   stm32h7xx_hal_rcc.o
      9852        118          0          0          0      18720   stm32h7xx_hal_rcc_ex.o
      4664         22          0          0          0      37418   stm32h7xx_hal_tim.o
      1188          0          0          0          0      18082   stm32h7xx_hal_tim_ex.o
      3888        342         24          0          0      29342   stm32h7xx_hal_uart.o
       538          0         16          0          0       8889   stm32h7xx_hal_uart_ex.o
        60          0          0          0          0       1385   stm32h7xx_it.o
       208          0          0          0          0       1069   svpwm.o
       398          0         16          8          0       5605   system_stm32h7xx.o
      1000          0          0          0        152       8525   tim.o
       314          0          0          0        148       8018   usart.o
      1618         56          0         16        195       9455   usermain.o

    ----------------------------------------------------------------------
     54104        678        844         32       2272     295787   Object Totals
         0          0         64          0          0          0   (incl. Generated)
       492         16          0          3          5          0   (incl. Padding)

    ----------------------------------------------------------------------

      Code (inc. data)   RO Data    RW Data    ZI Data      Debug   Library Member Name

         8          0          0          0          0         68   __main.o
         0          0          0          0          0          0   __rtentry.o
        12          0          0          0          0          0   __rtentry2.o
         6          0          0          0          0          0   __rtentry4.o
        52          8          0          0          0          0   __scatter.o
        26          0          0          0          0          0   __scatter_copy.o
        28          0          0          0          0          0   __scatter_zi.o
        22          0          0          0          0        100   _rserrno.o
        18          0          0          0          0         80   exit.o
         6          0          0          0          0        152   heapauxi.o
         0          0          0          0          0          0   indicate_semi.o
         2          0          0          0          0          0   libinit.o
         6          0          0          0          0          0   libinit2.o
         2          0          0          0          0          0   libshutdown.o
         2          0          0          0          0          0   libshutdown2.o
         8          4          0          0         96         68   libspace.o
       240          0          0          0          0        100   lludivv7m.o
         8          4          0          0          0         68   rt_errno_addr_intlibspace.o
        78          0          0          0          0         80   rt_memclr_w.o
         2          0          0          0          0          0   rtexit.o
        10          0          0          0          0          0   rtexit2.o
        12          4          0          0          0         68   sys_exit.o
        74          0          0          0          0         80   sys_stackheap_outer.o
         2          0          0          0          0         68   use_no_semi.o
        26          0          0          0          0        116   fpinit.o
         0          0          0          0          0          0   usenofp.o
       336         56          0          0          0        136   cosf.o
        38          0          0          0          0        116   fpclassifyf.o
        38         12          0          0          0        348   funder.o
       340         24         32          0          0        160   rredf.o
       400         56          0          0          0        212   sinf.o
        58          0          0          0          0        136   sqrtf.o

    ----------------------------------------------------------------------
      1876        168         32          0         96       2156   Library Totals
        16          0          0          0          0          0   (incl. Padding)

    ----------------------------------------------------------------------

      Code (inc. data)   RO Data    RW Data    ZI Data      Debug   Library Name

       624         20          0          0         96        932   c_w.l
        26          0          0          0          0        116   fz_wv.l
      1210        148         32          0          0       1108   m_wv.l

    ----------------------------------------------------------------------
      1876        168         32          0         96       2156   Library Totals

    ----------------------------------------------------------------------

==============================================================================


      Code (inc. data)   RO Data    RW Data    ZI Data      Debug   

     55980        846        876         32       2368     296379   Grand Totals
     55980        846        876         32       2368     296379   ELF Image Totals
     55980        846        876         32          0          0   ROM Totals

==============================================================================

    Total RO  Size (Code + RO Data)                56856 (  55.52kB)
    Total RW  Size (RW Data + ZI Data)              2400 (   2.34kB)
    Total ROM Size (Code + RO Data + RW Data)      56888 (  55.55kB)

==============================================================================

